--------- beginning of crash
12-25 21:17:22.706   602  2281 E AndroidRuntime: FATAL EXCEPTION: UseCaseThreadPoolScheduler
12-25 21:17:22.706   602  2281 E AndroidRuntime: Process: com.huawei.hwid.core, PID: 602
12-25 21:17:22.706   602  2281 E AndroidRuntime: java.util.ConcurrentModificationException
12-25 21:17:22.706   602  2281 E AndroidRuntime: 	at java.util.ArrayList$Itr.next(ArrayList.java:860)
12-25 21:17:22.706   602  2281 E AndroidRuntime: 	at com.huawei.hms.account.base.bean.UserAccountInfo.b(UserAccountInfo.java:461)
12-25 21:17:22.706   602  2281 E AndroidRuntime: 	at com.huawei.hms.account.base.bean.UserAccountInfo.c(UserAccountInfo.java:477)
12-25 21:17:22.706   602  2281 E AndroidRuntime: 	at com.huawei.hwid.cloudsettings.innerservices.a.p.a(GetUserInfoAIDLTask.java:166)
12-25 21:17:22.706   602  2281 E AndroidRuntime: 	at com.huawei.hwid.cloudsettings.innerservices.a.p.a(GetUserInfoAIDLTask.java:48)
12-25 21:17:22.706   602  2281 E AndroidRuntime: 	at com.huawei.hwid.cloudsettings.innerservices.a.p$1.onSuccess(GetUserInfoAIDLTask.java:92)
12-25 21:17:22.706   602  2281 E AndroidRuntime: 	at com.huawei.hms.account.base.usecase.e$1.run(UseCaseThreadPoolScheduler.java:79)
12-25 21:17:22.706   602  2281 E AndroidRuntime: 	at android.os.Handler.handleCallback(Handler.java:900)
12-25 21:17:22.706   602  2281 E AndroidRuntime: 	at android.os.Handler.dispatchMessage(Handler.java:103)
12-25 21:17:22.706   602  2281 E AndroidRuntime: 	at android.os.Looper.loop(Looper.java:219)
12-25 21:17:22.706   602  2281 E AndroidRuntime: 	at android.os.HandlerThread.run(HandlerThread.java:67)
12-26 09:36:54.499 29376 29376 F DEBUG   : *** *** *** *** *** *** *** *** *** *** *** *** *** *** *** ***
12-26 09:36:54.500 29376 29376 F DEBUG   : Build fingerprint: 'HUAWEI/YAL-L21HRU/HWYAL:10/HUAWEIYAL-L61/10.1.0.252C10:user/release-keys'
12-26 09:36:54.500 29376 29376 F DEBUG   : Revision: '0'
12-26 09:36:54.500 29376 29376 F DEBUG   : ABI: 'arm64'
12-26 09:36:54.501 29376 29376 F DEBUG   : Timestamp: 2021-12-26 09:36:54+0300
12-26 09:36:54.501 29376 29376 F DEBUG   : pid: 20348, tid: 21400, name: AWCN Worker(M)2  >>> ru.aliexpress.buyer <<<
12-26 09:36:54.501 29376 29376 F DEBUG   : uid: 10256
12-26 09:36:54.501 29376 29376 F DEBUG   : signal 35 (<debuggerd signal>), code -1 (SI_QUEUE), fault addr --------
12-26 09:36:54.501 29376 29376 F DEBUG   : Abort message: 'attempted to close file descriptor 98, expected to be unowned, actually owned by DIR* 0x7d7cadb000'
12-26 09:36:54.501 29376 29376 F DEBUG   :     x0  0000000000000000  x1  0000000000005398  x2  0000000000000023  x3  0000007e0a9d0fa0
12-26 09:36:54.501 29376 29376 F DEBUG   :     x4  3062646163376437  x5  3062646163376437  x6  3062646163376437  x7  3030306264616337
12-26 09:36:54.502 29376 29376 F DEBUG   :     x8  00000000000000f0  x9  65db55c67a3009ad  x10 0000000000000000  x11 0000007e9f770a13
12-26 09:36:54.502 29376 29376 F DEBUG   :     x12 0000007e9f7709b9  x13 0000007e0a9d0b6a  x14 0000000000000000  x15 0000000000000030
12-26 09:36:54.502 29376 29376 F DEBUG   :     x16 0000007e9f8309f8  x17 0000007e9f810700  x18 0000007cebfcc000  x19 0000000000004f7c
12-26 09:36:54.502 29376 29376 F DEBUG   :     x20 0000000000005398  x21 0000007e0a9d3020  x22 0000007ea1e07974  x23 0000000000000001
12-26 09:36:54.502 29376 29376 F DEBUG   :     x24 0000007e0a9d0d90  x25 0000007e0a9d0d10  x26 0000007e0a9d0cd0  x27 0000000000000001
12-26 09:36:54.502 29376 29376 F DEBUG   :     x28 0000007e0a9d3020  x29 0000007e0a9d1080
12-26 09:36:54.502 29376 29376 F DEBUG   :     sp  0000007e0a9d0c50  lr  0000007e9f7c8c24  pc  0000007e9f7c8c44
12-26 09:36:55.877 29376 29376 F DEBUG   : 
12-26 09:36:55.877 29376 29376 F DEBUG   : backtrace:
12-26 09:36:55.877 29376 29376 F DEBUG   :       #00 pc 0000000000073c44  /apex/com.android.runtime/lib64/bionic/libc.so (fdsan_error(char const*, ...)+388) (BuildId: 0f53a45090c371e49b6824269190f1fa)
12-26 09:36:55.877 29376 29376 F DEBUG   :       #01 pc 0000000000073a5c  /apex/com.android.runtime/lib64/bionic/libc.so (android_fdsan_close_with_tag+728) (BuildId: 0f53a45090c371e49b6824269190f1fa)
12-26 09:36:55.877 29376 29376 F DEBUG   :       #02 pc 00000000000741c8  /apex/com.android.runtime/lib64/bionic/libc.so (close+16) (BuildId: 0f53a45090c371e49b6824269190f1fa)
12-26 09:36:55.877 29376 29376 F DEBUG   :       #03 pc 000000000000243c  /system/lib64/libnetd_client.so ((anonymous namespace)::netdClientConnect(int, sockaddr const*, unsigned int)+180) (BuildId: 0603e39d036955bc4c4b4b486ebe4eca)
12-26 09:36:55.877 29376 29376 F DEBUG   :       #04 pc 000000000002d898  /apex/com.android.runtime/lib64/libjavacore.so (Linux_connect(_JNIEnv*, _jobject*, _jobject*, _jobject*, int)+144) (BuildId: 1dda929c384af7b0b27a41ef40681720)
12-26 09:36:55.877 29376 29376 F DEBUG   :       #05 pc 000000000006d32c  /system/framework/arm64/boot-core-libart.oat (art_jni_trampoline+188) (BuildId: c56606a6f027dd9652465c751e842567744aa8ab)
12-26 09:36:55.878 29376 29376 F DEBUG   :       #06 pc 00000000001c9e74  /system/framework/arm64/boot-core-libart.oat (libcore.io.BlockGuardOs.connect+372) (BuildId: c56606a6f027dd9652465c751e842567744aa8ab)
12-26 09:36:55.878 29376 29376 F DEBUG   :       #07 pc 0000000000195b60  /system/framework/arm64/boot-core-libart.oat (libcore.io.ForwardingOs.connect+80) (BuildId: c56606a6f027dd9652465c751e842567744aa8ab)
12-26 09:36:55.878 29376 29376 F DEBUG   :       #08 pc 000000000012a9b0  /system/framework/arm64/boot-core-libart.oat (libcore.io.IoBridge.connectErrno+336) (BuildId: c56606a6f027dd9652465c751e842567744aa8ab)
12-26 09:36:55.878 29376 29376 F DEBUG   :       #09 pc 000000000012a67c  /system/framework/arm64/boot-core-libart.oat (libcore.io.IoBridge.connect+76) (BuildId: c56606a6f027dd9652465c751e842567744aa8ab)
12-26 09:36:55.878 29376 29376 F DEBUG   :       #10 pc 00000000003a3a78  /system/framework/arm64/boot.oat (java.net.PlainSocketImpl.socketConnect+88) (BuildId: 98726add5977aa1e5df02f40f7b71a9584dc0b72)
12-26 09:36:55.878 29376 29376 F DEBUG   :       #11 pc 0000000000302a44  /system/framework/arm64/boot.oat (java.net.AbstractPlainSocketImpl.doConnect+324) (BuildId: 98726add5977aa1e5df02f40f7b71a9584dc0b72)
12-26 09:36:55.878 29376 29376 F DEBUG   :       #12 pc 0000000000302448  /system/framework/arm64/boot.oat (java.net.AbstractPlainSocketImpl.connect+264) (BuildId: 98726add5977aa1e5df02f40f7b71a9584dc0b72)
12-26 09:36:55.878 29376 29376 F DEBUG   :       #13 pc 0000000000402b58  /system/framework/arm64/boot.oat (java.net.SocksSocketImpl.connect+312) (BuildId: 98726add5977aa1e5df02f40f7b71a9584dc0b72)
12-26 09:36:55.878 29376 29376 F DEBUG   :       #14 pc 000000000030baa8  /system/framework/arm64/boot.oat (java.net.Socket.connect+664) (BuildId: 98726add5977aa1e5df02f40f7b71a9584dc0b72)
12-26 09:36:55.878 29376 29376 F DEBUG   :       #15 pc 000000000002d520  /system/framework/arm64/boot-okhttp.oat (com.android.okhttp.internal.Platform.connectSocket+64) (BuildId: 3980a12459b24206775f03f65a33473a89864d4c)
12-26 09:36:55.878 29376 29376 F DEBUG   :       #16 pc 0000000000052058  /system/framework/arm64/boot-okhttp.oat (com.android.okhttp.internal.io.RealConnection.connectSocket+248) (BuildId: 3980a12459b24206775f03f65a33473a89864d4c)
12-26 09:36:55.878 29376 29376 F DEBUG   :       #17 pc 0000000000053964  /system/framework/arm64/boot-okhttp.oat (com.android.okhttp.internal.io.RealConnection.connect+868) (BuildId: 3980a12459b24206775f03f65a33473a89864d4c)
12-26 09:36:55.879 29376 29376 F DEBUG   :       #18 pc 000000000003daa0  /system/framework/arm64/boot-okhttp.oat (com.android.okhttp.internal.http.StreamAllocation.findConnection+976) (BuildId: 3980a12459b24206775f03f65a33473a89864d4c)
12-26 09:36:55.879 29376 29376 F DEBUG   :       #19 pc 000000000003dce0  /system/framework/arm64/boot-okhttp.oat (com.android.okhttp.internal.http.StreamAllocation.findHealthyConnection+80) (BuildId: 3980a12459b24206775f03f65a33473a89864d4c)
12-26 09:36:55.879 29376 29376 F DEBUG   :       #20 pc 000000000003e494  /system/framework/arm64/boot-okhttp.oat (com.android.okhttp.internal.http.StreamAllocation.newStream+100) (BuildId: 3980a12459b24206775f03f65a33473a89864d4c)
12-26 09:36:55.879 29376 29376 F DEBUG   :       #21 pc 000000000003588c  /system/framework/arm64/boot-okhttp.oat (com.android.okhttp.internal.http.HttpEngine.connect+316) (BuildId: 3980a12459b24206775f03f65a33473a89864d4c)
12-26 09:36:55.879 29376 29376 F DEBUG   :       #22 pc 00000000000395fc  /system/framework/arm64/boot-okhttp.oat (com.android.okhttp.internal.http.HttpEngine.sendRequest+796) (BuildId: 3980a12459b24206775f03f65a33473a89864d4c)
12-26 09:36:55.879 29376 29376 F DEBUG   :       #23 pc 000000000003f8b4  /system/framework/arm64/boot-okhttp.oat (com.android.okhttp.internal.huc.HttpURLConnectionImpl.execute+260) (BuildId: 3980a12459b24206775f03f65a33473a89864d4c)
12-26 09:36:55.879 29376 29376 F DEBUG   :       #24 pc 0000000000041520  /system/framework/arm64/boot-okhttp.oat (com.android.okhttp.internal.huc.HttpURLConnectionImpl.connect+64) (BuildId: 3980a12459b24206775f03f65a33473a89864d4c)
12-26 09:36:55.879 29376 29376 F DEBUG   :       #25 pc 0000000000050664  /system/framework/arm64/boot-okhttp.oat (com.android.okhttp.internal.huc.HttpsURLConnectionImpl.connect+68) (BuildId: 3980a12459b24206775f03f65a33473a89864d4c)
12-26 09:36:55.879 29376 29376 F DEBUG   :       #26 pc 0000000000670ab8  /data/app/ru.aliexpress.buyer-Bs0QXpf8IdL58C7ziYCXQA==/oat/arm64/base.odex (com.google.firebase.perf.network.InstrURLConnectionBase.b+200)
12-26 09:36:55.879 29376 29376 F DEBUG   :       #27 pc 000000000066dd1c  /data/app/ru.aliexpress.buyer-Bs0QXpf8IdL58C7ziYCXQA==/oat/arm64/base.odex (com.google.firebase.perf.network.InstrHttpsURLConnection.connect+60)
12-26 09:36:55.879 29376 29376 F DEBUG   :       #28 pc 0000000000145334  /apex/com.android.runtime/lib64/libart.so (art_quick_invoke_stub+548) (BuildId: 1a0029abc6bafe71a123b0b3c1a098a0)
12-26 09:36:55.879 29376 29376 F DEBUG   :       #29 pc 00000000001541a4  /apex/com.android.runtime/lib64/libart.so (art::ArtMethod::Invoke(art::Thread*, unsigned int*, unsigned int, art::JValue*, char const*)+252) (BuildId: 1a0029abc6bafe71a123b0b3c1a098a0)
12-26 09:36:55.879 29376 29376 F DEBUG   :       #30 pc 00000000002efe68  /apex/com.android.runtime/lib64/libart.so (art::interpreter::ArtInterpreterToCompiledCodeBridge(art::Thread*, art::ArtMethod*, art::ShadowFrame*, unsigned short, art::JValue*)+384) (BuildId: 1a0029abc6bafe71a123b0b3c1a098a0)
12-26 09:36:55.880 29376 29376 F DEBUG   :       #31 pc 00000000002eb138  /apex/com.android.runtime/lib64/libart.so (bool art::interpreter::DoCall<false, false>(art::ArtMethod*, art::Thread*, art::ShadowFrame&, art::Instruction const*, unsigned short, art::JValue*)+912) (BuildId: 1a0029abc6bafe71a123b0b3c1a098a0)
12-26 09:36:55.880 29376 29376 F DEBUG   :       #32 pc 00000000005c7530  /apex/com.android.runtime/lib64/libart.so (MterpInvokeVirtualQuick+596) (BuildId: 1a0029abc6bafe71a123b0b3c1a098a0)
12-26 09:36:55.880 29376 29376 F DEBUG   :       #33 pc 0000000000143594  /apex/com.android.runtime/lib64/libart.so (mterp_op_invoke_virtual_quick+20) (BuildId: 1a0029abc6bafe71a123b0b3c1a098a0)
12-26 09:36:55.880 29376 29376 F DEBUG   :       #34 pc 00000000002e4408  /data/app/ru.aliexpress.buyer-Bs0QXpf8IdL58C7ziYCXQA==/oat/arm64/base.vdex (anet.channel.session.HttpConnector.c+340)
12-26 09:36:55.880 29376 29376 F DEBUG   :       #35 pc 00000000005c41c4  /apex/com.android.runtime/lib64/libart.so (MterpInvokeStatic+1136) (BuildId: 1a0029abc6bafe71a123b0b3c1a098a0)
12-26 09:36:55.880 29376 29376 F DEBUG   :       #36 pc 000000000013f994  /apex/com.android.runtime/lib64/libart.so (mterp_op_invoke_static+20) (BuildId: 1a0029abc6bafe71a123b0b3c1a098a0)
12-26 09:36:55.880 29376 29376 F DEBUG   :       #37 pc 00000000002e4fec  /data/app/ru.aliexpress.buyer-Bs0QXpf8IdL58C7ziYCXQA==/oat/arm64/base.vdex (anet.channel.session.HttpConnector.b)
12-26 09:36:55.880 29376 29376 F DEBUG   :       #38 pc 00000000005c41c4  /apex/com.android.runtime/lib64/libart.so (MterpInvokeStatic+1136) (BuildId: 1a0029abc6bafe71a123b0b3c1a098a0)
12-26 09:36:55.880 29376 29376 F DEBUG   :       #39 pc 000000000013f994  /apex/com.android.runtime/lib64/libart.so (mterp_op_invoke_static+20) (BuildId: 1a0029abc6bafe71a123b0b3c1a098a0)
12-26 09:36:55.880 29376 29376 F DEBUG   :       #40 pc 00000000002e5624  /data/app/ru.aliexpress.buyer-Bs0QXpf8IdL58C7ziYCXQA==/oat/arm64/base.vdex (anet.channel.session.HttpSession$b.run+48)
12-26 09:36:55.880 29376 29376 F DEBUG   :       #41 pc 00000000005c2e1c  /apex/com.android.runtime/lib64/libart.so (MterpInvokeInterface+1752) (BuildId: 1a0029abc6bafe71a123b0b3c1a098a0)
12-26 09:36:55.881 29376 29376 F DEBUG   :       #42 pc 000000000013fa14  /apex/com.android.runtime/lib64/libart.so (mterp_op_invoke_interface+20) (BuildId: 1a0029abc6bafe71a123b0b3c1a098a0)
12-26 09:36:55.881 29376 29376 F DEBUG   :       #43 pc 00000000002ed850  /data/app/ru.aliexpress.buyer-Bs0QXpf8IdL58C7ziYCXQA==/oat/arm64/base.vdex (anet.channel.thread.ThreadPoolExecutorFactory$a.run+4)
12-26 09:36:55.881 29376 29376 F DEBUG   :       #44 pc 00000000002c0988  /apex/com.android.runtime/lib64/libart.so (_ZN3art11interpreterL7ExecuteEPNS_6ThreadERKNS_20CodeItemDataAccessorERNS_11ShadowFrameENS_6JValueEbb.llvm.10666712087520032524+320) (BuildId: 1a0029abc6bafe71a123b0b3c1a098a0)
12-26 09:36:55.881 29376 29376 F DEBUG   :       #45 pc 00000000005b2030  /apex/com.android.runtime/lib64/libart.so (artQuickToInterpreterBridge+1012) (BuildId: 1a0029abc6bafe71a123b0b3c1a098a0)
12-26 09:36:55.881 29376 29376 F DEBUG   :       #46 pc 000000000014e468  /apex/com.android.runtime/lib64/libart.so (art_quick_to_interpreter_bridge+88) (BuildId: 1a0029abc6bafe71a123b0b3c1a098a0)
12-26 09:36:55.881 29376 29376 F DEBUG   :       #47 pc 000000000029acb4  /system/framework/arm64/boot.oat (java.util.concurrent.Executors$RunnableAdapter.call+68) (BuildId: 98726add5977aa1e5df02f40f7b71a9584dc0b72)
12-26 09:36:55.881 29376 29376 F DEBUG   :       #48 pc 000000000035dbd8  /system/framework/arm64/boot.oat (java.util.concurrent.FutureTask.run+200) (BuildId: 98726add5977aa1e5df02f40f7b71a9584dc0b72)
12-26 09:36:55.881 29376 29376 F DEBUG   :       #49 pc 00000000003d8d08  /system/framework/arm64/boot.oat (java.util.concurrent.ThreadPoolExecutor.runWorker+984) (BuildId: 98726add5977aa1e5df02f40f7b71a9584dc0b72)
12-26 09:36:55.881 29376 29376 F DEBUG   :       #50 pc 00000000003d5880  /system/framework/arm64/boot.oat (java.util.concurrent.ThreadPoolExecutor$Worker.run+64) (BuildId: 98726add5977aa1e5df02f40f7b71a9584dc0b72)
12-26 09:36:55.881 29376 29376 F DEBUG   :       #51 pc 0000000000217fc8  /system/framework/arm64/boot.oat (java.lang.Thread.run+72) (BuildId: 98726add5977aa1e5df02f40f7b71a9584dc0b72)
12-26 09:36:55.881 29376 29376 F DEBUG   :       #52 pc 0000000000145334  /apex/com.android.runtime/lib64/libart.so (art_quick_invoke_stub+548) (BuildId: 1a0029abc6bafe71a123b0b3c1a098a0)
12-26 09:36:55.881 29376 29376 F DEBUG   :       #53 pc 00000000001541a4  /apex/com.android.runtime/lib64/libart.so (art::ArtMethod::Invoke(art::Thread*, unsigned int*, unsigned int, art::JValue*, char const*)+252) (BuildId: 1a0029abc6bafe71a123b0b3c1a098a0)
12-26 09:36:55.889 29376 29376 F DEBUG   :       #54 pc 00000000004d0248  /apex/com.android.runtime/lib64/libart.so (art::(anonymous namespace)::InvokeWithArgArray(art::ScopedObjectAccessAlreadyRunnable const&, art::ArtMethod*, art::(anonymous namespace)::ArgArray*, art::JValue*, char const*)+104) (BuildId: 1a0029abc6bafe71a123b0b3c1a098a0)
12-26 09:36:55.889 29376 29376 F DEBUG   :       #55 pc 00000000004d12dc  /apex/com.android.runtime/lib64/libart.so (art::InvokeVirtualOrInterfaceWithJValues(art::ScopedObjectAccessAlreadyRunnable const&, _jobject*, _jmethodID*, jvalue const*)+416) (BuildId: 1a0029abc6bafe71a123b0b3c1a098a0)
12-26 09:36:55.889 29376 29376 F DEBUG   :       #56 pc 0000000000513bc8  /apex/com.android.runtime/lib64/libart.so (art::Thread::CreateCallback(void*)+1176) (BuildId: 1a0029abc6bafe71a123b0b3c1a098a0)
12-26 09:36:55.889 29376 29376 F DEBUG   :       #57 pc 00000000000cf700  /apex/com.android.runtime/lib64/bionic/libc.so (__pthread_start(void*)+36) (BuildId: 0f53a45090c371e49b6824269190f1fa)
12-26 09:36:55.889 29376 29376 F DEBUG   :       #58 pc 00000000000720e8  /apex/com.android.runtime/lib64/bionic/libc.so (__start_thread+64) (BuildId: 0f53a45090c371e49b6824269190f1fa)
--------- beginning of system
12-27 09:17:59.023  1933  2520 I chatty  : uid=1000(system) Binder:1933_8 expire 15 lines
12-27 09:17:59.041 18271 18271 I ActivityThread: Handle window ActivityRecord{5d51c28 token=android.os.BinderProxy@1984a92 {org.telegram.messenger/org.telegram.ui.LaunchActivity}} visibility: true
12-27 09:17:59.056  2296 12145 I HwCommandQueue: updateBarBgColor
12-27 09:17:59.062  1933  1957 I chatty  : uid=1000(system) android.anim expire 22 lines
12-27 09:17:59.063  1933  1964 I chatty  : uid=1000(system) HwActivityTaskM expire 5 lines
12-27 09:17:59.063  1933  2175 I chatty  : uid=1000(system) Thread-6 expire 8 lines
12-27 09:17:59.064  2839  3128 I HidataAppQoeP: foregroundUidRemove uid: 1001 name: android.uid.phone:1001
12-27 09:17:59.069  1933  2635 I chatty  : uid=1000(system) Binder:1933_B expire 8 lines
12-27 09:17:59.072  2839  3128 I SmartDualCardConfig: getAppType,pkgName=com.huawei.phone.recorder,appType=-1
12-27 09:17:59.072  2839  3128 E SmartDualCardConfig: isAppInBlackList false,items==null
12-27 09:17:59.072  2839  3128 I SmartDualCardConfig: isAppInWhiteList false,uid=1001
12-27 09:17:59.075  1933  3026 I chatty  : uid=1000(system) Binder:1933_E expire 15 lines
12-27 09:17:59.077  2419  2484 I HwNetworkPolicyManager: getHwUidPolicy uid = 10222 policy = 0
12-27 09:17:59.090  2839  3128 I HidataAppQoeP: foregroundUidAdd uid: 10222 name: org.telegram.messenger activity state: true
12-27 09:17:59.093  1933  1956 I chatty  : uid=1000(system) android.display expire 17 lines
12-27 09:17:59.104  1933  1954 I chatty  : uid=1000(system) android.ui expire 7 lines
12-27 09:17:59.106  1933  4308 I chatty  : uid=1000(system) Binder:1933_13 expire 11 lines
12-27 09:17:59.106  2839  3128 I NetworkQoeChr: checkForegroundApp timer end
12-27 09:17:59.106  2839  3128 I NetworkQoeChr: start qoe report
12-27 09:17:59.109  2839  3128 I SmartDualCardConfig: getAppType,pkgName=org.telegram.messenger,appType=0
12-27 09:17:59.109  2839  3128 E SmartDualCardConfig: isAppInBlackList false,items==null
12-27 09:17:59.109  2839  3128 I SmartDualCardConfig: isAppInWhiteList false,uid=10222
12-27 09:17:59.255  1933 13134 I chatty  : uid=1000(system) Binder:1933_1F expire 9 lines
12-27 09:17:59.256  2839  2839 I BoosterTelephonyCollector: CallStateChanged 0 slotId:0
12-27 09:17:59.260  2839  3128 E BoosterGameP: inValidCQI:-1
12-27 09:17:59.262  2890  2890 I Telephony: : Adapter set state TC@182_1 DISCONNECTED
12-27 09:17:59.262  2890  2890 I Telephony: : Adapter set disconnected DisconnectCause [ Code: (LOCAL) Label: () Description: () Reason: (LOCAL) Tone: (27) ]
12-27 09:17:59.265 18258 18258 I ViewRootImpl: dispatchDetachedFromWindow in doDie
12-27 09:17:59.274  2839  3128 I DeepNoDisturbSM: setCallState isCallOn=false
12-27 09:17:59.275  2839  2839 I DeepNoDisturbSM: IdleState processMessage msg.what=EVENT_VOICE_CALL_ENDED
12-27 09:17:59.276  1933 10575 I chatty  : uid=1000(system) Binder:1933_1C expire 2 lines
12-27 09:17:59.277  2839  2839 I DeepNoDisturbSM: isWifiConnected = true
12-27 09:17:59.286  2839  3128 I HidataAppQoeP: other status.
12-27 09:17:59.286  1933  1970 I chatty  : uid=1000(system) ActivityManager expire 8 lines
12-27 09:17:59.287  2839  2839 I DeepNoDisturbSM: isNetworkTypeSuitDeepNoDisturbMode networkType = 3
12-27 09:17:59.287  2839  2839 I DeepNoDisturbSM: isCorrectState=true mIsCallOn=false mGameStatus=0 defaultDataSubId=1 default4GSlotId=0 mIsDefaultDataOn=false mIsScreenOn=true deepNoDisturbModeProp=true isDeepNoDisturbSwitchOn=false isGameDndSwitchOn=true isNetworkTypeSuitDeepNoDisturbMode=false isAirplaneModeOn()=false
12-27 09:17:59.287  2839  2839 I DeepNoDisturbSM: isNeedEnterDeepNoDisturbMode false
12-27 09:17:59.287  2839  3128 I PreDnsQuery: No need to handled!
12-27 09:17:59.301  1933  1982 I chatty  : uid=1000(system) PowerManagerSer expire 30 lines
12-27 09:17:59.352  1933  2986 I chatty  : uid=1000(system) CallAudioModeSt expire 3 lines
12-27 09:17:59.352  1933 14590 I chatty  : uid=1000(system) Binder:1933_20 expire 18 lines
12-27 09:17:59.378  1933  2292 I chatty  : uid=1000(system) SyncManager expire 4 lines
12-27 09:17:59.399  1933 26714 I chatty  : uid=1000 system_server expire 1 line
12-27 09:17:59.497  1933  8645 I chatty  : uid=1000(system) Binder:1933_19 expire 18 lines
12-27 09:17:59.664  1933  2120 I chatty  : uid=1000(system) InputReader expire 5 lines
12-27 09:17:59.752  1933  2978 I chatty  : uid=1000(system) uteStateMachine expire 3 lines
12-27 09:17:59.792  1933  1933 I chatty  : uid=1000 system_server expire 16 lines
12-27 09:17:59.830  1933  2189 I chatty  : uid=1000(system) biometricServci expire 2 lines
12-27 09:17:59.892  1933  2383 I chatty  : uid=1000(system) HwBinder:1933_4 expire 8 lines
12-27 09:17:59.893  2296  2296 W FingerprintManager: Invalid acquired message: 6, 1003
12-27 09:17:59.931  2296  2296 W FingerprintManager: Invalid acquired message: 6, 1001
12-27 09:17:59.979  2296  2296 W FingerprintManager: Invalid acquired message: 6, 1002
12-27 09:18:00.000  2296  2296 W FingerprintManager: Invalid acquired message: 6, 1001
12-27 09:18:00.027  2839  3128 I HidataAppQoeP: foregroundUidRemove uid: 10222 name: org.telegram.messenger
12-27 09:18:00.028  2839  3130 I CommBoosterRequest: mModemId = 0slot id = 0
12-27 09:18:00.032  1933  2242 I chatty  : uid=1000(system) PhotonicModulat expire 1 line
12-27 09:18:00.033  1933  2237 I chatty  : uid=1000(system) HwProximitySens expire 1 line
12-27 09:18:00.036  2839  3128 I SmartDualCardConfig: getAppType,pkgName=org.telegram.messenger,appType=0
12-27 09:18:00.036  2839  3128 E SmartDualCardConfig: isAppInBlackList false,items==null
12-27 09:18:00.036  2839  3128 I SmartDualCardConfig: isAppInWhiteList false,uid=10222
12-27 09:18:00.037  2839  3130 E OllieTelephony: sendFullData err:1
12-27 09:18:00.226  1933  2173 I chatty  : uid=1000(system) AudioService expire 1 line
12-27 09:18:00.279  1933  1953 I chatty  : uid=1000(system) android.fg expire 1 line
12-27 09:18:00.293 18271 18271 I ActivityThread: Handle window ActivityRecord{5d51c28 token=android.os.BinderProxy@1984a92 {org.telegram.messenger/org.telegram.ui.LaunchActivity}} visibility: false
12-27 09:18:00.295  1933  2128 I chatty  : uid=1000(system) StorageManagerS expire 1 line
12-27 09:18:00.297  2839  2839 I HwKeystoreServiceImpl: User lock userId:0
12-27 09:18:00.303  1933  2146 I chatty  : uid=1000(system) WifiP2pService expire 3 lines
12-27 09:18:00.328  1933  1950 I chatty  : uid=1000(system) Binder:1933_2 expire 3 lines
12-27 09:18:00.362  1933  2115 I chatty  : uid=1000(system) GestureNavManag expire 6 lines
12-27 09:18:00.422  1933  1967 I chatty  : uid=1000(system) android.bg expire 1 line
12-27 09:18:00.428  2839  3128 I CommBoosterRequest: mModemId = 0slot id = 0
12-27 09:18:00.437  2839  3128 E BoosterGameP: inValidCQI:-1
12-27 09:18:00.440  2839  3128 I DeepNoDisturbSM: setScreenState isScreenOn=false
12-27 09:18:00.440  2839  2839 I DeepNoDisturbSM: IdleState processMessage msg.what=EVENT_SCREEN_OFF
12-27 09:18:00.440  2839  2839 I DeepNoDisturbSM: IdleState: default msg.what=11
12-27 09:18:00.442  2839  3128 I HidataAppQoeP: other status.
12-27 09:18:00.442  2839  3128 I PreDnsQuery: No need to handled!
12-27 09:18:00.442  2839  3128 I NetworkQoeChr: end qoe report
12-27 09:18:00.594  8563 11097 E ActivityThread: Failed to find provider info for com.huawei.ca
12-27 09:18:00.993  2782  2782 W ContextImpl: Calling a method in the system process without a qualified user: android.app.ContextImpl.sendBroadcast:1183 com.huawei.android.chr.ProtocolLogManager.setCallQualityParaInfo2Db:1086 com.huawei.android.chr.callflow.CallInfoCollector.a:2283 com.huawei.android.chr.callflow.CallInfoCollector$1.handleMessage:76 android.os.Handler.dispatchMessage:110 
12-27 09:18:01.670  2782  2782 W ContextImpl: Calling a method in the system process without a qualified user: android.app.ContextImpl.sendBroadcast:1183 com.huawei.android.chr.ProtocolLogManager.setCallInfo2DbEx:1137 com.huawei.android.chr.ProtocolLogManager.setCsCallInfo2DbEx:1061 com.huawei.android.chr.callservice.ChrCallService.a:4959 com.huawei.android.chr.callservice.ChrCallService.handleMessage:3479 
12-27 09:18:03.705  1933  1959 I chatty  : uid=1000(system) monitor thread expire 2 lines
12-27 09:18:03.713  1933  2670 I chatty  : uid=1000(system) MultiTaskManage expire 3 lines
12-27 09:18:03.717  1933  2088 I chatty  : uid=1000(system) HeartBeatHandle expire 450 lines
12-27 09:18:03.731  2839  2839 I HwCoreAppHelperService: LocalReceiver receives:android.intent.action.PACKAGE_RESTARTED,pkg:com.google.android.inputmethod.latin,uid:10170
12-27 09:18:03.735  1933  1933 I chatty  : uid=1000 system_server expire 28 lines
12-27 09:18:03.736  1933  2670 I chatty  : uid=1000(system) MultiTaskManage expire 3 lines
12-27 09:18:03.737  1933  2175 I chatty  : uid=1000(system) Thread-6 expire 4 lines
12-27 09:18:03.737  1933  1964 I chatty  : uid=1000(system) HwActivityTaskM expire 4 lines
12-27 09:18:03.748  2839  2839 I HwCoreAppHelperService: LocalReceiver receives:android.intent.action.PACKAGE_RESTARTED,pkg:ru.sberbankmobile,uid:10154
12-27 09:18:03.750  1933  2520 I chatty  : uid=1000(system) Binder:1933_8 expire 3 lines
12-27 09:18:03.755  1933  3026 I chatty  : uid=1000(system) Binder:1933_E expire 1 line
12-27 09:18:03.760  1933 10575 I chatty  : uid=1000(system) Binder:1933_1C expire 5 lines
12-27 09:18:03.819  1933  2160 I chatty  : uid=1000(system) ConnectivitySer expire 17 lines
12-27 09:18:19.808  1933  2157 I chatty  : uid=1000(system) ConnectivityThr expire 36 lines
12-27 09:18:31.758  1933  2065 I chatty  : uid=1000(system) UEventObserver expire 4 lines
12-27 09:18:31.847  1933  2292 I chatty  : uid=1000(system) SyncManager expire 3 lines
12-27 09:18:34.589  1933  1959 I chatty  : uid=1000(system) monitor thread expire 4 lines
12-27 09:18:37.327  2839  3128 I NetworkQoeChr: onQoeStatusEnd
12-27 09:18:37.751  1000  1082 I storaged: storaged_t::event: storage_info refreshed.
12-27 09:18:38.732  1933  2229 I chatty  : uid=1000(system) HwWifiConnectiv expire 1 line
12-27 09:18:38.749  1933  1950 I chatty  : uid=1000(system) Binder:1933_2 expire 15 lines
12-27 09:18:38.775  1933  2146 I chatty  : uid=1000(system) WifiP2pService expire 4 lines
12-27 09:18:38.796  2839  2839 I BoosterTelephonyCollector: WifiManager:Wifi disconnected
12-27 09:18:38.806  1933  4329 I chatty  : uid=1000(system) Binder:1933_14 expire 4 lines
12-27 09:18:38.829  1933  2087 I chatty  : uid=1000(system) Binder:1933_3 expire 2 lines
12-27 09:18:38.829  4638  4783 I HwNetworkPolicyManager: getHwUidPolicy uid = 1000 policy = 0
12-27 09:18:38.840  2839  3128 I PreDnsQuery: No need to handled!
12-27 09:18:38.842  2839  3128 I NetworkQoeChr: wifi and data disconnect
12-27 09:18:38.846  2839  3128 I CommBoosterRequest: mModemId = 0slot id = 0
12-27 09:18:38.863  1933  1978 I chatty  : uid=1000(system) batterystats-wo expire 1 line
12-27 09:18:38.873  1933  2616 I chatty  : uid=1000(system) Binder:1933_9 expire 1 line
12-27 09:18:38.876  1933  1933 I chatty  : uid=1000 system_server expire 9 lines
12-27 09:18:38.904  1933  2157 I chatty  : uid=1000(system) ConnectivityThr expire 16 lines
12-27 09:18:38.910  2890  3162 E Mapcon  : EpdgConfig-0: [sg]mEpdgAddressList is null or empty!!!!!!!!!!
12-27 09:18:38.911  2890  3162 E Mapcon  : EpdgConfig-1: [sg]mEpdgAddressList is null or empty!!!!!!!!!!
12-27 09:18:38.911  2890  3162 E Mapcon  : EpdgConfig-0: [rg]mEpdgEmcAddressList is null or empty!!!!!!!!!!
12-27 09:18:38.911  2890  3162 E Mapcon  : EpdgConfig-1: [rg]mEpdgEmcAddressList is null or empty!!!!!!!!!!
12-27 09:18:38.926  1933  2266 I chatty  : uid=1000(system) HwWMStateMachin expire 14 lines
12-27 09:18:38.930  1933  2160 I chatty  : uid=1000(system) ConnectivitySer expire 3 lines
12-27 09:18:38.934  2150  2150 I wificond: Pno scan started for frequencies: 2412, 2417, 2422, 2427, 2432, 2437, 2442, 2447, 2452, 2457, 2462, 2467, 5180, 5200, 5220, 5240, 5320, 5745, 5765, 5785, 5805, 
12-27 09:18:38.940  2839  3130 I CommBoosterRequest: mModemId = 0slot id = 0
12-27 09:18:38.954  2839  3130 E OllieTelephony: sendFullData err:1
12-27 09:18:38.975  1933  2635 I chatty  : uid=1000(system) Binder:1933_B expire 6 lines
12-27 09:18:38.980  1933  2455 I chatty  : uid=1000(system) Binder:1933_6 expire 1 line
12-27 09:18:38.990  1933  2139 I chatty  : uid=1000(system) NetworkPolicy expire 2 lines
12-27 09:18:38.990  2890  2890 E Mapcon  : VowifiNetworkFactory: [a]specifier is null!!!!!!!!!!
12-27 09:18:38.990  2890  2890 E Mapcon  : VowifiNetworkFactory: [acceptRequest]invalid requestSubId,requestSubId is:-1!!!!!!!!!!
12-27 09:18:38.994  2890  2890 E Mapcon  : VowifiNetworkFactory: [a]specifier is null!!!!!!!!!!
12-27 09:18:38.994  2890  2890 E Mapcon  : VowifiNetworkFactory: [acceptRequest]invalid requestSubId,requestSubId is:-1!!!!!!!!!!
12-27 09:18:38.995  2419  2531 W ContextImpl: Calling a method in the system process without a qualified user: android.app.ContextImpl.sendBroadcast:1183 android.content.ContextWrapper.sendBroadcast:453 com.huawei.systemmanager.service.d$c.c:65 com.huawei.component.broadcast.a$e.y:44 com.huawei.component.broadcast.a$e.z:10 
12-27 09:18:38.996  2419  2484 W ContextImpl: Calling a method in the system process without a qualified user: android.app.ContextImpl.startService:1698 android.content.ContextWrapper.startService:669 com.huawei.systemmanager.rainbow.client.background.service.a.bo:11 com.huawei.systemmanager.rainbow.client.background.service.a$c.c:102 com.huawei.component.broadcast.a$e.y:44 
12-27 09:18:39.051  1933  4308 I chatty  : uid=1000(system) Binder:1933_13 expire 4 lines
12-27 09:18:40.811  1933  2089 I chatty  : uid=1000(system) AlarmManager expire 4 lines
12-27 09:18:45.456  1933  1970 I chatty  : uid=1000(system) ActivityManager expire 2 lines
12-27 09:19:37.768  1933  2230 I chatty  : uid=1000(system) HwBinder:1933_3 expire 4 lines
12-27 09:19:37.770  1933  2189 I chatty  : uid=1000(system) biometricServci expire 5 lines
12-27 09:19:37.775  1933  1982 I chatty  : uid=1000(system) PowerManagerSer expire 19 lines
12-27 09:19:37.804  2296  2296 W FingerprintManager: Invalid acquired message: 6, 1002
12-27 09:19:37.805  1933 13134 I chatty  : uid=1000(system) Binder:1933_1F expire 1 line
12-27 09:19:37.806  1933  1957 I chatty  : uid=1000(system) android.anim expire 14 lines
12-27 09:19:37.809  1933  1956 I chatty  : uid=1000(system) android.display expire 1 line
12-27 09:19:37.811  1933  1954 I chatty  : uid=1000(system) android.ui expire 5 lines
12-27 09:19:37.872  2296  2318 I FingerprintManager: binder call and send onAuthenticationSucceeded msg
12-27 09:19:37.892  2296  2296 I FingerprintManager: callback sendAuthenticatedSucceeded
12-27 09:19:37.911  1933  4306 I chatty  : uid=1000(system) Binder:1933_12 expire 1 line
12-27 09:19:37.916  1933 10801 I chatty  : uid=1000(system) Binder:1933_1D expire 1 line
12-27 09:19:37.921  1933  2956 I chatty  : uid=1000(system) Binder:1933_D expire 6 lines
12-27 09:19:37.923  1933  4755 I chatty  : uid=1000(system) Binder:1933_16 expire 8 lines
12-27 09:19:37.925  1933  1957 I chatty  : uid=1000(system) android.anim expire 14 lines
12-27 09:19:37.928  1933  1954 I chatty  : uid=1000(system) android.ui expire 2 lines
12-27 09:19:37.933  1933 10575 I chatty  : uid=1000(system) Binder:1933_1C expire 8 lines
12-27 09:19:37.934  1933  1982 I chatty  : uid=1000(system) PowerManagerSer expire 14 lines
12-27 09:19:37.935  1933  1933 I chatty  : uid=1000 system_server expire 15 lines
12-27 09:19:37.935  2296  2296 E HwAodManager: getAodInfo due to null service!
12-27 09:19:37.936  2890  2890 W SettingsEx: SettingsEx.Systemex.getString deprecated use Settings.System.getString instead, callers = com.android.internal.telephony.gsm.HwCustGsmServiceStateManagerImpl.isMccForShowNetname:202 com.android.internal.telephony.gsm.HwCustGsmServiceStateManagerImpl.isShowNetnameByMcc:193 com.android.internal.telephony.gsm.HwCustGsmServiceStateManagerImpl.setOnsDisplayCustomization:144 
12-27 09:19:37.940  1933  2087 I chatty  : uid=1000(system) Binder:1933_3 expire 4 lines
12-27 09:19:37.953  1933  1964 I chatty  : uid=1000(system) HwActivityTaskM expire 1 line
12-27 09:19:37.953  1933  2175 I chatty  : uid=1000(system) Thread-6 expire 2 lines
12-27 09:19:37.954  2839  3128 I HidataAppQoeP: foregroundUidAdd uid: 10222 name: org.telegram.messenger activity state: true
12-27 09:19:37.956  1933  1956 I chatty  : uid=1000(system) android.display expire 6 lines
12-27 09:19:37.957  2839  3128 I NetworkQoeChr: checkForegroundApp timer end
12-27 09:19:37.968  2839  2839 I BoosterTelephonyCollector: ServiceStateChanged newState=13,slotId=0
12-27 09:19:37.975  2839  3128 I SmartDualCardConfig: getAppType,pkgName=org.telegram.messenger,appType=0
12-27 09:19:37.975  2839  3128 E SmartDualCardConfig: isAppInBlackList false,items==null
12-27 09:19:37.975  2839  3128 I SmartDualCardConfig: isAppInWhiteList false,uid=10222
12-27 09:19:37.976  1933  2242 I chatty  : uid=1000(system) PhotonicModulat expire 1 line
12-27 09:19:37.988  1933  2455 I chatty  : uid=1000(system) Binder:1933_6 expire 2 lines
12-27 09:19:37.988  1933  2088 I chatty  : uid=1000(system) HeartBeatHandle expire 564 lines
12-27 09:19:37.995  1933  2230 I chatty  : uid=1000(system) HwBinder:1933_3 expire 2 lines
12-27 09:19:37.995  2839  3128 E BoosterGameP: inValidCQI:-1
12-27 09:19:37.998  1933  1970 I chatty  : uid=1000(system) ActivityManager expire 10 lines
12-27 09:19:38.011  2839  2839 E BoosterTelephonyCollector: isSkipApnType, apnType:default
12-27 09:19:38.017  2839  3128 I DeepNoDisturbSM: setPsNetworkType type=3
12-27 09:19:38.018  2839  2839 I DeepNoDisturbSM: IdleState processMessage msg.what=EVENT_NETWORK_TYPE_CHANGE
12-27 09:19:38.018  2296 12191 I HwCommandQueue: updateBarBgColor
12-27 09:19:38.019  1933  4329 I chatty  : uid=1000(system) Binder:1933_14 expire 2 lines
12-27 09:19:38.035  2839  3128 I HidataAppQoeP: other status.
12-27 09:19:38.037  2839  2839 I DeepNoDisturbSM: isNetworkTypeSuitDeepNoDisturbMode networkType = 13
12-27 09:19:38.037  2839  2839 I DeepNoDisturbSM: isCorrectState=true mIsCallOn=false mGameStatus=0 defaultDataSubId=1 default4GSlotId=0 mIsDefaultDataOn=false mIsScreenOn=false deepNoDisturbModeProp=true isDeepNoDisturbSwitchOn=false isGameDndSwitchOn=true isNetworkTypeSuitDeepNoDisturbMode=true isAirplaneModeOn()=false
12-27 09:19:38.038  2839  2839 I DeepNoDisturbSM: isNeedEnterDeepNoDisturbMode false
12-27 09:19:38.038  2839  2839 I HwKeystoreServiceImpl: User unlock userId:0
12-27 09:19:38.052  2839  3128 I PreDnsQuery: setPreDnsCurrentProp is: true
12-27 09:19:38.072  2890  2890 W SettingsEx: SettingsEx.Systemex.getString deprecated use Settings.System.getString instead, callers = com.android.internal.telephony.gsm.HwCustGsmServiceStateManagerImpl.isMccForShowNetname:202 com.android.internal.telephony.gsm.HwCustGsmServiceStateManagerImpl.isShowNetnameByMcc:193 com.android.internal.telephony.gsm.HwCustGsmServiceStateManagerImpl.setOnsDisplayCustomization:144 
12-27 09:19:38.078  1933  2146 I chatty  : uid=1000(system) WifiP2pService expire 12 lines
12-27 09:19:38.090  2839  3128 I PreDnsQuery: No need to handled!
12-27 09:19:38.103  1933  2128 I chatty  : uid=1000(system) StorageManagerS expire 1 line
12-27 09:19:38.129  2150  2150 I wificond: Pno scan stopped
12-27 09:19:38.130  2839  3128 I BoosterTelephonyCollector: handleDsdsStateChanged:dsds state= 0
12-27 09:19:38.160  2890  3738 E Mapcon  : EpdgFinding-0: [Ed]wifi not connect!!!!!!!!!!
12-27 09:19:38.168  2890  3749 E Mapcon  : VoiceManager-0-Normal: [a]config is null!!!!!!!!!!
12-27 09:19:38.169  1933  9111 I chatty  : uid=1000(system) Binder:1933_1A expire 5 lines
12-27 09:19:38.199  2839  3128 I CommBoosterRequest: mModemId = 0slot id = 0
12-27 09:19:38.207  2839  3128 I SmartDualCardConfig: getAppType,pkgName=org.telegram.messenger,appType=0
12-27 09:19:38.207  2839  3128 E SmartDualCardConfig: isAppInBlackList false,items==null
12-27 09:19:38.207  2839  3128 I SmartDualCardConfig: isAppInWhiteList false,uid=10222
12-27 09:19:38.208  2839  3128 E BoosterGameP: inValidCQI:-1
12-27 09:19:38.218  2839  3128 I DeepNoDisturbSM: setScreenState isScreenOn=true
12-27 09:19:38.218  2839  2839 I DeepNoDisturbSM: IdleState processMessage msg.what=EVENT_SCREEN_ON
12-27 09:19:38.220  2839  3128 I HidataAppQoeP: other status.
12-27 09:19:38.220  2839  3128 I PreDnsQuery: No need to handled!
12-27 09:19:38.221  2839  2839 I DeepNoDisturbSM: isNetworkTypeSuitDeepNoDisturbMode networkType = 13
12-27 09:19:38.221  2839  2839 I DeepNoDisturbSM: isCorrectState=true mIsCallOn=false mGameStatus=0 defaultDataSubId=1 default4GSlotId=0 mIsDefaultDataOn=false mIsScreenOn=true deepNoDisturbModeProp=true isDeepNoDisturbSwitchOn=false isGameDndSwitchOn=true isNetworkTypeSuitDeepNoDisturbMode=true isAirplaneModeOn()=false
12-27 09:19:38.221  2839  2839 I DeepNoDisturbSM: isNeedEnterDeepNoDisturbMode false
12-27 09:19:38.356  2890  2890 W SettingsEx: SettingsEx.Systemex.getString deprecated use Settings.System.getString instead, callers = com.android.internal.telephony.gsm.HwCustGsmServiceStateManagerImpl.isMccForShowNetname:202 com.android.internal.telephony.gsm.HwCustGsmServiceStateManagerImpl.isShowNetnameByMcc:193 com.android.internal.telephony.gsm.HwCustGsmServiceStateManagerImpl.setOnsDisplayCustomization:144 
12-27 09:19:38.362  2839  6644 I BandStatsChr: BandStatsChr slotId 0
12-27 09:19:38.387  1933  2635 I chatty  : uid=1000(system) Binder:1933_B expire 2 lines
12-27 09:19:38.416  4638  4783 I HwNetworkPolicyManager: getHwUidPolicy uid = 1000 policy = 0
12-27 09:19:38.422  1933  4308 I chatty  : uid=1000(system) Binder:1933_13 expire 2 lines
12-27 09:19:38.424  2839  3128 I BoosterTelephonyCollector: handleDsdsStateChanged:dsds state= 0
12-27 09:19:38.489  1933  2189 I chatty  : uid=1000(system) biometricServci expire 1 line
12-27 09:19:38.496  2890  2890 W SettingsEx: SettingsEx.Systemex.getString deprecated use Settings.System.getString instead, callers = com.android.internal.telephony.gsm.HwCustGsmServiceStateManagerImpl.isMccForShowNetname:202 com.android.internal.telephony.gsm.HwCustGsmServiceStateManagerImpl.isShowNetnameByMcc:193 com.android.internal.telephony.gsm.HwCustGsmServiceStateManagerImpl.setOnsDisplayCustomization:144 
12-27 09:19:38.536  2890  2890 W SettingsEx: SettingsEx.Systemex.getString deprecated use Settings.System.getString instead, callers = com.android.internal.telephony.gsm.HwCustGsmServiceStateManagerImpl.isMccForShowNetname:202 com.android.internal.telephony.gsm.HwCustGsmServiceStateManagerImpl.isShowNetnameByMcc:193 com.android.internal.telephony.gsm.HwCustGsmServiceStateManagerImpl.setOnsDisplayCustomization:144 
12-27 09:19:38.562  2890  3738 E Mapcon  : EpdgFinding-0: [Ed]wifi not connect!!!!!!!!!!
12-27 09:19:38.571  2890  2890 W SettingsEx: SettingsEx.Systemex.getString deprecated use Settings.System.getString instead, callers = com.android.internal.telephony.gsm.HwCustGsmServiceStateManagerImpl.isMccForShowNetname:202 com.android.internal.telephony.gsm.HwCustGsmServiceStateManagerImpl.isShowNetnameByMcc:193 com.android.internal.telephony.gsm.HwCustGsmServiceStateManagerImpl.setOnsDisplayCustomization:144 
12-27 09:19:38.572  2890  3749 E Mapcon  : VoiceManager-0-Normal: [a]config is null!!!!!!!!!!
12-27 09:19:39.323  1933  1971 I chatty  : uid=1000(system) ActivityManager expire 3 lines
12-27 09:19:39.324  1933  2670 I chatty  : uid=1000(system) MultiTaskManage expire 3 lines
12-27 09:19:39.416 26890 26915 E ActivityThread: getApplicationInfo metadata error
12-27 09:19:39.416 26890 26915 I ActivityThread: Init compatible state: false
12-27 09:19:39.488 26908 26929 I ActivityThread: Init compatible state: true
12-27 09:19:39.531 26908 26908 I ActivityThread: finishPreloaded preloadStatus 0
12-27 09:19:39.590 26890 26890 I ActivityThread: finishPreloaded preloadStatus 0
12-27 09:19:39.739  2150  2150 W wificond: Scan is not started. Ignore abort request
12-27 09:19:39.801  2839  2839 I BoosterTelephonyCollector: WifiManager:Wifi other state
12-27 09:19:39.945  1933  2160 I chatty  : uid=1000(system) ConnectivitySer expire 286 lines
12-27 09:19:39.957  2839  2839 I BoosterTelephonyCollector: WifiManager:Wifi other state
12-27 09:19:39.991  2839  3128 I NetworkQoeChr: wifi or data connect
12-27 09:19:39.991  2839  3128 I NetworkQoeChr: start qoe report
12-27 09:19:40.347  2839  2839 I BoosterTelephonyCollector: WifiManager:Wifi connected
12-27 09:19:40.360  2839  3128 I PreDnsQuery: No need to handled!
12-27 09:19:40.363  2890  2890 E Mapcon  : VowifiNetworkFactory: [a]specifier is null!!!!!!!!!!
12-27 09:19:40.363  2890  2890 E Mapcon  : VowifiNetworkFactory: [acceptRequest]invalid requestSubId,requestSubId is:-1!!!!!!!!!!
12-27 09:19:40.381  1933  4329 I chatty  : uid=1000(system) Binder:1933_14 expire 9 lines
12-27 09:19:40.424 26984 27004 I ActivityThread: Init compatible state: false
12-27 09:19:40.424  1933  2157 I chatty  : uid=1000(system) ConnectivityThr expire 18 lines
12-27 09:19:40.430  1933 10801 I chatty  : uid=1000(system) Binder:1933_1D expire 6 lines
12-27 09:19:40.431  1933  2635 I chatty  : uid=1000(system) Binder:1933_B expire 7 lines
12-27 09:19:40.431  2890  3764 E Mapcon  : VoiceManager-5-PrepareState: [vf]subId is invalid!!!!!!!!!!
12-27 09:19:40.431  2890  3764 I Mapcon  : VoiceManager-5-PrepareState: [uf]serviceStateNotReady!!!!!!!!!!
12-27 09:19:40.431  2890  3764 E Mapcon  : VoiceManager-5-PrepareState: [vf]subId is invalid!!!!!!!!!!
12-27 09:19:40.431  1933  2651 I chatty  : uid=1000(system) NetworkTimeUpda expire 1 line
12-27 09:19:40.435  2890  3764 E Mapcon  : MapconUtils: [a]invalid subId: -1!!!!!!!!!!
12-27 09:19:40.440  1933  4755 I chatty  : uid=1000(system) Binder:1933_16 expire 2 lines
12-27 09:19:40.445  1933  4308 I chatty  : uid=1000(system) Binder:1933_13 expire 11 lines
12-27 09:19:40.448  4638  4873 I HwNetworkPolicyManager: getHwUidPolicy uid = 1000 policy = 0
12-27 09:19:40.453  1933  1933 I chatty  : uid=1000 system_server expire 4 lines
12-27 09:19:40.453  1933  2087 I chatty  : uid=1000(system) Binder:1933_3 expire 32 lines
12-27 09:19:40.467  1933  2139 I chatty  : uid=1000(system) NetworkPolicy expire 4 lines
12-27 09:19:40.476  1933  2292 I chatty  : uid=1000(system) SyncManager expire 2 lines
12-27 09:19:40.478  4638  4783 I HwNetworkPolicyManager: getHwUidPolicy uid = 1000 policy = 0
12-27 09:19:40.562  2890  3749 E Mapcon  : VoiceManager-0-Normal: [a]config is null!!!!!!!!!!
12-27 09:19:40.615  1933  1959 I chatty  : uid=1000(system) monitor thread expire 1 line
12-27 09:19:40.659  4638  4912 W ContextImpl: Calling a method in the system process without a qualified user: android.app.ContextImpl.sendBroadcast:1168 android.content.ContextWrapper.sendBroadcast:448 Wd.b:67 Wd.i:71 Wd.Bc:14 
12-27 09:19:40.755  2839  3130 I CommBoosterRequest: mModemId = 0slot id = 0
12-27 09:19:40.762  2839  3130 E OllieTelephony: sendFullData err:1
12-27 09:19:41.049  1933  1971 I chatty  : uid=1000(system) ActivityManager expire 2 lines
12-27 09:19:41.049  1933  2670 I chatty  : uid=1000(system) MultiTaskManage expire 2 lines
12-27 09:19:41.100 27034 27052 E ActivityThread: getApplicationInfo metadata error
12-27 09:19:41.100 27034 27052 I ActivityThread: Init compatible state: false
12-27 09:19:41.155 27034 27034 I ActivityThread: finishPreloaded preloadStatus 0
12-27 09:19:41.315  1933  2237 I chatty  : uid=1000(system) HwProximitySens expire 1 line
12-27 09:19:41.369  2419  2611 W ContextImpl: Calling a method in the system process without a qualified user: android.app.ContextImpl.sendBroadcast:1183 android.content.ContextWrapper.sendBroadcast:453 com.huawei.systemmanager.service.d$c.c:65 com.huawei.component.broadcast.a$e.y:44 com.huawei.component.broadcast.a$e.z:10 
12-27 09:19:41.369  2419  2483 W ContextImpl: Calling a method in the system process without a qualified user: android.app.ContextImpl.startService:1698 android.content.ContextWrapper.startService:669 com.huawei.systemmanager.rainbow.client.background.service.a.bo:11 com.huawei.systemmanager.rainbow.client.background.service.a$c.c:102 com.huawei.component.broadcast.a$e.y:44 
12-27 09:19:41.373  1933  1970 I chatty  : uid=1000(system) ActivityManager expire 1 line
12-27 09:19:41.479 26984 26984 I ActivityThread: finishPreloaded preloadStatus 0
12-27 09:19:41.729 26984 27100 W SystemConfig: No directory /product_services/etc/sysconfig, skipping
12-27 09:19:41.730 26984 27100 W SystemConfig: No directory /product_services/etc/permissions, skipping
12-27 09:19:41.733 26984 27100 W SystemConfig: No directory /system/emui/base/sysconfig, skipping
12-27 09:19:41.735 26984 27100 W SystemConfig: No directory /system/emui/oversea/sysconfig, skipping
12-27 09:19:41.740 26984 27100 W SystemConfig: No directory /vendor/etc/sysconfig, skipping
12-27 09:19:41.764 26984 27100 W SystemConfig: No directory /odm/etc/sysconfig, skipping
12-27 09:19:41.769 26984 27100 W SystemConfig: No directory /odm/etc/carrier/25099/sysconfig, skipping
12-27 09:19:41.769 26984 27100 W SystemConfig: No directory /odm/etc/carrier/25099/permissions, skipping
12-27 09:19:41.769 26984 27100 W SystemConfig: No directory /odm/hw_odm/YAL-L61/sysconfig, skipping
12-27 09:19:41.769 26984 27100 W SystemConfig: No directory /odm/hw_odm/YAL-L61/permissions, skipping
12-27 09:19:41.770 26984 27100 W SystemConfig: No directory /hw_product/etc/sysconfig, skipping
12-27 09:19:41.778 26984 27100 W SystemConfig: No directory /hw_product/etc/carrier/25099/sysconfig, skipping
12-27 09:19:41.779 26984 27100 W SystemConfig: No directory /hw_product/etc/carrier/25099/permissions, skipping
12-27 09:19:41.779 26984 27100 W SystemConfig: No directory /hw_product/region_comm/oversea/sysconfig, skipping
12-27 09:19:41.780 26984 27100 W SystemConfig: No directory /preas/oversea/sysconfig, skipping
12-27 09:19:41.792 26984 27100 W SystemConfig: No directory /hw_product/hw_oem/YAL-L61/sysconfig, skipping
12-27 09:19:41.793 26984 27100 W SystemConfig: No directory /hw_product/hw_oem/YAL-L61/permissions, skipping
12-27 09:19:41.793 26984 27100 W SystemConfig: No directory /preload/YAL-L61/hw/ru/sysconfig, skipping
12-27 09:19:41.797 26984 27100 W SystemConfig: No directory /cust/global/sysconfig, skipping
12-27 09:19:41.797 26984 27100 W SystemConfig: No directory /cust/global/permissions, skipping
12-27 09:19:41.797 26984 27100 W SystemConfig: No directory /cust/global/carrier/25099/sysconfig, skipping
12-27 09:19:41.797 26984 27100 W SystemConfig: No directory /cust/global/carrier/25099/permissions, skipping
12-27 09:19:41.798 26984 27100 W SystemConfig: No directory /cust/hw/ru/sysconfig, skipping
12-27 09:19:41.798 26984 27100 W SystemConfig: No directory /cust/hw/ru/permissions, skipping
12-27 09:19:41.798 26984 27100 W SystemConfig: No directory /cust/hw/ru/carrier/25099/sysconfig, skipping
12-27 09:19:41.798 26984 27100 W SystemConfig: No directory /cust/hw/ru/carrier/25099/permissions, skipping
12-27 09:19:41.798 26984 27100 W SystemConfig: No directory /hw_product/special_cust/YAL-L61/hw/ru/sysconfig, skipping
12-27 09:19:41.802 26984 27100 W SystemConfig: No directory /version/special_cust/YAL-L61/hw/ru/sysconfig, skipping
12-27 09:19:41.803 26984 27100 W SystemConfig: No directory /version/special_cust/YAL-L61/hw/ru/permissions, skipping
12-27 09:19:41.803 26984 27100 W SystemConfig: No directory /cust/cotalite/sysconfig, skipping
12-27 09:19:41.803 26984 27100 W SystemConfig: No directory /cust/cotalite/permissions, skipping
12-27 09:19:41.804 26984 27100 W SystemConfig: No directory /cust/ecota/sysconfig, skipping
12-27 09:19:41.804 26984 27100 W SystemConfig: No directory /cust/ecota/permissions, skipping
12-27 09:19:41.804 26984 27100 I HwCustSystemConfigImpl: start read overlay feature.
12-27 09:19:41.808 26984 27100 I HwCustSystemConfigImpl: overlay feature take effect.
12-27 09:19:42.563 27117 27138 I ActivityThread: Init compatible state: false
12-27 09:19:42.581 27117 27117 I ActivityThread: finishPreloaded preloadStatus 0
12-27 09:19:42.885  1933 27006 I chatty  : uid=1000 system_server expire 1 line
12-27 09:19:42.890  1933  2160 I chatty  : uid=1000(system) ConnectivitySer expire 42 lines
12-27 09:19:42.894  1933  2157 I chatty  : uid=1000(system) ConnectivityThr expire 36 lines
12-27 09:19:42.899  1933  1933 I chatty  : uid=1000 system_server expire 36 lines
12-27 09:19:42.909  1933  2635 I chatty  : uid=1000(system) Binder:1933_B expire 19 lines
12-27 09:19:42.910  1933  2087 I chatty  : uid=1000(system) Binder:1933_3 expire 45 lines
12-27 09:19:42.915  2890  2890 E Mapcon  : VowifiNetworkFactory: [a]specifier is null!!!!!!!!!!
12-27 09:19:42.915  2890  2890 E Mapcon  : VowifiNetworkFactory: [acceptRequest]invalid requestSubId,requestSubId is:-1!!!!!!!!!!
12-27 09:19:42.946  1933  2231 I chatty  : uid=1000(system) wifipro_feature expire 2 lines
12-27 09:19:43.074  1933  2175 I chatty  : uid=1000(system) Thread-6 expire 10 lines
12-27 09:19:43.075  1933  1964 I chatty  : uid=1000(system) HwActivityTaskM expire 8 lines
12-27 09:19:44.827  1933  4308 I chatty  : uid=1000(system) Binder:1933_13 expire 20 lines
12-27 09:19:46.568  2890  3749 E Mapcon  : VoiceManager-0-Normal: [a]config is null!!!!!!!!!!
12-27 09:19:46.615  1933  1959 I chatty  : uid=1000(system) monitor thread expire 2 lines
