12-27 09:19:47.206  1933  1957 I chatty  : uid=1000(system) android.anim expire 18 lines
12-27 09:19:47.233  2419  2484 I HwNetworkPolicyManager: getHwUidPolicy uid = 10198 policy = 0
12-27 09:19:47.249  1933  1956 I chatty  : uid=1000(system) android.display expire 5 lines
12-27 09:19:47.250  1933  4329 I chatty  : uid=1000(system) Binder:1933_14 expire 5 lines
12-27 09:19:47.252  1933  1954 I chatty  : uid=1000(system) android.ui expire 1 line
12-27 09:19:47.315  2839  3128 I HidataAppQoeP: foregroundUidAdd uid: 10198 name: com.whatsapp activity state: true
12-27 09:19:47.317  2839  3128 I NetworkQoeChr: checkForegroundApp timer end
12-27 09:19:47.320  2839  3128 I SmartDualCardConfig: getAppType,pkgName=com.whatsapp,appType=0
12-27 09:19:47.320  2839  3128 E SmartDualCardConfig: isAppInBlackList false,items==null
12-27 09:19:47.320  2839  3128 I SmartDualCardConfig: isAppInWhiteList false,uid=10198
12-27 09:19:47.325  2296 24149 I HwCommandQueue: updateBarBgColor
12-27 09:19:47.670  2839  3128 I HidataAppQoeP: foregroundUidRemove uid: 10222 name: org.telegram.messenger
12-27 09:19:47.671  2839  3128 I SmartDualCardConfig: getAppType,pkgName=org.telegram.messenger,appType=0
12-27 09:19:47.672  2839  3128 E SmartDualCardConfig: isAppInBlackList false,items==null
12-27 09:19:47.672  2839  3128 I SmartDualCardConfig: isAppInWhiteList false,uid=10222
12-27 09:19:51.969  2890  2890 W SettingsEx: SettingsEx.Systemex.getString deprecated use Settings.System.getString instead, callers = com.android.internal.telephony.gsm.HwCustGsmServiceStateManagerImpl.isMccForShowNetname:202 com.android.internal.telephony.gsm.HwCustGsmServiceStateManagerImpl.isShowNetnameByMcc:193 com.android.internal.telephony.gsm.HwCustGsmServiceStateManagerImpl.setOnsDisplayCustomization:144 
12-27 09:19:52.002  1933  1970 I chatty  : uid=1000(system) ActivityManager expire 1 line
12-27 09:19:52.089  1933  1971 I chatty  : uid=1000(system) ActivityManager expire 1 line
12-27 09:19:52.089  1933  2670 I chatty  : uid=1000(system) MultiTaskManage expire 1 line
12-27 09:19:52.110 27247 27265 I ActivityThread: Init compatible state: true
12-27 09:19:52.205 27247 27247 I ActivityThread: finishPreloaded preloadStatus 0
12-27 09:19:52.335  1933  2088 I chatty  : uid=1000(system) HeartBeatHandle expire 141 lines
12-27 09:19:52.569  2890  3749 E Mapcon  : VoiceManager-0-Normal: [a]config is null!!!!!!!!!!
12-27 09:19:53.093  1933  2089 I chatty  : uid=1000(system) AlarmManager expire 1 line
12-27 09:19:56.962  1933 10801 I chatty  : uid=1000(system) Binder:1933_1D expire 1 line
12-27 09:19:57.154  1933  2115 I chatty  : uid=1000(system) GestureNavManag expire 4 lines
12-27 09:19:57.474  1933  1957 I chatty  : uid=1000(system) android.anim expire 30 lines
12-27 09:19:57.504  1933  1954 I chatty  : uid=1000(system) android.ui expire 4 lines
12-27 09:19:57.507  1933  1956 I chatty  : uid=1000(system) android.display expire 10 lines
12-27 09:19:57.510  1933  2087 I chatty  : uid=1000(system) Binder:1933_3 expire 11 lines
12-27 09:19:57.519  1933  1964 I chatty  : uid=1000(system) HwActivityTaskM expire 7 lines
12-27 09:19:57.521  1933  2175 I chatty  : uid=1000(system) Thread-6 expire 10 lines
12-27 09:19:57.535  1933  4308 I chatty  : uid=1000(system) Binder:1933_13 expire 11 lines
12-27 09:19:57.588  1933 10801 I chatty  : uid=1000(system) Binder:1933_1D expire 13 lines
12-27 09:19:58.038  6011  6011 I ViewRootImpl: dispatchDetachedFromWindow in doDie
12-27 09:19:58.138  1933  2088 I chatty  : uid=1000(system) HeartBeatHandle expire 286 lines
12-27 09:19:58.579  2890  3749 E Mapcon  : VoiceManager-0-Normal: [a]config is null!!!!!!!!!!
12-27 09:19:58.616  1933  1959 I chatty  : uid=1000(system) monitor thread expire 6 lines
12-27 09:19:58.943  1933  4329 I chatty  : uid=1000(system) Binder:1933_14 expire 9 lines
12-27 09:19:58.943  2419  2484 I HwNetworkPolicyManager: getHwUidPolicy uid = 10222 policy = 0
12-27 09:19:58.970  2839  3128 I HidataAppQoeP: foregroundUidAdd uid: 10222 name: org.telegram.messenger activity state: true
12-27 09:19:58.974  2839  3128 I NetworkQoeChr: checkForegroundApp timer end
12-27 09:19:58.975  2296 31213 I HwCommandQueue: updateBarBgColor
12-27 09:19:58.984  2839  3128 I SmartDualCardConfig: getAppType,pkgName=org.telegram.messenger,appType=0
12-27 09:19:58.984  2839  3128 E SmartDualCardConfig: isAppInBlackList false,items==null
12-27 09:19:58.984  2839  3128 I SmartDualCardConfig: isAppInWhiteList false,uid=10222
12-27 09:20:05.129  2839  3128 I HidataAppQoeP: foregroundUidRemove uid: 10198 name: com.whatsapp
12-27 09:20:05.136  2839  3128 I SmartDualCardConfig: getAppType,pkgName=com.whatsapp,appType=0
12-27 09:20:05.136  2839  3128 E SmartDualCardConfig: isAppInBlackList false,items==null
12-27 09:20:05.136  2839  3128 I SmartDualCardConfig: isAppInWhiteList false,uid=10198
12-27 09:20:05.139  6011  6011 I ViewRootImpl: dispatchDetachedFromWindow in doDie
12-27 09:20:05.141  1933  2635 I chatty  : uid=1000(system) Binder:1933_B expire 12 lines
12-27 09:20:05.166  1933  2956 I chatty  : uid=1000(system) Binder:1933_D expire 4 lines
12-27 09:20:05.167  1933  2160 I chatty  : uid=1000(system) ConnectivitySer expire 20 lines
12-27 09:20:06.818  2890  3749 E Mapcon  : VoiceManager-0-Normal: [a]config is null!!!!!!!!!!
12-27 09:20:09.850  1933  1970 I chatty  : uid=1000(system) ActivityManager expire 3 lines
12-27 09:20:12.459  1933  2089 I chatty  : uid=1000(system) AlarmManager expire 3 lines
12-27 09:20:12.821  2890  3749 E Mapcon  : VoiceManager-0-Normal: [a]config is null!!!!!!!!!!
12-27 09:20:12.841  1933  4308 I chatty  : uid=1000(system) Binder:1933_13 expire 6 lines
12-27 09:20:15.068  1933  2087 I chatty  : uid=1000(system) Binder:1933_3 expire 9 lines
12-27 09:20:15.086  1933  2175 I chatty  : uid=1000(system) Thread-6 expire 6 lines
12-27 09:20:18.823  2890  3749 E Mapcon  : VoiceManager-0-Normal: [a]config is null!!!!!!!!!!
12-27 09:20:19.777  1000  1082 I storaged: storaged_t::event: storage_info refreshed.
12-27 09:20:24.829  2890  3749 E Mapcon  : VoiceManager-0-Normal: [a]config is null!!!!!!!!!!
12-27 09:20:27.311  2890  3749 E Mapcon  : VoiceManager-0-Normal: [a]config is null!!!!!!!!!!
12-27 09:20:29.693  1933  1933 I chatty  : uid=1000 system_server expire 10 lines
12-27 09:20:29.851  2890  3749 E Mapcon  : VoiceManager-0-Normal: [a]config is null!!!!!!!!!!
12-27 09:20:31.683  1933  2065 I chatty  : uid=1000(system) UEventObserver expire 17 lines
12-27 09:20:31.697  1933  2064 I chatty  : uid=1000(system) HwBatteryServic expire 1 line
12-27 09:20:31.708  1933  2230 I chatty  : uid=1000(system) HwBinder:1933_3 expire 4 lines
12-27 09:20:31.708  1933  1953 I chatty  : uid=1000(system) android.fg expire 1 line
12-27 09:20:31.737  1933  1955 I chatty  : uid=1000(system) android.io expire 1 line
12-27 09:20:31.744  1933  1978 I chatty  : uid=1000(system) batterystats-wo expire 3 lines
12-27 09:20:31.751  2296  2296 W PowerUI : unknown intent: Intent { act=android.intent.action.ACTION_POWER_CONNECTED flg=0x4000010 (has extras) }
12-27 09:20:31.772  1933  1971 I chatty  : uid=1000(system) ActivityManager expire 2 lines
12-27 09:20:31.772  1933  2670 I chatty  : uid=1000(system) MultiTaskManage expire 2 lines
12-27 09:20:31.790  1933  2088 I chatty  : uid=1000(system) HeartBeatHandle expire 643 lines
12-27 09:20:31.825  1000  2016 I storaged: uid_monitor::update_curr_io_stats_locked: last_uid_io_stats_ size is 461
12-27 09:20:31.825  1000  2016 I storaged: uid_monitor::update_curr_io_stats_locked: curr_io_stats_ size is 463
12-27 09:20:31.826  1933  4755 I chatty  : uid=1000(system) Binder:1933_16 expire 5 lines
12-27 09:20:31.830  1933  2455 I chatty  : uid=1000(system) Binder:1933_6 expire 1 line
12-27 09:20:31.835  1933 10801 I chatty  : uid=1000(system) Binder:1933_1D expire 1 line
12-27 09:20:31.835  1933  9111 I chatty  : uid=1000(system) Binder:1933_1A expire 8 lines
12-27 09:20:31.868  1933  8462 I chatty  : uid=1000(system) Binder:1933_18 expire 12 lines
12-27 09:20:31.918 27408 27432 I ActivityThread: Init compatible state: false
12-27 09:20:32.009 27451 27473 I ActivityThread: Init compatible state: false
12-27 09:20:32.482 27451 27451 I ActivityThread: finishPreloaded preloadStatus 0
12-27 09:20:32.577  1933  2160 I chatty  : uid=1000(system) ConnectivitySer expire 111 lines
12-27 09:20:32.578  1933  1971 I chatty  : uid=1000(system) ActivityManager expire 11 lines
12-27 09:20:32.579  1933  2670 I chatty  : uid=1000(system) MultiTaskManage expire 11 lines
12-27 09:20:32.663  1933  1953 I chatty  : uid=1000(system) android.fg expire 2 lines
12-27 09:20:32.684 11129 11129 W ContextImpl: Calling a method in the system process without a qualified user: android.app.ContextImpl.startService:1698 android.content.ContextWrapper.startService:669 android.content.ContextWrapper.startService:669 com.android.settings.deviceinfo.UsbReceiver.startUsbService:344 com.android.settings.deviceinfo.UsbReceiver.onUsbStateReceive:188 
12-27 09:20:32.702 11129 11129 W ContextImpl: Calling a method in the system process without a qualified user: android.app.ContextImpl.startService:1698 android.content.ContextWrapper.startService:669 android.content.ContextWrapper.startService:669 com.android.settings.deviceinfo.UsbReceiver.startUsbService:344 com.android.settings.deviceinfo.UsbReceiver.onUsbStateReceive:240 
12-27 09:20:32.704  1933  9111 I chatty  : uid=1000(system) Binder:1933_1A expire 14 lines
12-27 09:20:32.738 27560 27578 I ActivityThread: Init compatible state: true
12-27 09:20:32.794  1933  2065 I chatty  : uid=1000(system) UEventObserver expire 4 lines
12-27 09:20:32.810 27408 27408 I ActivityThread: finishPreloaded preloadStatus 0
12-27 09:20:32.813  1933  2087 I chatty  : uid=1000(system) Binder:1933_3 expire 5 lines
12-27 09:20:32.821 27451 27482 W DE J ImageProcessorAlgoImpl: [effect] initAlgoXmlPath() error! can't find xml
12-27 09:20:32.830 27518 27538 I ActivityThread: Init compatible state: false
12-27 09:20:32.837 27518 27518 I ActivityThread: finishPreloaded preloadStatus 0
12-27 09:20:32.864  1933  4329 I chatty  : uid=1000(system) Binder:1933_14 expire 9 lines
12-27 09:20:32.872  1933  1933 I chatty  : uid=1000 system_server expire 33 lines
12-27 09:20:32.914  1933  2292 I chatty  : uid=1000(system) SyncManager expire 6 lines
12-27 09:20:33.040 27635 27676 I ActivityThread: Init compatible state: false
12-27 09:20:33.114 27560 27560 I ActivityThread: finishPreloaded preloadStatus 0
12-27 09:20:33.144 11129 11129 W ContextImpl: Calling a method in the system process without a qualified user: android.app.ContextImpl.startService:1698 android.content.ContextWrapper.startService:669 android.content.ContextWrapper.startService:669 com.android.settings.deviceinfo.UsbReceiver.startUsbService:344 com.android.settings.deviceinfo.UsbReceiver.onUsbStateReceive:188 
12-27 09:20:33.146 11129 11129 W ContextImpl: Calling a method in the system process without a qualified user: android.app.ContextImpl.startService:1698 android.content.ContextWrapper.startService:669 android.content.ContextWrapper.startService:669 com.android.settings.deviceinfo.UsbReceiver.startUsbService:344 com.android.settings.deviceinfo.UsbReceiver.onUsbStateReceive:240 
12-27 09:20:33.160 27635 27635 I ActivityThread: finishPreloaded preloadStatus 0
12-27 09:20:33.349 27609 27609 I ActivityThread: finishPreloaded preloadStatus 0
12-27 09:20:33.364  1933  1970 I chatty  : uid=1000(system) ActivityManager expire 10 lines
12-27 09:20:33.644 27741 27741 I ActivityThread: finishPreloaded preloadStatus 0
12-27 09:20:33.862  1933  1954 I chatty  : uid=1000(system) android.ui expire 3 lines
12-27 09:20:33.983  1933  1957 I chatty  : uid=1000(system) android.anim expire 1 line
12-27 09:20:34.220 27786 27805 I ActivityThread: Init compatible state: true
12-27 09:20:34.295 27786 27786 I ActivityThread: finishPreloaded preloadStatus 0
12-27 09:20:34.485  1933  4755 I chatty  : uid=1000(system) Binder:1933_16 expire 3 lines
12-27 09:20:34.493 27609 27634 I ActivityThread: Init compatible state: false
12-27 09:20:34.496 27655 27681 I ActivityThread: Init compatible state: false
12-27 09:20:34.506  1933  2649 I chatty  : uid=1000(system) Binder:1933_C expire 2 lines
12-27 09:20:34.511  1933  2956 I chatty  : uid=1000(system) Binder:1933_D expire 5 lines
12-27 09:20:34.517 27741 27760 I ActivityThread: Init compatible state: false
12-27 09:20:34.554  1933 10864 I chatty  : uid=1000(system) Binder:1933_1E expire 7 lines
12-27 09:20:34.602  1933  3026 I chatty  : uid=1000(system) Binder:1933_E expire 6 lines
12-27 09:20:34.618  1933  1959 I chatty  : uid=1000(system) monitor thread expire 1 line
12-27 09:20:34.789 27655 27655 I ActivityThread: finishPreloaded preloadStatus 0
12-27 09:20:34.828 27852 27871 I ActivityThread: Init compatible state: false
12-27 09:20:34.948 27741 27783 E ActivityThread: Failed to find provider info for service_oversea_rom
12-27 09:20:35.025 27903 27921 I ActivityThread: Init compatible state: false
12-27 09:20:35.455  1933  2175 I chatty  : uid=1000(system) Thread-6 expire 4 lines
12-27 09:20:35.455  1933  1964 I chatty  : uid=1000(system) HwActivityTaskM expire 2 lines
12-27 09:20:35.475 27655 27835 W SystemConfig: No directory /product_services/etc/sysconfig, skipping
12-27 09:20:35.475 27655 27835 W SystemConfig: No directory /product_services/etc/permissions, skipping
12-27 09:20:35.478 27655 27835 W SystemConfig: No directory /system/emui/base/sysconfig, skipping
12-27 09:20:35.479 27655 27835 W SystemConfig: No directory /system/emui/oversea/sysconfig, skipping
12-27 09:20:35.565 27655 27835 W SystemConfig: No directory /vendor/etc/sysconfig, skipping
12-27 09:20:35.587  1933 10575 I chatty  : uid=1000(system) Binder:1933_1C expire 1 line
12-27 09:20:35.691 27655 27835 W SystemConfig: No directory /odm/etc/sysconfig, skipping
12-27 09:20:35.693 27655 27835 W SystemConfig: No directory /odm/etc/carrier/25099/sysconfig, skipping
12-27 09:20:35.693 27655 27835 W SystemConfig: No directory /odm/etc/carrier/25099/permissions, skipping
12-27 09:20:35.710 27655 27835 W SystemConfig: No directory /odm/hw_odm/YAL-L61/sysconfig, skipping
12-27 09:20:35.710 27655 27835 W SystemConfig: No directory /odm/hw_odm/YAL-L61/permissions, skipping
12-27 09:20:35.710 27655 27835 W SystemConfig: No directory /hw_product/etc/sysconfig, skipping
12-27 09:20:35.721 27655 27835 W SystemConfig: No directory /hw_product/etc/carrier/25099/sysconfig, skipping
12-27 09:20:35.722 27655 27835 W SystemConfig: No directory /hw_product/etc/carrier/25099/permissions, skipping
12-27 09:20:35.722 27655 27835 W SystemConfig: No directory /hw_product/region_comm/oversea/sysconfig, skipping
12-27 09:20:35.726 27655 27835 W SystemConfig: No directory /preas/oversea/sysconfig, skipping
12-27 09:20:35.763 27655 27835 W SystemConfig: No directory /hw_product/hw_oem/YAL-L61/sysconfig, skipping
12-27 09:20:35.763 27655 27835 W SystemConfig: No directory /hw_product/hw_oem/YAL-L61/permissions, skipping
12-27 09:20:35.763 27655 27835 W SystemConfig: No directory /preload/YAL-L61/hw/ru/sysconfig, skipping
12-27 09:20:35.764 27655 27835 W SystemConfig: No directory /cust/global/sysconfig, skipping
12-27 09:20:35.764 27655 27835 W SystemConfig: No directory /cust/global/permissions, skipping
12-27 09:20:35.764 27655 27835 W SystemConfig: No directory /cust/global/carrier/25099/sysconfig, skipping
12-27 09:20:35.764 27655 27835 W SystemConfig: No directory /cust/global/carrier/25099/permissions, skipping
12-27 09:20:35.764 27655 27835 W SystemConfig: No directory /cust/hw/ru/sysconfig, skipping
12-27 09:20:35.765 27655 27835 W SystemConfig: No directory /cust/hw/ru/permissions, skipping
12-27 09:20:35.765 27655 27835 W SystemConfig: No directory /cust/hw/ru/carrier/25099/sysconfig, skipping
12-27 09:20:35.765 27655 27835 W SystemConfig: No directory /cust/hw/ru/carrier/25099/permissions, skipping
12-27 09:20:35.765 27655 27835 W SystemConfig: No directory /hw_product/special_cust/YAL-L61/hw/ru/sysconfig, skipping
12-27 09:20:35.782 27655 27835 W SystemConfig: No directory /version/special_cust/YAL-L61/hw/ru/sysconfig, skipping
12-27 09:20:35.783 27655 27835 W SystemConfig: No directory /version/special_cust/YAL-L61/hw/ru/permissions, skipping
12-27 09:20:35.783 27655 27835 W SystemConfig: No directory /cust/cotalite/sysconfig, skipping
12-27 09:20:35.783 27655 27835 W SystemConfig: No directory /cust/cotalite/permissions, skipping
12-27 09:20:35.783 27655 27835 W SystemConfig: No directory /cust/ecota/sysconfig, skipping
12-27 09:20:35.783 27655 27835 W SystemConfig: No directory /cust/ecota/permissions, skipping
12-27 09:20:35.783 27655 27835 I HwCustSystemConfigImpl: start read overlay feature.
12-27 09:20:35.795 27655 27835 I HwCustSystemConfigImpl: overlay feature take effect.
12-27 09:20:35.857  2890  3749 E Mapcon  : VoiceManager-0-Normal: [a]config is null!!!!!!!!!!
12-27 09:20:36.438 27989 28007 I ActivityThread: Init compatible state: false
12-27 09:20:36.492 27989 27989 I ActivityThread: finishPreloaded preloadStatus 0
12-27 09:20:36.586 28029 28047 E ActivityThread: getApplicationInfo metadata error
12-27 09:20:36.586 28029 28047 I ActivityThread: Init compatible state: false
12-27 09:20:36.659 28029 28029 I ActivityThread: finishPreloaded preloadStatus 0
12-27 09:20:36.770  2890  2890 W SettingsEx: SettingsEx.Systemex.getString deprecated use Settings.System.getString instead, callers = com.android.internal.telephony.gsm.HwCustGsmServiceStateManagerImpl.isMccForShowNetname:202 com.android.internal.telephony.gsm.HwCustGsmServiceStateManagerImpl.isShowNetnameByMcc:193 com.android.internal.telephony.gsm.HwCustGsmServiceStateManagerImpl.setOnsDisplayCustomization:144 
12-27 09:20:36.794  1933  4339 I chatty  : uid=1000(system) Binder:1933_15 expire 10 lines
12-27 09:20:36.814  1933  2160 I chatty  : uid=1000(system) ConnectivitySer expire 48 lines
12-27 09:20:36.877 27852 27852 I ActivityThread: finishPreloaded preloadStatus 0
12-27 09:20:37.149  1933  1971 I chatty  : uid=1000(system) ActivityManager expire 2 lines
12-27 09:20:37.149  1933  2670 I chatty  : uid=1000(system) MultiTaskManage expire 2 lines
12-27 09:20:37.212 28087 28107 I ActivityThread: Init compatible state: false
12-27 09:20:37.231 27903 27903 I ActivityThread: finishPreloaded preloadStatus 0
12-27 09:20:37.273  1933 10864 I chatty  : uid=1000(system) Binder:1933_1E expire 1 line
12-27 09:20:37.333 28115 28134 I ActivityThread: Init compatible state: false
12-27 09:20:37.370 28115 28115 I LoadedApk: appendApkLibPathIfNeeded: applicationInfo.primaryCpuAbi is null
12-27 09:20:37.731 28115 28115 I ActivityThread: finishPreloaded preloadStatus 0
12-27 09:20:37.733 28087 28087 I ActivityThread: finishPreloaded preloadStatus 0
12-27 09:20:37.773 27655 27881 W PackageParser: Unknown element under <manifest>: queries at /data/app/com.huawei.videoeditor-uvbiFjZcnTDfUIzkzi5e5A==/base.apk Binary XML file line #42
12-27 09:20:37.853  1933  2956 I chatty  : uid=1000(system) Binder:1933_D expire 4 lines
12-27 09:20:37.858  1933 13134 I chatty  : uid=1000(system) Binder:1933_1F expire 2 lines
12-27 09:20:37.883  1933  2175 I chatty  : uid=1000(system) Thread-6 expire 10 lines
12-27 09:20:37.883  1933  1964 I chatty  : uid=1000(system) HwActivityTaskM expire 11 lines
12-27 09:20:37.912 11129 11129 I ViewRootImpl: dispatchDetachedFromWindow in doDie
12-27 09:20:37.920  1933  1949 I chatty  : uid=1000(system) Binder:1933_1 expire 15 lines
12-27 09:20:37.924  2296 32123 I HwCommandQueue: updateBarBgColor
12-27 09:20:37.924  1933  1954 I chatty  : uid=1000(system) android.ui expire 2 lines
12-27 09:20:37.933 11129 11129 W ContextImpl: Calling a method in the system process without a qualified user: android.app.ContextImpl.startService:1698 android.content.ContextWrapper.startService:669 com.android.settings.deviceinfo.UsbSettingsService.startShow:887 com.android.settings.deviceinfo.UsbSettingsService.access$2100:41 com.android.settings.deviceinfo.UsbSettingsService$7.onClick:853 
12-27 09:20:37.935  1933  1953 I chatty  : uid=1000(system) android.fg expire 6 lines
12-27 09:20:37.935 11129 11129 W ContextImpl: Calling a method in the system process without a qualified user: android.app.ContextImpl.sendBroadcast:1168 android.content.ContextWrapper.sendBroadcast:448 com.android.settings.deviceinfo.UsbSettingsService$7.onClick:856 com.android.settings.deviceinfo.UsbSettingsService$DialogItemListener.onClick:901 com.android.internal.app.AlertController$AlertParams$3.onItemClick:1361 
12-27 09:20:38.057 11129 11129 W ContextImpl: Calling a method in the system process without a qualified user: android.app.ContextImpl.startService:1698 android.content.ContextWrapper.startService:669 android.content.ContextWrapper.startService:669 com.android.settings.deviceinfo.UsbReceiver.startUsbService:344 com.android.settings.deviceinfo.UsbReceiver.onUsbStateReceive:188 
12-27 09:20:38.059 11129 11129 W ContextImpl: Calling a method in the system process without a qualified user: android.app.ContextImpl.startService:1698 android.content.ContextWrapper.startService:669 android.content.ContextWrapper.startService:669 com.android.settings.deviceinfo.UsbReceiver.startUsbService:344 com.android.settings.deviceinfo.UsbReceiver.onUsbStateReceive:240 
12-27 09:20:38.082  1933  1957 I chatty  : uid=1000(system) android.anim expire 3 lines
12-27 09:20:38.460 11129 11129 W ContextImpl: Calling a method in the system process without a qualified user: android.app.ContextImpl.startService:1698 android.content.ContextWrapper.startService:669 android.content.ContextWrapper.startService:669 com.android.settings.deviceinfo.UsbReceiver.startUsbService:344 com.android.settings.deviceinfo.UsbReceiver.onUsbStateReceive:188 
12-27 09:20:38.464 11129 11129 W ContextImpl: Calling a method in the system process without a qualified user: android.app.ContextImpl.startService:1698 android.content.ContextWrapper.startService:669 android.content.ContextWrapper.startService:669 com.android.settings.deviceinfo.UsbReceiver.startUsbService:344 com.android.settings.deviceinfo.UsbReceiver.onUsbStateReceive:240 
12-27 09:20:38.494 11129 11129 W ContextImpl: Calling a method in the system process without a qualified user: android.app.ContextImpl.startService:1698 android.content.ContextWrapper.startService:669 android.content.ContextWrapper.startService:669 com.android.settings.deviceinfo.UsbReceiver.startUsbService:344 com.android.settings.deviceinfo.UsbReceiver.onUsbStateReceive:188 
12-27 09:20:38.496 11129 11129 W ContextImpl: Calling a method in the system process without a qualified user: android.app.ContextImpl.startService:1698 android.content.ContextWrapper.startService:669 android.content.ContextWrapper.startService:669 com.android.settings.deviceinfo.UsbReceiver.startUsbService:344 com.android.settings.deviceinfo.UsbReceiver.onUsbStateReceive:240 
12-27 09:20:38.974  1933  1933 I chatty  : uid=1000 system_server expire 11 lines
12-27 09:20:39.004  1933 14590 I chatty  : uid=1000(system) Binder:1933_20 expire 1 line
12-27 09:20:39.200  1933  2206 I chatty  : uid=1000(system) Binder:1933_4 expire 13 lines
12-27 09:20:40.618  1933  1959 I chatty  : uid=1000(system) monitor thread expire 10 lines
12-27 09:20:41.864  2890  3749 E Mapcon  : VoiceManager-0-Normal: [a]config is null!!!!!!!!!!
12-27 09:20:46.728  2890  3749 E Mapcon  : VoiceManager-0-Normal: [a]config is null!!!!!!!!!!
12-27 09:20:54.169  2890  3749 E Mapcon  : VoiceManager-0-Normal: [a]config is null!!!!!!!!!!
12-27 09:20:54.604  1933  2520 I chatty  : uid=1000(system) Binder:1933_8 expire 1 line
12-27 09:20:54.607  1933  1970 I chatty  : uid=1000(system) ActivityManager expire 2 lines
12-27 09:20:54.813  2890  3749 E Mapcon  : VoiceManager-0-Normal: [a]config is null!!!!!!!!!!
12-27 09:20:58.065  1933  1933 I chatty  : uid=1000 system_server expire 17 lines
12-27 09:21:01.834  1933  1982 I chatty  : uid=1000(system) PowerManagerSer expire 16 lines
12-27 09:21:02.343  1933  2175 I chatty  : uid=1000(system) Thread-6 expire 12 lines
12-27 09:21:02.372  1933  4755 I chatty  : uid=1000(system) Binder:1933_16 expire 2 lines
12-27 09:21:02.373  1933  2160 I chatty  : uid=1000(system) ConnectivitySer expire 7 lines
12-27 09:21:03.227  1933  2065 I chatty  : uid=1000(system) UEventObserver expire 8 lines
12-27 09:21:06.371  1933  2115 I chatty  : uid=1000(system) GestureNavManag expire 1 line
12-27 09:21:09.992  2839  3128 I NetworkQoeChr: onQoeStatusEnd
12-27 09:21:11.021  1933  1949 I chatty  : uid=1000(system) Binder:1933_1 expire 10 lines
12-27 09:21:13.107  1933  3026 I chatty  : uid=1000(system) Binder:1933_E expire 4 lines
12-27 09:21:19.574  2839  3128 I CommBoosterRequest: mModemId = 0slot id = 0
12-27 09:21:19.588  2839  3128 E OllieTelephony: sendFullData err:1
12-27 09:21:19.588  2839  3128 I CommBoosterRequest: mModemId = 0slot id = 0
12-27 09:21:19.599  2839  3128 E OllieTelephony: sendFullData err:1
12-27 09:21:19.778  1000  1082 I storaged: storaged_t::event: storage_info refreshed.
12-27 09:21:26.167  2890  3749 E Mapcon  : VoiceManager-0-Normal: [a]config is null!!!!!!!!!!
12-27 09:21:26.811  2890  3749 E Mapcon  : VoiceManager-0-Normal: [a]config is null!!!!!!!!!!
12-27 09:21:30.039  1933  1982 I chatty  : uid=1000(system) PowerManagerSer expire 21 lines
12-27 09:21:32.846  1933  2089 I chatty  : uid=1000(system) AlarmManager expire 1 line
12-27 09:21:34.665  1933  2237 I chatty  : uid=1000(system) HwProximitySens expire 1 line
12-27 09:21:36.040  1933  1933 I chatty  : uid=1000 system_server expire 2 lines
12-27 09:21:36.090  1933  1956 I chatty  : uid=1000(system) android.display expire 12 lines
12-27 09:21:36.101  1933  1949 I chatty  : uid=1000(system) Binder:1933_1 expire 9 lines
12-27 09:21:36.107  1933  2189 I chatty  : uid=1000(system) biometricServci expire 1 line
12-27 09:21:36.163  1933  2230 I chatty  : uid=1000(system) HwBinder:1933_3 expire 1 line
12-27 09:21:36.164  2296  2296 W FingerprintManager: Invalid acquired message: 6, 1001
12-27 09:21:36.239  1933  1982 I chatty  : uid=1000(system) PowerManagerSer expire 18 lines
12-27 09:21:36.306  1933  3026 I chatty  : uid=1000(system) Binder:1933_E expire 4 lines
12-27 09:21:36.309  1933  2237 I chatty  : uid=1000(system) HwProximitySens expire 1 line
12-27 09:21:36.310  1933  2242 I chatty  : uid=1000(system) PhotonicModulat expire 1 line
12-27 09:21:36.316  1933  1964 I chatty  : uid=1000(system) HwActivityTaskM expire 6 lines
12-27 09:21:36.317  1933  2175 I chatty  : uid=1000(system) Thread-6 expire 10 lines
12-27 09:21:36.327  2839  3128 I HidataAppQoeP: foregroundUidRemove uid: 10222 name: org.telegram.messenger
12-27 09:21:36.337  2839  3130 I CommBoosterRequest: mModemId = 0slot id = 0
12-27 09:21:36.344  1933  1933 I chatty  : uid=1000 system_server expire 28 lines
12-27 09:21:36.346  1933  2087 I chatty  : uid=1000(system) Binder:1933_3 expire 1 line
12-27 09:21:36.346  2839  3128 I SmartDualCardConfig: getAppType,pkgName=org.telegram.messenger,appType=0
12-27 09:21:36.347  2839  3128 E SmartDualCardConfig: isAppInBlackList false,items==null
12-27 09:21:36.347  2839  3128 I SmartDualCardConfig: isAppInWhiteList false,uid=10222
12-27 09:21:36.352  2839  3130 E OllieTelephony: sendFullData err:1
12-27 09:21:36.367  1933  1954 I chatty  : uid=1000(system) android.ui expire 6 lines
12-27 09:21:36.372  1933  1957 I chatty  : uid=1000(system) android.anim expire 10 lines
12-27 09:21:36.375  1933 14590 I chatty  : uid=1000(system) Binder:1933_20 expire 6 lines
12-27 09:21:36.568  1933  2128 I chatty  : uid=1000(system) StorageManagerS expire 1 line
12-27 09:21:36.576  1933  4308 I chatty  : uid=1000(system) Binder:1933_13 expire 11 lines
12-27 09:21:36.601  1933  2146 I chatty  : uid=1000(system) WifiP2pService expire 3 lines
12-27 09:21:36.613  1933 10801 I chatty  : uid=1000(system) Binder:1933_1D expire 5 lines
12-27 09:21:36.614  2839  2839 I HwKeystoreServiceImpl: User lock userId:0
12-27 09:21:36.622 18271 18271 I ActivityThread: Handle window ActivityRecord{5d51c28 token=android.os.BinderProxy@1984a92 {org.telegram.messenger/org.telegram.ui.LaunchActivity}} visibility: false
12-27 09:21:36.666  1933  2616 I chatty  : uid=1000(system) Binder:1933_9 expire 10 lines
12-27 09:21:36.703  1933  2635 I chatty  : uid=1000(system) Binder:1933_B expire 4 lines
12-27 09:21:36.710  1933  2115 I chatty  : uid=1000(system) GestureNavManag expire 6 lines
12-27 09:21:36.795  1933  2520 I chatty  : uid=1000(system) Binder:1933_8 expire 35 lines
12-27 09:21:36.839  1933  1967 I chatty  : uid=1000(system) android.bg expire 2 lines
12-27 09:21:36.853  2839  3128 I CommBoosterRequest: mModemId = 0slot id = 0
12-27 09:21:36.867  2839  3128 E BoosterGameP: inValidCQI:-1
12-27 09:21:36.872  2839  3128 I DeepNoDisturbSM: setScreenState isScreenOn=false
12-27 09:21:36.872  2839  2839 I DeepNoDisturbSM: IdleState processMessage msg.what=EVENT_SCREEN_OFF
12-27 09:21:36.872  2839  2839 I DeepNoDisturbSM: IdleState: default msg.what=11
12-27 09:21:36.876  2839  3128 I HidataAppQoeP: other status.
12-27 09:21:36.878  2839  3128 I PreDnsQuery: No need to handled!
12-27 09:21:37.151  8563 26026 E ActivityThread: Failed to find provider info for com.huawei.ca
12-27 09:21:37.177  6485  7066 E ActivityThread: Failed to find provider info for com.huawei.pengine.UserProfileProvider
12-27 09:21:37.178  6485  7066 E ActivityThread: Failed to find provider info for com.huawei.pengine.UserProfileProvider
12-27 09:21:37.267  1933  1971 I chatty  : uid=1000(system) ActivityManager expire 2 lines
12-27 09:21:37.268  1933  2670 I chatty  : uid=1000(system) MultiTaskManage expire 5 lines
12-27 09:21:37.358 28260 28278 I ActivityThread: Init compatible state: false
12-27 09:21:37.605 28260 28260 I ActivityThread: finishPreloaded preloadStatus 0
12-27 09:21:39.631  2839  2839 I HwCoreAppHelperService: LocalReceiver receives:android.intent.action.PACKAGE_RESTARTED,pkg:com.google.android.inputmethod.latin,uid:10170
12-27 09:21:39.992  2839  3128 I CommBoosterRequest: mModemId = 0slot id = 0
12-27 09:21:40.001  2839  3128 E OllieTelephony: sendFullData err:1
12-27 09:21:40.338 28378 28397 I ActivityThread: Init compatible state: false
12-27 09:21:40.503 28378 28378 I ActivityThread: finishPreloaded preloadStatus 0
12-27 09:21:40.614 28378 28400 W DE J ImageProcessorAlgoImpl: [effect] initAlgoXmlPath() error! can't find xml
12-27 09:21:40.621  1933  1959 I chatty  : uid=1000(system) monitor thread expire 7 lines
12-27 09:21:40.823  1933 13134 I chatty  : uid=1000(system) Binder:1933_1F expire 14 lines
12-27 09:21:46.635  1933  2089 I chatty  : uid=1000(system) AlarmManager expire 2 lines
12-27 09:21:48.045  1933  8645 I chatty  : uid=1000(system) Binder:1933_19 expire 1 line
12-27 09:21:52.776  1933  2517 I chatty  : uid=1000(system) Binder:1933_7 expire 18 lines
12-27 09:22:00.565  1933  1970 I chatty  : uid=1000(system) ActivityManager expire 2 lines
12-27 09:22:00.621  1933  4755 I chatty  : uid=1000(system) Binder:1933_16 expire 11 lines
12-27 09:22:01.476  1933  2633 I chatty  : uid=1000(system) Binder:1933_A expire 30 lines
12-27 09:22:04.639  1933  2065 I chatty  : uid=1000(system) UEventObserver expire 4 lines
12-27 09:22:19.779  1000  1082 I storaged: storaged_t::event: storage_info refreshed.
12-27 09:22:20.080  1933  2633 I chatty  : uid=1000(system) Binder:1933_A expire 4 lines
12-27 09:22:21.169  1933  2520 I chatty  : uid=1000(system) Binder:1933_8 expire 31 lines
12-27 09:22:22.622  1933  1959 I chatty  : uid=1000(system) monitor thread expire 10 lines
12-27 09:22:23.085  1933  2633 I chatty  : uid=1000(system) Binder:1933_A expire 21 lines
12-27 09:22:35.370  1933  2065 I chatty  : uid=1000(system) UEventObserver expire 16 lines
12-27 09:22:36.324  1933  1933 I chatty  : uid=1000 system_server expire 14 lines
12-27 09:22:37.288  1933 10575 I chatty  : uid=1000(system) Binder:1933_1C expire 32 lines
12-27 09:22:37.600  1933  4755 I chatty  : uid=1000(system) Binder:1933_16 expire 7 lines
12-27 09:22:37.858  1933  2517 I chatty  : uid=1000(system) Binder:1933_7 expire 45 lines
12-27 09:23:00.355  1933  2175 I chatty  : uid=1000(system) Thread-6 expire 4 lines
12-27 09:23:00.356  1933  1964 I chatty  : uid=1000(system) HwActivityTaskM expire 2 lines
12-27 09:23:00.384  1933  2649 I chatty  : uid=1000(system) Binder:1933_C expire 1 line
12-27 09:23:00.387  1933  1956 I chatty  : uid=1000(system) android.display expire 1 line
12-27 09:23:00.614  1933  4306 I chatty  : uid=1000(system) Binder:1933_12 expire 3 lines
12-27 09:23:00.647  1933  1971 I chatty  : uid=1000(system) ActivityManager expire 3 lines
12-27 09:23:00.648  1933  2670 I chatty  : uid=1000(system) MultiTaskManage expire 3 lines
12-27 09:23:00.698 28847 28865 I ActivityThread: Init compatible state: false
12-27 09:23:00.993 28847 28847 I ActivityThread: finishPreloaded preloadStatus 0
12-27 09:23:19.781  1000  1082 I storaged: storaged_t::event: storage_info refreshed.
12-27 09:23:22.627  1933  1959 I chatty  : uid=1000(system) monitor thread expire 10 lines
12-27 09:23:59.647  1933  1978 I chatty  : uid=1000(system) batterystats-wo expire 2 lines
12-27 09:24:19.783  1000  1082 I storaged: storaged_t::event: storage_info refreshed.
12-27 09:24:21.637  1933  1967 I chatty  : uid=1000(system) android.bg expire 2 lines
12-27 09:24:22.638  1933  1959 I chatty  : uid=1000(system) monitor thread expire 10 lines
12-27 09:24:34.606  1933  2065 I chatty  : uid=1000(system) UEventObserver expire 12 lines
12-27 09:24:36.092  1933  1970 I chatty  : uid=1000(system) ActivityManager expire 2 lines
12-27 09:24:50.521  1933  2520 I chatty  : uid=1000(system) Binder:1933_8 expire 2 lines
12-27 09:25:17.034  1933  2633 I chatty  : uid=1000(system) Binder:1933_A expire 1 line
12-27 09:25:19.786  1000  1082 I storaged: storaged_t::event: storage_info refreshed.
12-27 09:25:22.647  1933  1959 I chatty  : uid=1000(system) monitor thread expire 10 lines
12-27 09:25:29.697  1933  2089 I chatty  : uid=1000(system) AlarmManager expire 5 lines
12-27 09:25:39.677  1933  2065 I chatty  : uid=1000(system) UEventObserver expire 12 lines
12-27 09:26:19.789  1000  1082 I storaged: storaged_t::event: storage_info refreshed.
12-27 09:26:22.659  1933  1959 I chatty  : uid=1000(system) monitor thread expire 4 lines
12-27 09:26:42.702  1933  1933 I chatty  : uid=1000 system_server expire 30 lines
12-27 09:26:42.726  1933 13134 I chatty  : uid=1000(system) Binder:1933_1F expire 2 lines
12-27 09:26:42.758 28925 28943 I ActivityThread: Init compatible state: false
12-27 09:26:42.784  1933  2517 I chatty  : uid=1000(system) Binder:1933_7 expire 3 lines
12-27 09:26:42.808 28947 28970 I ActivityThread: Init compatible state: true
12-27 09:26:43.043  1933 28980 I chatty  : uid=1000 system_server expire 1 line
12-27 09:26:43.045 28925 28925 W ContextImpl: Calling a method in the system process without a qualified user: android.app.ContextImpl.startService:1698 android.content.ContextWrapper.startService:669 com.huawei.securitycentersdk.SecurityCenterContext.startHwSecService:10 com.huawei.securitycentersdk.SecurityCenterContext.startServices:0 com.huawei.securitycentersdk.SecurityCenterContext.inject:7 
12-27 09:26:43.057 28925 28925 I ActivityThread: finishPreloaded preloadStatus 0
12-27 09:26:43.323 28947 28947 I ActivityThread: finishPreloaded preloadStatus 0
12-27 09:26:43.396  1933 10864 I chatty  : uid=1000(system) Binder:1933_1E expire 1 line
12-27 09:26:43.396  1933  2160 I chatty  : uid=1000(system) ConnectivitySer expire 136 lines
12-27 09:26:43.414  1933  4306 I chatty  : uid=1000(system) Binder:1933_12 expire 9 lines
12-27 09:26:43.425  1933 10864 I chatty  : uid=1000(system) Binder:1933_1E expire 19 lines
12-27 09:26:43.455  1933  2520 I chatty  : uid=1000(system) Binder:1933_8 expire 24 lines
12-27 09:26:43.518  1933 13134 I chatty  : uid=1000(system) Binder:1933_1F expire 9 lines
12-27 09:26:43.578  1933  2517 I chatty  : uid=1000(system) Binder:1933_7 expire 10 lines
12-27 09:26:44.225  1933 28980 I chatty  : uid=1000 system_server expire 10 lines
12-27 09:26:44.248  1933  1933 I chatty  : uid=1000 system_server expire 10 lines
12-27 09:26:44.418  1933  1971 I chatty  : uid=1000(system) ActivityManager expire 4 lines
12-27 09:26:44.419  1933  2670 I chatty  : uid=1000(system) MultiTaskManage expire 4 lines
12-27 09:26:44.468 29070 29088 I ActivityThread: Init compatible state: true
12-27 09:26:44.571 29070 29070 I ActivityThread: finishPreloaded preloadStatus 0
12-27 09:26:46.663  1933  1959 I chatty  : uid=1000(system) monitor thread expire 6 lines
12-27 09:26:51.757 28925 28982 W ContextImpl: Calling a method in the system process without a qualified user: android.app.ContextImpl.bindService:1777 android.content.ContextWrapper.bindService:705 clear.sdk.ch.d:25 clear.sdk.ch.create:4 clear.sdk.cg.a:2 
12-27 09:26:51.758  1933  2633 I chatty  : uid=1000(system) Binder:1933_A expire 3 lines
12-27 09:26:52.227  1933  1967 I chatty  : uid=1000(system) android.bg expire 1 line
12-27 09:26:53.299 28925 29145 W ContextImpl: Calling a method in the system process without a qualified user: android.app.ContextImpl.bindService:1777 android.content.ContextWrapper.bindService:705 clear.sdk.ch.d:25 clear.sdk.ch.e:0 clear.sdk.ch.scanApk:5 
12-27 09:26:53.303 28925 29145 W ContextImpl: Calling a method in the system process without a qualified user: android.app.ContextImpl.bindService:1777 android.content.ContextWrapper.bindService:705 clear.sdk.ch.d:25 clear.sdk.ch.e:0 clear.sdk.ch.scanApk:5 
12-27 09:26:53.305 28925 29145 W ContextImpl: Calling a method in the system process without a qualified user: android.app.ContextImpl.bindService:1777 android.content.ContextWrapper.bindService:705 clear.sdk.ch.d:25 clear.sdk.ch.e:0 clear.sdk.ch.scanApk:5 
12-27 09:26:53.307 29122 29140 I ActivityThread: Init compatible state: true
12-27 09:26:54.040 29122 29122 I ActivityThread: finishPreloaded preloadStatus 0
12-27 09:26:55.602 29185 29204 I ActivityThread: Init compatible state: true
12-27 09:26:55.611  1933 10864 I chatty  : uid=1000(system) Binder:1933_1E expire 1 line
12-27 09:26:55.628 29185 29185 I ActivityThread: finishPreloaded preloadStatus 0
12-27 09:26:55.688  2757  6941 W ContextImpl: Calling a method in the system process without a qualified user: android.app.ContextImpl.bindService:1777 android.content.ContextWrapper.bindService:705 com.huawei.nb.searchmanager.service.f.g:206 com.huawei.nb.searchmanager.service.f.a:791 com.huawei.nb.searchmanager.service.f.a:605 
12-27 09:26:55.768 29212 29230 I ActivityThread: Init compatible state: false
12-27 09:26:55.777  1933 28980 I chatty  : uid=1000 system_server expire 2 lines
12-27 09:26:55.807 29212 29212 I ActivityThread: finishPreloaded preloadStatus 0
12-27 09:26:58.583  1933  2520 I chatty  : uid=1000(system) Binder:1933_8 expire 1 line
12-27 09:27:01.611  1933  2175 I chatty  : uid=1000(system) Thread-6 expire 7 lines
12-27 09:27:01.612  1933  1964 I chatty  : uid=1000(system) HwActivityTaskM expire 3 lines
12-27 09:27:01.659 28925 29005 W PackageParser: Unknown element under <manifest>: queries at /storage/emulated/0/Download/Binance.apk Binary XML file line #49
12-27 09:27:01.757 28925 29005 W SystemConfig: No directory /product_services/etc/sysconfig, skipping
12-27 09:27:01.757 28925 29005 W SystemConfig: No directory /product_services/etc/permissions, skipping
12-27 09:27:01.761 28925 29005 W SystemConfig: No directory /system/emui/base/sysconfig, skipping
12-27 09:27:01.763 28925 29005 W SystemConfig: No directory /system/emui/oversea/sysconfig, skipping
12-27 09:27:01.765 28925 29005 W SystemConfig: No directory /vendor/etc/sysconfig, skipping
12-27 09:27:01.777 28925 29005 W SystemConfig: No directory /odm/etc/sysconfig, skipping
12-27 09:27:01.779 28925 29005 W SystemConfig: No directory /odm/etc/carrier/25099/sysconfig, skipping
12-27 09:27:01.780 28925 29005 W SystemConfig: No directory /odm/etc/carrier/25099/permissions, skipping
12-27 09:27:01.780 28925 29005 W SystemConfig: No directory /odm/hw_odm/YAL-L61/sysconfig, skipping
12-27 09:27:01.780 28925 29005 W SystemConfig: No directory /odm/hw_odm/YAL-L61/permissions, skipping
12-27 09:27:01.780 28925 29005 W SystemConfig: No directory /hw_product/etc/sysconfig, skipping
12-27 09:27:01.785 28925 29005 W SystemConfig: No directory /hw_product/etc/carrier/25099/sysconfig, skipping
12-27 09:27:01.785 28925 29005 W SystemConfig: No directory /hw_product/etc/carrier/25099/permissions, skipping
12-27 09:27:01.785 28925 29005 W SystemConfig: No directory /hw_product/region_comm/oversea/sysconfig, skipping
12-27 09:27:01.787 28925 29005 W SystemConfig: No directory /preas/oversea/sysconfig, skipping
12-27 09:27:01.794 28925 29005 W SystemConfig: No directory /hw_product/hw_oem/YAL-L61/sysconfig, skipping
12-27 09:27:01.794 28925 29005 W SystemConfig: No directory /hw_product/hw_oem/YAL-L61/permissions, skipping
12-27 09:27:01.794 28925 29005 W SystemConfig: No directory /preload/YAL-L61/hw/ru/sysconfig, skipping
12-27 09:27:01.795 28925 29005 W SystemConfig: No directory /cust/global/sysconfig, skipping
12-27 09:27:01.795 28925 29005 W SystemConfig: No directory /cust/global/permissions, skipping
12-27 09:27:01.795 28925 29005 W SystemConfig: No directory /cust/global/carrier/25099/sysconfig, skipping
12-27 09:27:01.795 28925 29005 W SystemConfig: No directory /cust/global/carrier/25099/permissions, skipping
12-27 09:27:01.795 28925 29005 W SystemConfig: No directory /cust/hw/ru/sysconfig, skipping
12-27 09:27:01.795 28925 29005 W SystemConfig: No directory /cust/hw/ru/permissions, skipping
12-27 09:27:01.796 28925 29005 W SystemConfig: No directory /cust/hw/ru/carrier/25099/sysconfig, skipping
12-27 09:27:01.796 28925 29005 W SystemConfig: No directory /cust/hw/ru/carrier/25099/permissions, skipping
12-27 09:27:01.796 28925 29005 W SystemConfig: No directory /hw_product/special_cust/YAL-L61/hw/ru/sysconfig, skipping
12-27 09:27:01.797 28925 29005 W SystemConfig: No directory /version/special_cust/YAL-L61/hw/ru/sysconfig, skipping
12-27 09:27:01.797 28925 29005 W SystemConfig: No directory /version/special_cust/YAL-L61/hw/ru/permissions, skipping
12-27 09:27:01.797 28925 29005 W SystemConfig: No directory /cust/cotalite/sysconfig, skipping
12-27 09:27:01.797 28925 29005 W SystemConfig: No directory /cust/cotalite/permissions, skipping
12-27 09:27:01.797 28925 29005 W SystemConfig: No directory /cust/ecota/sysconfig, skipping
12-27 09:27:01.798 28925 29005 W SystemConfig: No directory /cust/ecota/permissions, skipping
12-27 09:27:01.798 28925 29005 I HwCustSystemConfigImpl: start read overlay feature.
12-27 09:27:01.801 28925 29005 I HwCustSystemConfigImpl: overlay feature take effect.
12-27 09:27:05.413  1933  4339 I chatty  : uid=1000(system) Binder:1933_15 expire 1 line
12-27 09:27:05.444  1933 10575 I chatty  : uid=1000(system) Binder:1933_1C expire 7 lines
12-27 09:27:05.456  1933  1954 I chatty  : uid=1000(system) android.ui expire 1 line
12-27 09:27:07.110  1933  2089 I chatty  : uid=1000(system) AlarmManager expire 2 lines
12-27 09:27:11.837  1933  2065 I chatty  : uid=1000(system) UEventObserver expire 4 lines
12-27 09:27:19.790  1000  1082 I storaged: storaged_t::event: storage_info refreshed.
12-27 09:27:20.131  1933  1949 I chatty  : uid=1000(system) Binder:1933_1 expire 14 lines
12-27 09:27:20.179  1933  1964 I chatty  : uid=1000(system) HwActivityTaskM expire 6 lines
12-27 09:27:20.179  1933  2175 I chatty  : uid=1000(system) Thread-6 expire 7 lines
12-27 09:27:20.244  1933  1954 I chatty  : uid=1000(system) android.ui expire 8 lines
12-27 09:27:22.667  1933  1959 I chatty  : uid=1000(system) monitor thread expire 8 lines
12-27 09:27:28.255  1933  1933 I chatty  : uid=1000 system_server expire 21 lines
12-27 09:27:28.316  1933  5076 I chatty  : uid=1000(system) Binder:1933_17 expire 4 lines
12-27 09:27:42.561  1933  2065 I chatty  : uid=1000(system) UEventObserver expire 5 lines
12-27 09:27:53.870  1933  2517 I chatty  : uid=1000(system) Binder:1933_7 expire 10 lines
12-27 09:28:04.800  1933  2230 I chatty  : uid=1000(system) HwBinder:1933_3 expire 6 lines
12-27 09:28:04.805  1933  2189 I chatty  : uid=1000(system) biometricServci expire 5 lines
12-27 09:28:04.819  1933  1982 I chatty  : uid=1000(system) PowerManagerSer expire 33 lines
12-27 09:28:04.821  2296  2296 W FingerprintManager: Invalid acquired message: 6, 1002
12-27 09:28:04.830  1933  1957 I chatty  : uid=1000(system) android.anim expire 25 lines
12-27 09:28:04.839  1933  1956 I chatty  : uid=1000(system) android.display expire 7 lines
12-27 09:28:04.847  1933  1933 I chatty  : uid=1000 system_server expire 24 lines
12-27 09:28:04.853  1933  2649 I chatty  : uid=1000(system) Binder:1933_C expire 4 lines
12-27 09:28:04.906  2296 12191 I FingerprintManager: binder call and send onAuthenticationSucceeded msg
12-27 09:28:04.914  2296  2296 I FingerprintManager: callback sendAuthenticatedSucceeded
12-27 09:28:04.936  1933  4755 I chatty  : uid=1000(system) Binder:1933_16 expire 6 lines
12-27 09:28:04.967  1933  8645 I chatty  : uid=1000(system) Binder:1933_19 expire 10 lines
12-27 09:28:04.985  2296  2296 E HwAodManager: getAodInfo due to null service!
12-27 09:28:04.990  2839  3128 I BoosterTelephonyCollector: handleDsdsStateChanged:dsds state= 0
12-27 09:28:05.008  1933  2242 I chatty  : uid=1000(system) PhotonicModulat expire 1 line
12-27 09:28:05.012  2839  3128 I HidataAppQoeP: foregroundUidAdd uid: 10222 name: org.telegram.messenger activity state: true
12-27 09:28:05.014  2839  3128 I NetworkQoeChr: checkForegroundApp timer end
12-27 09:28:05.018  1933  1949 I chatty  : uid=1000(system) Binder:1933_1 expire 4 lines
12-27 09:28:05.018  2839  3128 I SmartDualCardConfig: getAppType,pkgName=org.telegram.messenger,appType=0
12-27 09:28:05.018  2839  3128 E SmartDualCardConfig: isAppInBlackList false,items==null
12-27 09:28:05.018  2839  3128 I SmartDualCardConfig: isAppInWhiteList false,uid=10222
12-27 09:28:05.028  1933  2517 I chatty  : uid=1000(system) Binder:1933_7 expire 1 line
12-27 09:28:05.071  2890  2890 W SettingsEx: SettingsEx.Systemex.getString deprecated use Settings.System.getString instead, callers = com.android.internal.telephony.gsm.HwCustGsmServiceStateManagerImpl.isMccForShowNetname:202 com.android.internal.telephony.gsm.HwCustGsmServiceStateManagerImpl.isShowNetnameByMcc:193 com.android.internal.telephony.gsm.HwCustGsmServiceStateManagerImpl.setOnsDisplayCustomization:144 
12-27 09:28:05.082  2890  2890 W SettingsEx: SettingsEx.Systemex.getString deprecated use Settings.System.getString instead, callers = com.android.internal.telephony.gsm.HwCustGsmServiceStateManagerImpl.isMccForShowNetname:202 com.android.internal.telephony.gsm.HwCustGsmServiceStateManagerImpl.isShowNetnameByMcc:193 com.android.internal.telephony.gsm.HwCustGsmServiceStateManagerImpl.setOnsDisplayCustomization:144 
12-27 09:28:05.100  1933 14590 I chatty  : uid=1000(system) Binder:1933_20 expire 9 lines
12-27 09:28:05.118  2296 12191 I HwCommandQueue: updateBarBgColor
12-27 09:28:05.320  2839  2839 I HwKeystoreServiceImpl: User unlock userId:0
12-27 09:28:05.328  1933  1970 I chatty  : uid=1000(system) ActivityManager expire 8 lines
12-27 09:28:05.341  2839  3128 I PreDnsQuery: No need to handled!
12-27 09:28:05.356  1933  2128 I chatty  : uid=1000(system) StorageManagerS expire 1 line
12-27 09:28:05.427  1933  2633 I chatty  : uid=1000(system) Binder:1933_A expire 1 line
12-27 09:28:05.490  1933  2146 I chatty  : uid=1000(system) WifiP2pService expire 6 lines
12-27 09:28:05.531  1933  2160 I chatty  : uid=1000(system) ConnectivitySer expire 1 line
12-27 09:28:05.532  1933  2157 I chatty  : uid=1000(system) ConnectivityThr expire 18 lines
12-27 09:28:05.563  1933  2635 I chatty  : uid=1000(system) Binder:1933_B expire 6 lines
12-27 09:28:05.598  1933  1933 I chatty  : uid=1000 system_server expire 11 lines
12-27 09:28:05.626  2839  3128 I CommBoosterRequest: mModemId = 0slot id = 0
12-27 09:28:05.639  2839  3128 I SmartDualCardConfig: getAppType,pkgName=org.telegram.messenger,appType=0
12-27 09:28:05.639  2839  3128 E SmartDualCardConfig: isAppInBlackList false,items==null
12-27 09:28:05.639  2839  3128 I SmartDualCardConfig: isAppInWhiteList false,uid=10222
12-27 09:28:05.641  2839  3128 E BoosterGameP: inValidCQI:-1
12-27 09:28:05.659  1933  8645 I chatty  : uid=1000(system) Binder:1933_19 expire 11 lines
12-27 09:28:05.660  1933  1949 I chatty  : uid=1000(system) Binder:1933_1 expire 12 lines
12-27 09:28:05.664  2839  3128 I DeepNoDisturbSM: setScreenState isScreenOn=true
12-27 09:28:05.664  2839  2839 I DeepNoDisturbSM: IdleState processMessage msg.what=EVENT_SCREEN_ON
12-27 09:28:05.668  2839  2839 I DeepNoDisturbSM: isWifiConnected = true
12-27 09:28:05.670  1933  4755 I chatty  : uid=1000(system) Binder:1933_16 expire 11 lines
12-27 09:28:05.671  2839  3128 I HidataAppQoeP: other status.
12-27 09:28:05.676  2839  3128 I PreDnsQuery: No need to handled!
12-27 09:28:05.676  2839  3128 I NetworkQoeChr: start qoe report
12-27 09:28:05.684  2839  2839 I DeepNoDisturbSM: isNetworkTypeSuitDeepNoDisturbMode networkType = 13
12-27 09:28:05.686  2839  2839 I DeepNoDisturbSM: isCorrectState=true mIsCallOn=false mGameStatus=0 defaultDataSubId=1 default4GSlotId=0 mIsDefaultDataOn=false mIsScreenOn=true deepNoDisturbModeProp=true isDeepNoDisturbSwitchOn=false isGameDndSwitchOn=true isNetworkTypeSuitDeepNoDisturbMode=true isAirplaneModeOn()=false
12-27 09:28:05.686  2839  2839 I DeepNoDisturbSM: isNeedEnterDeepNoDisturbMode false
12-27 09:28:05.730  2839  3128 I BoosterTelephonyCollector: handleDsdsStateChanged:dsds state= 0
12-27 09:28:05.856  2890  3749 E Mapcon  : VoiceManager-0-Normal: [a]config is null!!!!!!!!!!
