12-27 09:40:14.601  1933  1933 I JobScheduler: isComponentUsable: 316ced0 #u0a88/542687723 com.google.android.apps.tachyon/.jobs.NativeJobSchedulerJobService component not present
12-27 09:40:14.601  1933  1933 I JobScheduler: isComponentUsable: 316ced0 #u0a88/542687723 com.google.android.apps.tachyon/.jobs.NativeJobSchedulerJobService component not present
12-27 09:40:14.603  1933  1933 I JobScheduler: Ready to Be Executed: 440eb69 #1000/8002 android/com.android.server.pm.BackgroundDexOptService pending=false active=true
12-27 09:40:15.111  1933  2517 V ActivityManager: Successfully start provider ContentProviderRecord{d71a5c4 u0 com.android.gallery3d/com.huawei.gallery.provider.GalleryProvider} launchingApp=null caller pid= 28378
12-27 09:40:15.875 12956 13241 D HwLoadedApk: libSearchPath: /hw_product/region_comm/oversea/app/HwHiAiEngine/visionplugin-facecluster-kirin980-oversea-release.apk!/lib/arm64-v8a:/hw_product/region_comm/oversea/app/HwHiAiEngine/lib/arm64:/system/lib64:/hw_product/lib64:/system/product/lib64:/prets/lib64
12-27 09:40:16.200  1933  8078 D HwConnectivityServiceEx: set 1000 wlan0 value false
12-27 09:40:16.365  1933  4308 V ActivityManager: Successfully start provider ContentProviderRecord{fe5c24f u0 com.android.providers.contacts/.ContactsProvider2} launchingApp=ProcessRecord{892d4ae 11935:android.process.acore/u0a9} caller pid= 6538
12-27 09:40:16.430  1933  3026 D HwConnectivityServiceEx: set 10026 wlan0 value false
12-27 09:40:16.664  2757  2775 W ContextImpl: Calling a method in the system process without a qualified user: android.app.ContextImpl.bindService:1777 android.content.ContextWrapper.bindService:705 com.huawei.nb.searchmanager.service.f.g:206 com.huawei.nb.searchmanager.service.f.b:1017 com.huawei.nb.searchmanager.service.i.b:672 
12-27 09:40:16.720  1933  1959 I AppEyeFwkBlock: do monitor
12-27 09:40:16.818 12956 13241 D HwLoadedApk: libSearchPath: /hw_product/region_comm/oversea/app/HwHiAiEngine/visionplugin-facecluster-kirin980-oversea-release.apk!/lib/arm64-v8a:/hw_product/region_comm/oversea/app/HwHiAiEngine/lib/arm64:/system/lib64:/hw_product/lib64:/system/product/lib64:/prets/lib64
12-27 09:40:17.180  1933  2160 I ConnectivityService: releasing NetworkRequest [ REQUEST id=5553, [ Transports: CELLULAR Capabilities: INTERNET&NOT_RESTRICTED&TRUSTED&NOT_VPN Uid: 10121 DNN:  SSCMODE: 0 SNSSAI:  PduSessionType: 0 RouteBitmap: 0] ] (release request)
12-27 09:40:17.582  2839  3128 I NetworkQoeChr: onQoeStatusEnd
12-27 09:40:18.584  1933  4308 D HwConnectivityServiceEx: set 10090 wlan0 value true
12-27 09:40:18.585  1933  4308 I ConnectivityService: B uid 10090
12-27 09:40:18.968  1933  2517 D HwConnectivityServiceEx: set 10026 wlan0 value false
12-27 09:40:19.349  2757 15032 W ContextImpl: Calling a method in the system process without a qualified user: android.app.ContextImpl.bindService:1777 android.content.ContextWrapper.bindService:705 com.huawei.nb.searchmanager.service.f.g:206 com.huawei.nb.searchmanager.service.f.b:1017 com.huawei.nb.searchmanager.service.i.b:672 
12-27 09:40:19.822  1000  1082 I storaged: storaged_t::event: storage_info refreshed.
12-27 09:40:20.016 12956 13241 D HwLoadedApk: libSearchPath: /hw_product/region_comm/oversea/app/HwHiAiEngine/visionplugin-facecluster-kirin980-oversea-release.apk!/lib/arm64-v8a:/hw_product/region_comm/oversea/app/HwHiAiEngine/lib/arm64:/system/lib64:/hw_product/lib64:/system/product/lib64:/prets/lib64
12-27 09:40:20.066  1933  4308 V ActivityManager: Successfully start provider ContentProviderRecord{b3e9149 u0 com.huawei.videoeditor/com.huawei.hms.ml.mediacreative.provider.VideoEditorProvider} launchingApp=null caller pid= 6485
12-27 09:40:20.203  1933  8078 D HwConnectivityServiceEx: set 1000 wlan0 value false
12-27 09:40:20.557  1933  4308 V ActivityManager: Successfully start provider ContentProviderRecord{58fbd0e u0 com.android.providers.media/.MediaProvider} launchingApp=ProcessRecord{3d71709 9305:android.process.media/u0a14} caller pid= 6538
12-27 09:40:20.564 12956 13241 D HwLoadedApk: libSearchPath: /hw_product/region_comm/oversea/app/HwHiAiEngine/visionplugin-facecluster-kirin980-oversea-release.apk!/lib/arm64-v8a:/hw_product/region_comm/oversea/app/HwHiAiEngine/lib/arm64:/system/lib64:/hw_product/lib64:/system/product/lib64:/prets/lib64
12-27 09:40:21.034  1933  1950 D HwConnectivityServiceEx: set 10026 wlan0 value false
12-27 09:40:21.401 12956 13241 D HwLoadedApk: libSearchPath: /hw_product/region_comm/oversea/app/HwHiAiEngine/visionplugin-facecluster-kirin980-oversea-release.apk!/lib/arm64-v8a:/hw_product/region_comm/oversea/app/HwHiAiEngine/lib/arm64:/system/lib64:/hw_product/lib64:/system/product/lib64:/prets/lib64
12-27 09:40:21.598  2757 15032 W ContextImpl: Calling a method in the system process without a qualified user: android.app.ContextImpl.bindService:1777 android.content.ContextWrapper.bindService:705 com.huawei.nb.searchmanager.service.f.g:206 com.huawei.nb.searchmanager.service.f.b:1017 com.huawei.nb.searchmanager.service.i.b:672 
12-27 09:40:22.097  1933  2212 D HwStorageManagerService: lockUserScreenIsec
12-27 09:40:22.099   516  4153 D vold    : begin lockUserScreenIsec
12-27 09:40:22.099   516  4153 D vold    : begin e4crypt_lock_user_screen_isec 0
12-27 09:40:22.099   516  4153 D vold    : e4crypt_lock_user_screen 0
12-27 09:40:22.100   516  4153 D vold    : evict_ece_key_from_keyring 0
12-27 09:40:22.100   516  4153 D vold    : revoke key with serial 161945909 ref ext4:2418843f64c01489
12-27 09:40:22.100   516  4153 D vold    : revoke key with serial 573589431 ref f2fs:2418843f64c01489
12-27 09:40:22.100   516  4153 D vold    : revoke key with serial 325235068 ref fscrypt:2418843f64c01489
12-27 09:40:22.100   516  4153 D vold    : evict_sece_pri_key_from_keyring 0
12-27 09:40:22.103   516  4153 D vold    : begin installKeyIsec
12-27 09:40:22.104   516  4153 D vold    : Added key 366551711 (ext4:1656e9a0e01c1c64) to keyring 965210708 in process 516
12-27 09:40:22.104   516  4153 D vold    : Added key 790418896 (f2fs:1656e9a0e01c1c64) to keyring 965210708 in process 516
12-27 09:40:22.104   516  4153 D vold    : Added key 782489629 (fscrypt:1656e9a0e01c1c64) to keyring 965210708 in process 516
12-27 09:40:22.104   516  4153 D vold    : lock_user_screen_isec result:1
12-27 09:40:22.106  1933  1933 I JobScheduler.Time: realNextDelayExpiredElapsedMillis: 998331290 mNextDelayExpiredElapsedMillis:998331290
12-27 09:40:22.109  1933  1933 I JobScheduler: isComponentUsable: 316ced0 #u0a88/542687723 com.google.android.apps.tachyon/.jobs.NativeJobSchedulerJobService component not present
12-27 09:40:22.109  1933  1933 I JobScheduler: isComponentUsable: 316ced0 #u0a88/542687723 com.google.android.apps.tachyon/.jobs.NativeJobSchedulerJobService component not present
12-27 09:40:22.110  1933  1933 I JobScheduler: Ready to Be Executed: 440eb69 #1000/8002 android/com.android.server.pm.BackgroundDexOptService pending=false active=true
12-27 09:40:22.110  1933  1933 I JobScheduler: pending queue: 1 jobs.
12-27 09:40:22.110  1933  1933 I JobScheduler: About to run job on context 0, job: JobStatus{7354078 #u0a103/101 com.google.android.apps.messaging/.shared.datamodel.action.execution.ActionJobService u=0 s=10103 TIME=-14ms:+5m19s986ms READY}
12-27 09:40:22.111  1933  1933 V ActivityManager: startProcess: name=com.google.android.apps.messaging app=null knownToBeDead=true thread=null pid=-1 preloadStatus=-1
12-27 09:40:22.144  1933  1971 I ActivityManager: Start proc 13499:com.google.android.apps.messaging/u0a103 for service {com.google.android.apps.messaging/com.google.android.apps.messaging.shared.datamodel.action.execution.ActionJobService}
12-27 09:40:22.145  1933  2670 E ProcessInfoCollector: getProcessInfo: failed to find this proc.
12-27 09:40:22.173 13499 13499 D ActivityThread: Attach thread to application
12-27 09:40:22.177  1933  4308 D SmartHeartBeat: isPendingAlarm, false, pkg:com.android.deskclock, action:com.android.deskclock.ALARM_ALERT,not pending alarm with AlarmClockInfo
12-27 09:40:22.180  1933  1950 D ActivityTaskManager: canShowActivityWhileKeyguardShowing false r=ActivityRecord{a1944e5 u0 com.android.todolist/.MainActivity t4576}
12-27 09:40:22.196 13499 13517 I ActivityThread: Init compatible state: true
12-27 09:40:22.212  1933  1970 I ActivityManager: App 10222/org.telegram.messenger targets O+, restricted
12-27 09:40:22.224  1933  4308 D HwConnectivityServiceEx: set 10115 wlan0 value false
12-27 09:40:22.234  1933  1933 I JobScheduler: Ready to Be Executed: 7354078 #u0a103/101 com.google.android.apps.messaging/.shared.datamodel.action.execution.ActionJobService pending=false active=true
12-27 09:40:22.234  1933  1933 I JobScheduler: isComponentUsable: 316ced0 #u0a88/542687723 com.google.android.apps.tachyon/.jobs.NativeJobSchedulerJobService component not present
12-27 09:40:22.234  1933  1933 I JobScheduler: isComponentUsable: 316ced0 #u0a88/542687723 com.google.android.apps.tachyon/.jobs.NativeJobSchedulerJobService component not present
12-27 09:40:22.235  1933  1933 I JobScheduler: Ready to Be Executed: 440eb69 #1000/8002 android/com.android.server.pm.BackgroundDexOptService pending=false active=true
12-27 09:40:22.275  1933  2517 D SmartHeartBeat: isPendingAlarm, false, pkg:com.android.deskclock, action:com.android.deskclock.ALARM_ALERT,not pending alarm with AlarmClockInfo
12-27 09:40:22.280  1933  8462 V BroadcastQueue: Finished with ordered broadcast BroadcastRecord{489d1ad u0 com.google.android.c2dm.intent.RECEIVE}
12-27 09:40:22.295  1933  4308 D HwConnectivityServiceEx: set 10222 wlan0 value false
12-27 09:40:22.296  1933  4308 I JobScheduler: pending queue: 1 jobs.
12-27 09:40:22.297  1933  4308 I JobScheduler: About to run job on context 2, job: JobStatus{395763a #u0a222/1000 org.telegram.messenger/.KeepAliveJob u=0 s=10222 TIME=none:-1ms NET READY}
12-27 09:40:22.446  1933  8462 D HwConnectivityServiceEx: set 10026 wlan0 value false
12-27 09:40:22.525  1933  1950 V ActivityManager: Successfully start provider ContentProviderRecord{a4d1a60 u0 com.google.android.gsf/.gservices.GservicesProvider} launchingApp=ProcessRecord{bad8a1d 31205:com.google.process.gservices/u0a115} caller pid= 13499
12-27 09:40:22.527  1933  4308 V ActivityManager: Successfully start provider ContentProviderRecord{a4d1a60 u0 com.google.android.gsf/.gservices.GservicesProvider} launchingApp=ProcessRecord{bad8a1d 31205:com.google.process.gservices/u0a115} caller pid= 13499
12-27 09:40:22.529 13499 13499 I ActivityThread: finishPreloaded preloadStatus 0
12-27 09:40:22.611  1933  4308 V ActivityManager: Successfully start provider ContentProviderRecord{d64c124 u0 com.google.android.gms/.phenotype.provider.ConfigurationProvider} launchingApp=null caller pid= 13499
12-27 09:40:22.637  1933  4308 V ActivityManager: Successfully start provider ContentProviderRecord{537f79 u0 com.android.providers.settings/.hwext.HwSettingsProvider} launchingApp=null caller pid= 13499
12-27 09:40:22.643  1933  4308 V ActivityManager: Successfully start provider ContentProviderRecord{e6f63c8 u0 com.google.android.gms/.fonts.provider.FontsProvider} launchingApp=null caller pid= 13499
12-27 09:40:22.700  1933  1950 I ActivityManager: App 10103/com.google.android.apps.messaging targets O+, restricted
12-27 09:40:22.700  1933  1950 W ActivityManager: Background start not allowed: service Intent { cmp=com.google.android.apps.messaging/.shared.datamodel.action.execution.ActionExecutorImpl$EmptyService } to com.google.android.apps.messaging/.shared.datamodel.action.execution.ActionExecutorImpl$EmptyService from pid=13499 uid=10103 pkg=com.google.android.apps.messaging startFg?=false
12-27 09:40:22.720  1933  1959 I AppEyeFwkBlock: do monitor
12-27 09:40:22.756  1933  2517 D HwConnectivityServiceEx: set 10103 wlan0 value false
12-27 09:40:22.859  1933  1950 I JobScheduler: CANCEL: 7354078 #u0a103/101 com.google.android.apps.messaging/.shared.datamodel.action.execution.ActionJobService, reason:job rescheduled by app
12-27 09:40:22.866  1933  1950 I HwAlarmManagerService: isContainsAppUidInWorksource-->worksource contains app's.uid
12-27 09:40:22.875  1933  1950 D SmartHeartBeat: isPendingAlarm, false, pkg:com.android.deskclock, action:com.android.deskclock.ALARM_ALERT,not pending alarm with AlarmClockInfo
12-27 09:40:22.877  1933  1950 I JobScheduler.Time: realNextJobExpiredElapsedMillis: 998703167mNextJobExpiredElapsedMillis998703167
12-27 09:40:22.878  1933  1950 I JobScheduler.Time: Add job to TimeTracking: 2a2b566 #u0a103/101 com.google.android.apps.messaging/.shared.datamodel.action.execution.ActionJobService, delayTime:997794170, deadlineTime:997795170
12-27 09:40:22.883 12956 13241 D HwLoadedApk: libSearchPath: /hw_product/region_comm/oversea/app/HwHiAiEngine/visionplugin-facecluster-kirin980-oversea-release.apk!/lib/arm64-v8a:/hw_product/region_comm/oversea/app/HwHiAiEngine/lib/arm64:/system/lib64:/hw_product/lib64:/system/product/lib64:/prets/lib64
12-27 09:40:22.887  1933  1950 D SmartHeartBeat: isPendingAlarm, false, pkg:com.android.deskclock, action:com.android.deskclock.ALARM_ALERT,not pending alarm with AlarmClockInfo
12-27 09:40:22.889  1933  1950 I JobScheduler.Time: realNextJobExpiredElapsedMillis: 997795170mNextJobExpiredElapsedMillis997795170
12-27 09:40:22.891  1933  2517 V ActivityManager: Successfully start provider ContentProviderRecord{d71a5c4 u0 com.android.gallery3d/com.huawei.gallery.provider.GalleryProvider} launchingApp=null caller pid= 28378
12-27 09:40:22.903  1933  1950 D SmartHeartBeat: isPendingAlarm, false, pkg:com.android.deskclock, action:com.android.deskclock.ALARM_ALERT,not pending alarm with AlarmClockInfo
12-27 09:40:22.905  1933  1950 I JobScheduler.Time: realNextDelayExpiredElapsedMillis: 997794170 mNextDelayExpiredElapsedMillis:997794170
12-27 09:40:22.912  1933  4308 I JobScheduler: Completed JobStatus{7354078 #u0a103/101 com.google.android.apps.messaging/.shared.datamodel.action.execution.ActionJobService u=0 s=10103 TIME=-816ms:+5m19s184ms READY}, reschedule=false
12-27 09:40:22.912  1933  4308 I JobScheduler: Could not find job to remove. Was job removed while executing?
12-27 09:40:22.913  1933  1933 I JobScheduler: Ready to Be Executed: 395763a #u0a222/1000 org.telegram.messenger/.KeepAliveJob pending=false active=true
12-27 09:40:22.915  1933  1933 I JobScheduler: isComponentUsable: 316ced0 #u0a88/542687723 com.google.android.apps.tachyon/.jobs.NativeJobSchedulerJobService component not present
12-27 09:40:22.915  1933  1933 I JobScheduler: isComponentUsable: 316ced0 #u0a88/542687723 com.google.android.apps.tachyon/.jobs.NativeJobSchedulerJobService component not present
12-27 09:40:22.916  1933  1933 I JobScheduler: Ready to Be Executed: 440eb69 #1000/8002 android/com.android.server.pm.BackgroundDexOptService pending=false active=true
12-27 09:40:23.473 12956 13241 D HwLoadedApk: libSearchPath: /hw_product/region_comm/oversea/app/HwHiAiEngine/visionplugin-facecluster-kirin980-oversea-release.apk!/lib/arm64-v8a:/hw_product/region_comm/oversea/app/HwHiAiEngine/lib/arm64:/system/lib64:/hw_product/lib64:/system/product/lib64:/prets/lib64
12-27 09:40:23.892 12956 13241 D HwLoadedApk: libSearchPath: /hw_product/region_comm/oversea/app/HwHiAiEngine/visionplugin-facecluster-kirin980-oversea-release.apk!/lib/arm64-v8a:/hw_product/region_comm/oversea/app/HwHiAiEngine/lib/arm64:/system/lib64:/hw_product/lib64:/system/product/lib64:/prets/lib64
12-27 09:40:24.093  2757  2775 W ContextImpl: Calling a method in the system process without a qualified user: android.app.ContextImpl.bindService:1777 android.content.ContextWrapper.bindService:705 com.huawei.nb.searchmanager.service.f.g:206 com.huawei.nb.searchmanager.service.f.b:1017 com.huawei.nb.searchmanager.service.i.b:672 
12-27 09:40:24.206  1933  8078 D HwConnectivityServiceEx: set 1000 wlan0 value false
12-27 09:40:24.411 12956 13241 D HwLoadedApk: libSearchPath: /hw_product/region_comm/oversea/app/HwHiAiEngine/visionplugin-facecluster-kirin980-oversea-release.apk!/lib/arm64-v8a:/hw_product/region_comm/oversea/app/HwHiAiEngine/lib/arm64:/system/lib64:/hw_product/lib64:/system/product/lib64:/prets/lib64
12-27 09:40:24.459  1933  4308 D HwConnectivityServiceEx: set 10026 wlan0 value false
12-27 09:40:24.863  1933  1933 I HwAlarmManagerService: isContainsAppUidInWorksource-->worksource contains app's.uid
12-27 09:40:24.865  1933  1933 I JobScheduler.Time: realNextJobExpiredElapsedMillis: 998703167mNextJobExpiredElapsedMillis998703167
12-27 09:40:24.866  1933  1933 I JobScheduler: pending queue: 1 jobs.
12-27 09:40:24.866  1933  1933 I JobScheduler: About to run job on context 0, job: JobStatus{2a2b566 #u0a103/101 com.google.android.apps.messaging/.shared.datamodel.action.execution.ActionJobService u=0 s=10103 TIME=-1s6ms:-6ms READY}
12-27 09:40:24.880  1933  2517 I ActivityManager: App 10103/com.google.android.apps.messaging targets O+, restricted
12-27 09:40:24.880  1933  2517 W ActivityManager: Background start not allowed: service Intent { cmp=com.google.android.apps.messaging/.shared.datamodel.action.execution.ActionExecutorImpl$EmptyService } to com.google.android.apps.messaging/.shared.datamodel.action.execution.ActionExecutorImpl$EmptyService from pid=13499 uid=10103 pkg=com.google.android.apps.messaging startFg?=false
12-27 09:40:24.882  1933  2517 D HwConnectivityServiceEx: set 10103 wlan0 value false
12-27 09:40:24.885  1933  2517 I JobScheduler: CANCEL: 2a2b566 #u0a103/101 com.google.android.apps.messaging/.shared.datamodel.action.execution.ActionJobService, reason:job rescheduled by app
12-27 09:40:24.886  1933  2517 I JobScheduler.Time: Add job to TimeTracking: 490a2b5 #u0a103/101 com.google.android.apps.messaging/.shared.datamodel.action.execution.ActionJobService, delayTime:997800196, deadlineTime:997805196
12-27 09:40:24.893  1933  2517 D SmartHeartBeat: isPendingAlarm, false, pkg:com.android.deskclock, action:com.android.deskclock.ALARM_ALERT,not pending alarm with AlarmClockInfo
12-27 09:40:24.895  1933  2517 I JobScheduler.Time: realNextJobExpiredElapsedMillis: 997805196mNextJobExpiredElapsedMillis997805196
12-27 09:40:24.900  1933  8462 I JobScheduler: Completed JobStatus{2a2b566 #u0a103/101 com.google.android.apps.messaging/.shared.datamodel.action.execution.ActionJobService u=0 s=10103 TIME=-1s40ms:-40ms READY}, reschedule=false
12-27 09:40:24.900  1933  8462 I JobScheduler: Could not find job to remove. Was job removed while executing?
12-27 09:40:24.904  1933  1933 I JobScheduler.Time: realNextDelayExpiredElapsedMillis: 997800196 mNextDelayExpiredElapsedMillis:997800196
12-27 09:40:24.905  1933  1933 I JobScheduler: Ready to Be Executed: 395763a #u0a222/1000 org.telegram.messenger/.KeepAliveJob pending=false active=true
12-27 09:40:24.907 12956 13241 D HwLoadedApk: libSearchPath: /hw_product/region_comm/oversea/app/HwHiAiEngine/visionplugin-facecluster-kirin980-oversea-release.apk!/lib/arm64-v8a:/hw_product/region_comm/oversea/app/HwHiAiEngine/lib/arm64:/system/lib64:/hw_product/lib64:/system/product/lib64:/prets/lib64
12-27 09:40:24.909  1933  1933 I JobScheduler: isComponentUsable: 316ced0 #u0a88/542687723 com.google.android.apps.tachyon/.jobs.NativeJobSchedulerJobService component not present
12-27 09:40:24.909  1933  1933 I JobScheduler: isComponentUsable: 316ced0 #u0a88/542687723 com.google.android.apps.tachyon/.jobs.NativeJobSchedulerJobService component not present
12-27 09:40:24.909  1933  1933 I JobScheduler: Ready to Be Executed: 440eb69 #1000/8002 android/com.android.server.pm.BackgroundDexOptService pending=false active=true
12-27 09:40:25.422  1933  8462 V ActivityManager: Successfully start provider ContentProviderRecord{d71a5c4 u0 com.android.gallery3d/com.huawei.gallery.provider.GalleryProvider} launchingApp=null caller pid= 28378
12-27 09:40:25.890 12956 13241 D HwLoadedApk: libSearchPath: /hw_product/region_comm/oversea/app/HwHiAiEngine/visionplugin-facecluster-kirin980-oversea-release.apk!/lib/arm64-v8a:/hw_product/region_comm/oversea/app/HwHiAiEngine/lib/arm64:/system/lib64:/hw_product/lib64:/system/product/lib64:/prets/lib64
12-27 09:40:26.417  2757  2775 W ContextImpl: Calling a method in the system process without a qualified user: android.app.ContextImpl.bindService:1777 android.content.ContextWrapper.bindService:705 com.huawei.nb.searchmanager.service.f.g:206 com.huawei.nb.searchmanager.service.f.b:1017 com.huawei.nb.searchmanager.service.i.b:672 
12-27 09:40:26.472 12956 13241 D HwLoadedApk: libSearchPath: /hw_product/region_comm/oversea/app/HwHiAiEngine/visionplugin-facecluster-kirin980-oversea-release.apk!/lib/arm64-v8a:/hw_product/region_comm/oversea/app/HwHiAiEngine/lib/arm64:/system/lib64:/hw_product/lib64:/system/product/lib64:/prets/lib64
12-27 09:40:26.506  1933  2517 D HwConnectivityServiceEx: set 10026 wlan0 value false
12-27 09:40:26.859 12956 13241 D HwLoadedApk: libSearchPath: /hw_product/region_comm/oversea/app/HwHiAiEngine/visionplugin-facecluster-kirin980-oversea-release.apk!/lib/arm64-v8a:/hw_product/region_comm/oversea/app/HwHiAiEngine/lib/arm64:/system/lib64:/hw_product/lib64:/system/product/lib64:/prets/lib64
12-27 09:40:27.565  1933  2517 D SmartHeartBeat: isPendingAlarm, false, pkg:com.android.deskclock, action:com.android.deskclock.ALARM_ALERT,not pending alarm with AlarmClockInfo
12-27 09:40:27.691 12956 13241 D HwLoadedApk: libSearchPath: /hw_product/region_comm/oversea/app/HwHiAiEngine/visionplugin-facecluster-kirin980-oversea-release.apk!/lib/arm64-v8a:/hw_product/region_comm/oversea/app/HwHiAiEngine/lib/arm64:/system/lib64:/hw_product/lib64:/system/product/lib64:/prets/lib64
12-27 09:40:28.130 12956 13241 D HwLoadedApk: libSearchPath: /hw_product/region_comm/oversea/app/HwHiAiEngine/visionplugin-facecluster-kirin980-oversea-release.apk!/lib/arm64-v8a:/hw_product/region_comm/oversea/app/HwHiAiEngine/lib/arm64:/system/lib64:/hw_product/lib64:/system/product/lib64:/prets/lib64
12-27 09:40:28.214  1933  8078 D HwConnectivityServiceEx: set 1000 wlan0 value false
12-27 09:40:28.633  1933  2517 I ActivityManager: Killing 7893:com.huawei.videoeditor/u0a72 (adj 975): empty #33
12-27 09:40:28.659  1933  2175 W HwAudioServiceEx: SoundEffectState bundle get reserved is invalid
12-27 09:40:28.660  1933  2517 D ActivityManager: cleanUpApplicationRecord app: 7893:com.huawei.videoeditor/u0a72, bad: false, restarting: false, allowRestart: true
12-27 09:40:28.660  1933  2175 I HwAudioServiceEx: sendAppKilledIntentForKit, isKitPackageOnPause = false, isKitPackageKill = false, isKitPackageOnResume = false
12-27 09:40:28.660  1933  1964 I HwPowerManagerService: appdie release wakelock, pid = 7893, uid = 10072
12-27 09:40:28.685  1933  4308 D HwConnectivityServiceEx: set 5513 wlan0 value false
12-27 09:40:28.720  1933  1959 I AppEyeFwkBlock: do monitor
12-27 09:40:28.746 12956 13241 D HwLoadedApk: libSearchPath: /hw_product/region_comm/oversea/app/HwHiAiEngine/visionplugin-facecluster-kirin980-oversea-release.apk!/lib/arm64-v8a:/hw_product/region_comm/oversea/app/HwHiAiEngine/lib/arm64:/system/lib64:/hw_product/lib64:/system/product/lib64:/prets/lib64
12-27 09:40:28.775  2757  2775 W ContextImpl: Calling a method in the system process without a qualified user: android.app.ContextImpl.bindService:1777 android.content.ContextWrapper.bindService:705 com.huawei.nb.searchmanager.service.f.g:206 com.huawei.nb.searchmanager.service.f.b:1017 com.huawei.nb.searchmanager.service.i.b:672 
12-27 09:40:28.779  1933  3026 D HwConnectivityServiceEx: set 10026 wlan0 value false
12-27 09:40:29.553  1933  8462 V ActivityManager: Successfully start provider ContentProviderRecord{a4d1a60 u0 com.google.android.gsf/.gservices.GservicesProvider} launchingApp=ProcessRecord{bad8a1d 31205:com.google.process.gservices/u0a115} caller pid= 13499
12-27 09:40:29.642 12956 13241 D HwLoadedApk: libSearchPath: /hw_product/region_comm/oversea/app/HwHiAiEngine/visionplugin-facecluster-kirin980-oversea-release.apk!/lib/arm64-v8a:/hw_product/region_comm/oversea/app/HwHiAiEngine/lib/arm64:/system/lib64:/hw_product/lib64:/system/product/lib64:/prets/lib64
12-27 09:40:29.690  1933  2089 I ActivityManager: sendIntentSender target:PendingIntentRecord{ee3ae8f android broadcastIntent}, intent:flg=0x4 hwFlg=0x810
12-27 09:40:29.693  1933  1933 W ContextImpl: Calling a method in the system process without a qualified user: android.app.ContextImpl.sendBroadcast:1168 com.android.server.GcmFixer.HeartbeatReceiver.onReceive:32 android.app.LoadedApk$ReceiverDispatcher$Args.lambda$getRunnable$0$LoadedApk$ReceiverDispatcher$Args:1748 android.app.-$$Lambda$LoadedApk$ReceiverDispatcher$Args$_BumDX2UKsnxLVrE6UJsJZkotuA.run:2 android.os.Handler.handleCallback:900 
12-27 09:40:29.694  1933  1933 W ContextImpl: Calling a method in the system process without a qualified user: android.app.ContextImpl.sendBroadcast:1168 com.android.server.GcmFixer.HeartbeatReceiver.onReceive:33 android.app.LoadedApk$ReceiverDispatcher$Args.lambda$getRunnable$0$LoadedApk$ReceiverDispatcher$Args:1748 android.app.-$$Lambda$LoadedApk$ReceiverDispatcher$Args$_BumDX2UKsnxLVrE6UJsJZkotuA.run:2 android.os.Handler.handleCallback:900 
12-27 09:40:29.694  1933  1933 I HeartbeatReceiver: Sent heartbeat request...
12-27 09:40:29.702  1933  1933 I GcmHeartBeatFixer: scheduleHeartbeatRequest, fromNetworkStateChange: false
12-27 09:40:29.703  1933  1933 I GcmHeartBeatFixer: currentTime: 1640587229703 elapsedTime:997800013 targetElapsedTime:998100000 triggerAtMillis:1640587529690 diff:299987
12-27 09:40:29.703  1933  1933 I GcmHeartBeatFixer: setNextHeartbeatRequest at: 2021-12-27 09:45:29
12-27 09:40:29.711  1933  1933 V BroadcastQueue: Finished with ordered broadcast BroadcastRecord{9ecd969 u0 com.android.intent.action.HEARTBEAT_FIXER}
12-27 09:40:29.732  1933  1950 D SmartHeartBeat: isPendingAlarm, false, pkg:com.android.deskclock, action:com.android.deskclock.ALARM_ALERT,not pending alarm with AlarmClockInfo
12-27 09:40:29.765  1933  1950 V ActivityManager: Successfully start provider ContentProviderRecord{d71a5c4 u0 com.android.gallery3d/com.huawei.gallery.provider.GalleryProvider} launchingApp=null caller pid= 28378
12-27 09:40:29.837  1933  8462 D SmartHeartBeat: isPendingAlarm, false, pkg:com.android.deskclock, action:com.android.deskclock.ALARM_ALERT,not pending alarm with AlarmClockInfo
12-27 09:40:29.892  1933  1933 I JobScheduler.Time: realNextDelayExpiredElapsedMillis: 998331290 mNextDelayExpiredElapsedMillis:998331290
12-27 09:40:29.894  1933  1933 I JobScheduler: Ready to Be Executed: 395763a #u0a222/1000 org.telegram.messenger/.KeepAliveJob pending=false active=true
12-27 09:40:29.895  1933  1933 I JobScheduler: isComponentUsable: 316ced0 #u0a88/542687723 com.google.android.apps.tachyon/.jobs.NativeJobSchedulerJobService component not present
12-27 09:40:29.895  1933  1933 I JobScheduler: isComponentUsable: 316ced0 #u0a88/542687723 com.google.android.apps.tachyon/.jobs.NativeJobSchedulerJobService component not present
12-27 09:40:29.896  1933  1933 I JobScheduler: Ready to Be Executed: 440eb69 #1000/8002 android/com.android.server.pm.BackgroundDexOptService pending=false active=true
12-27 09:40:29.896  1933  1933 I JobScheduler: pending queue: 1 jobs.
12-27 09:40:29.896  1933  1933 I JobScheduler: About to run job on context 0, job: JobStatus{490a2b5 #u0a103/101 com.google.android.apps.messaging/.shared.datamodel.action.execution.ActionJobService u=0 s=10103 TIME=-11ms:+4s989ms READY}
12-27 09:40:29.913  1933  8462 I ActivityManager: App 10103/com.google.android.apps.messaging targets O+, restricted
12-27 09:40:29.913  1933  8462 W ActivityManager: Background start not allowed: service Intent { cmp=com.google.android.apps.messaging/.shared.datamodel.action.execution.ActionExecutorImpl$EmptyService } to com.google.android.apps.messaging/.shared.datamodel.action.execution.ActionExecutorImpl$EmptyService from pid=13499 uid=10103 pkg=com.google.android.apps.messaging startFg?=false
12-27 09:40:29.916  1933  1950 D HwConnectivityServiceEx: set 10103 wlan0 value false
12-27 09:40:29.925  1933  1950 I JobScheduler: CANCEL: 490a2b5 #u0a103/101 com.google.android.apps.messaging/.shared.datamodel.action.execution.ActionJobService, reason:job rescheduled by app
12-27 09:40:29.933  1933  1950 I HwAlarmManagerService: isContainsAppUidInWorksource-->worksource contains app's.uid
12-27 09:40:29.943  1933  1950 D SmartHeartBeat: isPendingAlarm, false, pkg:com.android.deskclock, action:com.android.deskclock.ALARM_ALERT,not pending alarm with AlarmClockInfo
12-27 09:40:29.945  1933  1950 I JobScheduler.Time: realNextJobExpiredElapsedMillis: 998703167mNextJobExpiredElapsedMillis998703167
12-27 09:40:29.946  1933  1950 I JobScheduler.Time: Add job to TimeTracking: 9155c23 #u0a103/101 com.google.android.apps.messaging/.shared.datamodel.action.execution.ActionJobService, delayTime:997810235, deadlineTime:997820235
12-27 09:40:29.953  1933  1950 D SmartHeartBeat: isPendingAlarm, false, pkg:com.android.deskclock, action:com.android.deskclock.ALARM_ALERT,not pending alarm with AlarmClockInfo
12-27 09:40:29.955  1933  1950 I JobScheduler.Time: realNextJobExpiredElapsedMillis: 997820235mNextJobExpiredElapsedMillis997820235
12-27 09:40:29.968  1933  1950 D SmartHeartBeat: isPendingAlarm, false, pkg:com.android.deskclock, action:com.android.deskclock.ALARM_ALERT,not pending alarm with AlarmClockInfo
12-27 09:40:29.971  1933  1950 I JobScheduler.Time: realNextDelayExpiredElapsedMillis: 997810235 mNextDelayExpiredElapsedMillis:997810235
12-27 09:40:29.979  1933  8462 I JobScheduler: Completed JobStatus{490a2b5 #u0a103/101 com.google.android.apps.messaging/.shared.datamodel.action.execution.ActionJobService u=0 s=10103 TIME=-94ms:+4s906ms READY}, reschedule=false
12-27 09:40:29.979  1933  8462 I JobScheduler: Could not find job to remove. Was job removed while executing?
12-27 09:40:29.980  1933  1933 I JobScheduler: Ready to Be Executed: 395763a #u0a222/1000 org.telegram.messenger/.KeepAliveJob pending=false active=true
12-27 09:40:29.981  1933  1933 I JobScheduler: isComponentUsable: 316ced0 #u0a88/542687723 com.google.android.apps.tachyon/.jobs.NativeJobSchedulerJobService component not present
12-27 09:40:29.981  1933  1933 I JobScheduler: isComponentUsable: 316ced0 #u0a88/542687723 com.google.android.apps.tachyon/.jobs.NativeJobSchedulerJobService component not present
12-27 09:40:29.982  1933  1933 I JobScheduler: Ready to Be Executed: 440eb69 #1000/8002 android/com.android.server.pm.BackgroundDexOptService pending=false active=true
12-27 09:40:30.558  1933  2065 I HwBatteryService: power_ui state= 1 mQuickChargeStatus=1
12-27 09:40:30.558  1933  2065 I HwBatteryService: handleWirelessTxStatus
12-27 09:40:30.558  1933  2065 I HwBatteryService: switch not open, return, mWirelessTxFlag : 0
12-27 09:40:30.558  1933  2065 W HwBatteryService: need return. Invalid value: -1
12-27 09:40:30.558  1933  2065 D HwBatteryService: setHwChargeTimeRemaining, time = -1 String time: -1
12-27 09:40:30.807  1933  1950 D HwConnectivityServiceEx: set 10026 wlan0 value false
12-27 09:40:30.954  1933  1950 V ActivityManager: Successfully start provider ContentProviderRecord{d71a5c4 u0 com.android.gallery3d/com.huawei.gallery.provider.GalleryProvider} launchingApp=null caller pid= 28378
12-27 09:40:31.075 12956 13241 D HwLoadedApk: libSearchPath: /hw_product/region_comm/oversea/app/HwHiAiEngine/visionplugin-facecluster-kirin980-oversea-release.apk!/lib/arm64-v8a:/hw_product/region_comm/oversea/app/HwHiAiEngine/lib/arm64:/system/lib64:/hw_product/lib64:/system/product/lib64:/prets/lib64
12-27 09:40:31.546  1933  1950 D HwConnectivityServiceEx: set 10222 wlan0 value false
12-27 09:40:31.554  1933  1950 I JobScheduler: Completed JobStatus{395763a #u0a222/1000 org.telegram.messenger/.KeepAliveJob u=0 s=10222 TIME=none:-9s259ms NET READY}, reschedule=false
12-27 09:40:31.560  1933  1933 I JobScheduler: isComponentUsable: 316ced0 #u0a88/542687723 com.google.android.apps.tachyon/.jobs.NativeJobSchedulerJobService component not present
12-27 09:40:31.560  1933  1933 I JobScheduler: isComponentUsable: 316ced0 #u0a88/542687723 com.google.android.apps.tachyon/.jobs.NativeJobSchedulerJobService component not present
12-27 09:40:31.560  1933  1933 I JobScheduler: Ready to Be Executed: 440eb69 #1000/8002 android/com.android.server.pm.BackgroundDexOptService pending=false active=true
12-27 09:40:32.064  2757  2775 W ContextImpl: Calling a method in the system process without a qualified user: android.app.ContextImpl.bindService:1777 android.content.ContextWrapper.bindService:705 com.huawei.nb.searchmanager.service.f.g:206 com.huawei.nb.searchmanager.service.f.b:1017 com.huawei.nb.searchmanager.service.i.b:672 
12-27 09:40:32.216  1933  8078 D HwConnectivityServiceEx: set 1000 wlan0 value false
12-27 09:40:32.333  1933  4308 D HwConnectivityServiceEx: set 10026 wlan0 value false
12-27 09:40:34.386 12956 13241 D HwLoadedApk: libSearchPath: /hw_product/region_comm/oversea/app/HwHiAiEngine/visionplugin-facecluster-kirin980-oversea-release.apk!/lib/arm64-v8a:/hw_product/region_comm/oversea/app/HwHiAiEngine/lib/arm64:/system/lib64:/hw_product/lib64:/system/product/lib64:/prets/lib64
12-27 09:40:34.423  1933  1950 I PowerManagerService: wakeLock.mDisabled:false, mDeviceIdleMode:false, mProcState:11
12-27 09:40:34.439  1933  8462 D HwConnectivityServiceEx: set 10026 wlan0 value false
12-27 09:40:34.442  1933  1950 I PowerManagerService: wakeLock.mDisabled:true, mDeviceIdleMode:false, mProcState:17
12-27 09:40:34.720  1933  1959 I AppEyeFwkBlock: do monitor
12-27 09:40:35.153  1933  1950 V ActivityManager: Successfully start provider ContentProviderRecord{a4d1a60 u0 com.google.android.gsf/.gservices.GservicesProvider} launchingApp=ProcessRecord{bad8a1d 31205:com.google.process.gservices/u0a115} caller pid= 6720
12-27 09:40:35.166  1933  1950 D HwConnectivityServiceEx: set 10115 wlan0 value false
12-27 09:40:36.222  1933  8078 D HwConnectivityServiceEx: set 1000 wlan0 value false
12-27 09:40:36.339 12956 13241 D HwLoadedApk: libSearchPath: /hw_product/region_comm/oversea/app/HwHiAiEngine/visionplugin-facecluster-kirin980-oversea-release.apk!/lib/arm64-v8a:/hw_product/region_comm/oversea/app/HwHiAiEngine/lib/arm64:/system/lib64:/hw_product/lib64:/system/product/lib64:/prets/lib64
12-27 09:40:36.807  1933  8462 D HwConnectivityServiceEx: set 10026 wlan0 value false
12-27 09:40:37.199 12956 13241 D HwLoadedApk: libSearchPath: /hw_product/region_comm/oversea/app/HwHiAiEngine/visionplugin-facecluster-kirin980-oversea-release.apk!/lib/arm64-v8a:/hw_product/region_comm/oversea/app/HwHiAiEngine/lib/arm64:/system/lib64:/hw_product/lib64:/system/product/lib64:/prets/lib64
12-27 09:40:37.621  1933  4308 V ActivityManager: Successfully start provider ContentProviderRecord{fe9ebfa u0 com.google.android.googlequicksearchbox/com.google.android.apps.gsa.staticplugins.publiccontent.GsaPublicContentProvider} launchingApp=null caller pid= 13499
12-27 09:40:37.634  1933  2089 I ActivityManager: sendIntentSender target:PendingIntentRecord{c88c7d6 android broadcastIntent}, intent:flg=0x4 hwFlg=0x810
12-27 09:40:37.640  1933  8462 V BroadcastQueue: Finished with ordered broadcast BroadcastRecord{4cc8576 u0 com.huawei.push.intent.NC_SWITCH_CHANGED}
12-27 09:40:37.643  1933  8462 I ActivityManager: Killing 9055:com.huawei.appmarket.entrance/u0a30 (adj 975): empty #33
12-27 09:40:37.655  1933  4308 V ActivityManager: Successfully start provider ContentProviderRecord{a4d1a60 u0 com.google.android.gsf/.gservices.GservicesProvider} launchingApp=ProcessRecord{bad8a1d 31205:com.google.process.gservices/u0a115} caller pid= 6720
12-27 09:40:37.663  1933  2175 W HwAudioServiceEx: SoundEffectState bundle get reserved is invalid
12-27 09:40:37.663  1933  1950 D ActivityManager: cleanUpApplicationRecord app: 9055:com.huawei.appmarket.entrance/u0a30, bad: false, restarting: false, allowRestart: true
12-27 09:40:37.663  1933  1964 I HwPowerManagerService: appdie release wakelock, pid = 9055, uid = 10030
12-27 09:40:37.663  1933  2175 I HwAudioServiceEx: sendAppKilledIntentForKit, isKitPackageOnPause = false, isKitPackageKill = false, isKitPackageOnResume = false
12-27 09:40:37.689  1933  3026 V ActivityManager: Successfully start provider ContentProviderRecord{a4d1a60 u0 com.google.android.gsf/.gservices.GservicesProvider} launchingApp=ProcessRecord{bad8a1d 31205:com.google.process.gservices/u0a115} caller pid= 13499
12-27 09:40:38.012  1933  8462 V ActivityManager: Successfully start provider ContentProviderRecord{ce06e18 u0 com.google.android.gms/.chimera.container.GmsModuleProvider} launchingApp=null caller pid= 13499
12-27 09:40:38.038  1933  8462 I JobScheduler: CANCEL: ff4cdb3 #u0a103/2593 com.google.android.apps.messaging/androidx.work.impl.background.systemjob.SystemJobService, reason:job rescheduled by app
12-27 09:40:38.050  1933  8462 I JobScheduler: CANCEL: d5a4f70 #u0a103/1870 com.google.android.apps.messaging/androidx.work.impl.background.systemjob.SystemJobService, reason:job rescheduled by app
12-27 09:40:38.058  1933  1950 I JobScheduler: CANCEL: 44822e9 #u0a103/1236 com.google.android.apps.messaging/androidx.work.impl.background.systemjob.SystemJobService, reason:job rescheduled by app
12-27 09:40:38.062  1933  8462 I JobScheduler: CANCEL: 3e4920f #u0a103/2869 com.google.android.apps.messaging/androidx.work.impl.background.systemjob.SystemJobService, reason:job rescheduled by app
12-27 09:40:38.065 12956 13241 D HwLoadedApk: libSearchPath: /hw_product/region_comm/oversea/app/HwHiAiEngine/visionplugin-facecluster-kirin980-oversea-release.apk!/lib/arm64-v8a:/hw_product/region_comm/oversea/app/HwHiAiEngine/lib/arm64:/system/lib64:/hw_product/lib64:/system/product/lib64:/prets/lib64
12-27 09:40:38.068  1933  8462 I JobScheduler.Time: Add job to TimeTracking: cfbcdb9 #u0a103/2869 com.google.android.apps.messaging/androidx.work.impl.background.systemjob.SystemJobService, delayTime:1516092900, deadlineTime:9223372036854775807
12-27 09:40:38.091  1933  3026 I JobScheduler: CANCEL: c2b407 #u0a103/2870 com.google.android.apps.messaging/androidx.work.impl.background.systemjob.SystemJobService, reason:job rescheduled by app
12-27 09:40:38.110  1933  3026 I JobScheduler.Time: Add job to TimeTracking: e828c75 #u0a103/2870 com.google.android.apps.messaging/androidx.work.impl.background.systemjob.SystemJobService, delayTime:1170492927, deadlineTime:9223372036854775807
12-27 09:40:38.118  1933  3026 V ActivityManager: Successfully start provider ContentProviderRecord{d64c124 u0 com.google.android.gms/.phenotype.provider.ConfigurationProvider} launchingApp=null caller pid= 13499
12-27 09:40:38.137  1933  3026 I JobScheduler: CANCEL: 41874a0 #u0a103/2318 com.google.android.apps.messaging/androidx.work.impl.background.systemjob.SystemJobService, reason:job rescheduled by app
12-27 09:40:38.142  1933  3026 I JobScheduler.Time: Add job to TimeTracking: 6dbf6d6 #u0a103/2318 com.google.android.apps.messaging/androidx.work.impl.background.systemjob.SystemJobService, delayTime:1015119930, deadlineTime:9223372036854775807
12-27 09:40:38.155  1933  2517 I JobScheduler: CANCEL: 5b29859 #u0a103/2905 com.google.android.apps.messaging/androidx.work.impl.background.systemjob.SystemJobService, reason:job rescheduled by app
12-27 09:40:38.164  1933  4308 I JobScheduler: CANCEL: 4141cff #u0a103/2910 com.google.android.apps.messaging/androidx.work.impl.background.systemjob.SystemJobService, reason:job rescheduled by app
12-27 09:40:38.174  1933  3026 I JobScheduler: CANCEL: 9a03acc #u0a103/2865 com.google.android.apps.messaging/androidx.work.impl.background.systemjob.SystemJobService, reason:job rescheduled by app
12-27 09:40:38.180  1933  3026 D HwConnectivityServiceEx: set 10103 wlan0 value false
12-27 09:40:38.180  1933  3026 I JobScheduler.Time: Add job to TimeTracking: dcecb0 #u0a103/2865 com.google.android.apps.messaging/androidx.work.impl.background.systemjob.SystemJobService, delayTime:1009447893, deadlineTime:9223372036854775807
12-27 09:40:38.188  1933  2517 I JobScheduler: CANCEL: eb6115 #u0a103/2854 com.google.android.apps.messaging/androidx.work.impl.background.systemjob.SystemJobService, reason:job rescheduled by app
12-27 09:40:38.196  1933  2517 I JobScheduler.Time: Add job to TimeTracking: e4e9729 #u0a103/2854 com.google.android.apps.messaging/androidx.work.impl.background.systemjob.SystemJobService, delayTime:1009448557, deadlineTime:9223372036854775807
12-27 09:40:38.201  1933  8462 I JobScheduler: CANCEL: 97443ef #u0a103/2911 com.google.android.apps.messaging/androidx.work.impl.background.systemjob.SystemJobService, reason:job rescheduled by app
12-27 09:40:38.206  1933  8462 I JobScheduler.Time: Add job to TimeTracking: c3b0aae #u0a103/2911 com.google.android.apps.messaging/androidx.work.impl.background.systemjob.SystemJobService, delayTime:1000746296, deadlineTime:9223372036854775807
12-27 09:40:38.361  1933  1950 V ActivityManager: Successfully start provider ContentProviderRecord{d64c124 u0 com.google.android.gms/.phenotype.provider.ConfigurationProvider} launchingApp=null caller pid= 3957
--------- beginning of main
12-27 09:40:38.418 13499 13534 I BugleRcsEngine: [40072] apzh.h: RcsProvisioningManager: Receive onRcsAvailabilityUpdate, SIM = redacted-pii:sim_id[chars:20], availability = RcsAvailability{mAvailability=DISABLED_VIA_GSERVICES (RCS is disabled for this carrier by Google)}
12-27 09:40:38.419 13499 13534 I BugleRcsProvisioning: RcsProvisioningTrigger: onRcsAvailabilityUpdate : isPreviousDisabled = true, isCurrentDisabled = true
12-27 09:40:38.420 13499 13534 I BugleRcsEngine: [40072] aqbw.d: No RCS Configuration was found in Bugle for simID: redacted-pii:sim_id[chars:20]
12-27 09:40:38.487    53    53 W migration/7: type=1400 audit(0.0:464984): avc: granted { setsched } for pid=53 scontext=u:r:kernel:s0 tcontext=u:r:kernel:s0 tclass=process
12-27 09:40:38.499 12956 13241 D HwLoadedApk: libSearchPath: /hw_product/region_comm/oversea/app/HwHiAiEngine/visionplugin-facecluster-kirin980-oversea-release.apk!/lib/arm64-v8a:/hw_product/region_comm/oversea/app/HwHiAiEngine/lib/arm64:/system/lib64:/hw_product/lib64:/system/product/lib64:/prets/lib64
12-27 09:40:38.503 22501 22514 I .gms.persisten: Background young concurrent copying GC freed 140904(9034KB) AllocSpace objects, 35(2028KB) LOS objects, 34% free, 16MB/25MB, paused 165us total 127.090ms
12-27 09:40:38.511  1933  1950 D HwConnectivityServiceEx: set 10115 wlan0 value false
12-27 09:40:38.511 12956 13840 I chatty  : uid=10022 com.android.gallery3d:vision expire 27 lines
12-27 09:40:38.529 13073 13254 I HiAnalytics/event: [2021-12-27 09:40:38.529 I/HiAnalytics/HiAnalytics/event 13073:40069 null:13] HiAnalyticsInstance.onEvent(int type, String eventId, Map<String, String> mapValue) is execute.TAG: _default_config_tag,TYPE: 1
12-27 09:40:38.530 13073 13265 I EventRecordTask: [2021-12-27 09:40:38.530 I/HiAnalytics/EventRecordTask 13073:40080 null:4] event record task running
12-27 09:40:38.531 13073 13265 I HiAnalyticsSharedPreference: [2021-12-27 09:40:38.530 I/HiAnalytics/HiAnalyticsSharedPreference 13073:40080 null:39] check file size : 38653 limitedSize : 5242880
12-27 09:40:38.573 13499 13529 I BugleRcsProvisioning: BugleSystemBindingManager: onBuglePhenotypeFlagChanged
12-27 09:40:38.580 13499 13529 I BugleRcsProvisioning: BugleSystemBindingManager: onCsLibPhenotypeUpdated
12-27 09:40:38.580 13499 13529 I BugleRcsEngine: [40067] agbb.b: SystemBindingManager: force P/H Flag update scheduled and start updateBinding
12-27 09:40:38.583 13499 13550 I BugleTransport: isChatAvailable: RcsAvailability is DISABLED_VIA_GSERVICES (RCS is disabled for this carrier by Google)
12-27 09:40:38.583 13499 13543 W BugleAction: Null config in BugleSharedPrefs
12-27 09:40:38.583 13499 13543 W BugleAction: Failed to get msisdn from Bugle
12-27 09:40:38.583 13499 13531 I BugleRcsEngine: [40069] aqbw.f: No RCS Configuration was found in Bugle for simID: redacted-pii:sim_id[chars:20]
12-27 09:40:38.583 13499 13543 W BugleAction: Failed to get msisdn from RcsProfileService
12-27 09:40:38.584 13499 13543 W BugleAction: bcgc: Jibe SDK Service not available. Is the Jibe SDK service running? Did you call connect() and wait for the notification before calling an API function?
12-27 09:40:38.584 13499 13543 W BugleAction: 	at bcfv.b(PG:2)
12-27 09:40:38.584 13499 13543 W BugleAction: 	at com.google.android.rcs.client.profile.RcsProfileService.g(PG:1)
12-27 09:40:38.584 13499 13543 W BugleAction: 	at com.google.android.rcs.client.profile.RcsProfileService.getMsisdn(PG:1)
12-27 09:40:38.584 13499 13543 W BugleAction: 	at aamz.N(PG:16)
12-27 09:40:38.584 13499 13543 W BugleAction: 	at zfu.b(PG:1)
12-27 09:40:38.584 13499 13543 W BugleAction: 	at zft.call(Unknown Source:2)
12-27 09:40:38.584 13499 13543 W BugleAction: 	at bend.a(PG:1)
12-27 09:40:38.584 13499 13543 W BugleAction: 	at belq.a(PG:2)
12-27 09:40:38.584 13499 13543 W BugleAction: 	at bijt.a(PG:1)
12-27 09:40:38.584 13499 13543 W BugleAction: 	at biix.run(PG:4)
12-27 09:40:38.584 13499 13543 W BugleAction: 	at bijv.run(PG:1)
12-27 09:40:38.584 13499 13543 W BugleAction: 	at aucy.run(PG:1)
12-27 09:40:38.584 13499 13543 W BugleAction: 	at java.util.concurrent.ThreadPoolExecutor.runWorker(ThreadPoolExecutor.java:1167)
12-27 09:40:38.584 13499 13543 W BugleAction: 	at java.util.concurrent.ThreadPoolExecutor$Worker.run(ThreadPoolExecutor.java:641)
12-27 09:40:38.584 13499 13543 W BugleAction: 	at aucb.run(PG:3)
12-27 09:40:38.584 13499 13543 W BugleAction: 	at aucj.run(PG:4)
12-27 09:40:38.584 13499 13543 W BugleAction: 	at java.lang.Thread.run(Thread.java:929)
12-27 09:40:38.584 13499 13543 W Bugle   : SubscriptionMetadataUtils get: invalid subId = -2
12-27 09:40:38.584 13499 13543 W Bugle   : SubscriptionMetadataUtils get: invalid subId = -2
12-27 09:40:38.584 13499 13530 I BugleRcsEngine: [40068] aomf.run: SystemBindingManager: SystemBinding enabled: false
12-27 09:40:38.585 13499 13537 W BugleRcsEngine: [40075] aqdj.b: No config URL. RCS not configured for dual-registration.
12-27 09:40:38.588 13499 13530 I BugleRcsEngine: [40068] aomg.b: System Binding updated
12-27 09:40:38.594 13499 13543 W Bugle   : SubscriptionMetadataUtils get: invalid subId = -2
12-27 09:40:38.594 13499 13543 W Bugle   : SubscriptionUtilsAsOfLMR1: getSelfRawNumber: subInfo is null for subscription{id:-1}
12-27 09:40:38.605 13499 13543 W BugleAction: No default number, returning empty msisdn
12-27 09:40:38.605 13499 13543 W BugleNetwork: RcsMsisdnAccessor: Failed to access Rcs msisdn. subId: -2
12-27 09:40:38.607 13499 13534 I BugleTransport: Cannot refresh chat transport. No msisdn available
12-27 09:40:38.617  3957 12691 I CarrierServices: [190] czh.d: Received Provisioning Event: [Bugle information (100)]
12-27 09:40:38.617  3957 12691 I CarrierServices: [190] czh.d: JibeService is running, passing event to provisioning engine.
12-27 09:40:38.830  1933  2517 D HwConnectivityServiceEx: set 1000 wlan0 value false
12-27 09:40:38.832 12956 13841 I chatty  : uid=10022 com.android.gallery3d:vision expire 29 lines
12-27 09:40:38.850 13073 13254 I HiAnalytics/event: [2021-12-27 09:40:38.850 I/HiAnalytics/HiAnalytics/event 13073:40069 null:13] HiAnalyticsInstance.onEvent(int type, String eventId, Map<String, String> mapValue) is execute.TAG: _default_config_tag,TYPE: 1
12-27 09:40:38.851 13073 13265 I EventRecordTask: [2021-12-27 09:40:38.851 I/HiAnalytics/EventRecordTask 13073:40080 null:4] event record task running
12-27 09:40:38.851 13073 13265 I HiAnalyticsSharedPreference: [2021-12-27 09:40:38.851 I/HiAnalytics/HiAnalyticsSharedPreference 13073:40080 null:39] check file size : 39192 limitedSize : 5242880
12-27 09:40:38.851  1933  2517 D HwConnectivityServiceEx: set 10026 wlan0 value false
12-27 09:40:38.882  2839  3128 I OllieMsgCenter: publishEvt what:2135162884
12-27 09:40:39.131 12956 13842 I chatty  : uid=10022 com.android.gallery3d:vision expire 29 lines
12-27 09:40:39.149 13073 13254 I HiAnalytics/event: [2021-12-27 09:40:39.148 I/HiAnalytics/HiAnalytics/event 13073:40069 null:13] HiAnalyticsInstance.onEvent(int type, String eventId, Map<String, String> mapValue) is execute.TAG: _default_config_tag,TYPE: 1
12-27 09:40:39.149 13073 13265 I EventRecordTask: [2021-12-27 09:40:39.149 I/HiAnalytics/EventRecordTask 13073:40080 null:4] event record task running
12-27 09:40:39.150 13073 13265 I HiAnalyticsSharedPreference: [2021-12-27 09:40:39.149 I/HiAnalytics/HiAnalyticsSharedPreference 13073:40080 null:39] check file size : 39731 limitedSize : 5242880
12-27 09:40:39.376 12956 13843 I chatty  : uid=10022 com.android.gallery3d:vision expire 31 lines
12-27 09:40:39.392 13073 13254 I HiAnalytics/event: [2021-12-27 09:40:39.391 I/HiAnalytics/HiAnalytics/event 13073:40069 null:13] HiAnalyticsInstance.onEvent(int type, String eventId, Map<String, String> mapValue) is execute.TAG: _default_config_tag,TYPE: 1
12-27 09:40:39.392 13073 13265 I EventRecordTask: [2021-12-27 09:40:39.392 I/HiAnalytics/EventRecordTask 13073:40080 null:4] event record task running
12-27 09:40:39.392 13073 13265 I HiAnalyticsSharedPreference: [2021-12-27 09:40:39.392 I/HiAnalytics/HiAnalyticsSharedPreference 13073:40080 null:39] check file size : 40270 limitedSize : 5242880
12-27 09:40:39.631 12956 13844 I chatty  : uid=10022 com.android.gallery3d:vision expire 29 lines
12-27 09:40:39.647 13073 13254 I HiAnalytics/event: [2021-12-27 09:40:39.646 I/HiAnalytics/HiAnalytics/event 13073:40069 null:13] HiAnalyticsInstance.onEvent(int type, String eventId, Map<String, String> mapValue) is execute.TAG: _default_config_tag,TYPE: 1
12-27 09:40:39.648 13073 13265 I EventRecordTask: [2021-12-27 09:40:39.647 I/HiAnalytics/EventRecordTask 13073:40080 null:4] event record task running
12-27 09:40:39.648 13073 13265 I HiAnalyticsSharedPreference: [2021-12-27 09:40:39.648 I/HiAnalytics/HiAnalyticsSharedPreference 13073:40080 null:39] check file size : 40809 limitedSize : 5242880
