12-27 13:14:42.922 29529 29529 D ActivityThread: add activity client record, r= ActivityRecord{34adc72 token=android.os.BinderProxy@1f929a7 {com.android.todolist/com.android.todolist.MainActivity}} token= android.os.BinderProxy@1f929a7
12-27 13:14:42.941  2839  3128 I HidataAppQoeP: foregroundUidAdd uid: 10322 name: com.android.todolist activity state: true
12-27 13:14:42.951  2839  3128 I SmartDualCardConfig: getAppType,pkgName=com.android.todolist,appType=-1
12-27 13:14:48.507  2839  3128 I HidataAppQoeP: foregroundUidRemove uid: 10322 name: com.android.todolist
12-27 13:14:48.521  2839  3128 I SmartDualCardConfig: getAppType,pkgName=com.android.todolist,appType=-1
12-27 13:14:48.816 29529 29529 I ActivityThread: Handle window ActivityRecord{34adc72 token=android.os.BinderProxy@1f929a7 {com.android.todolist/com.android.todolist.MainActivity}} visibility: false
12-27 13:16:43.183  2839  3128 I HidataAppQoeP: foregroundUidAdd uid: 10322 name: com.android.todolist activity state: true
12-27 13:16:43.197  2839  3128 I SmartDualCardConfig: getAppType,pkgName=com.android.todolist,appType=-1
12-27 13:16:43.232  2567  2652 I ScenarioService: refresh visibleApp:[com.android.todolist]
12-27 13:16:43.232  2567  2652 I PGServer: report state:14 event type:1 pid:-1 uid:-1 pkg:com.android.todolist to pid: 2567
12-27 13:16:43.238  2567  2935 I PG_ash  : current visiblePkgs:[com.android.todolist]
12-27 13:16:43.425  2839  3128 I SmartDualCardConfig: getAppType,pkgName=com.android.todolist,appType=-1
12-27 13:16:43.469  1933  1957 I WindowManager: Animation done in AppWindowToken{f386bab token=Token{12319fa ActivityRecord{e89201c u0 com.android.todolist/.MainActivity t4601}}} isHidden:false hiddenRequested:false
12-27 13:16:43.752  1933  1957 I WindowManager: Removing Window{a932f27 u0 SnapshotStartingWindow for taskId=4601} from AppWindowToken{f386bab token=Token{12319fa ActivityRecord{e89201c u0 com.android.todolist/.MainActivity t4601}}}
12-27 13:16:44.922   981  1510 D ITouchService: itouch currentPackageName = com.android.todolist
12-27 13:16:44.922   981  1510 D ITouchService: itouch:app com.android.todolist is  not game app
12-27 13:16:44.922   981  1510 D ITouchService: itouch:app com.android.todolist is  not in StylusPenList
12-27 13:16:45.375  1933  1957 I DebugKeepScreenOn: Releasing screen wakelock, obscured by Window{cf04829 u0 com.android.todolist/com.android.todolist.MainActivity}
12-27 13:16:45.389  1933  2956 I HwApsManagerConfig: registerCallbackLocked success, pkgName:com.android.todolist, callback_count:61
12-27 13:16:45.389  1933  2956 I HwApsManagerConfig: doCallbackAtFirstRegisterLocked, start ! pkgName:com.android.todolist
12-27 13:16:45.389 29529 29529 D Hwaps   : APS: EventAnalyzed: registerCallbackInApsManagerService, mPkgName:com.android.todolist; result = true
12-27 13:16:52.060  1933 10575 I WindowManager: Changing focus from Window{cf04829 u0 com.android.todolist/com.android.todolist.MainActivity} to Window{7bb639f u0 com.android.todolist/com.android.todolist.MainActivity} displayId=0 Callers=com.android.server.wm.RootWindowContainer.updateFocusedWindowLocked:211 com.android.server.wm.WindowManagerService.updateFocusedWindowLocked:6385 com.android.server.wm.WindowManagerService.addWindow:2036 com.android.server.wm.HwWindowManagerService.addWindow:252 
12-27 13:16:52.061  1933 10575 I WindowManager: addWindow: Window{7bb639f u0 com.android.todolist/com.android.todolist.MainActivity}
12-27 13:16:52.065 29529 30198 D HiTouch_PressGestureDetector: onAttached, package=com.android.todolist, windowType=2, mHiTouchRestricted=true
12-27 13:16:52.137  1933  1957 I WindowManager: dispatchResized : win = Window{7bb639f u0 com.android.todolist/com.android.todolist.MainActivity} drawState = READY_TO_SHOW
12-27 13:16:52.148  1933  1954 I StatusBarDisable: setFlags what=0 which=1 pkg=Window{7bb639f u0 com.android.todolist/com.android.todolist.MainActivity}
12-27 13:16:53.502   768  1995 W BufferQueueProducer: [com.android.todolist/com.android.todolist.MainActivity#1]:1403: disconnect: not connected (req=1)
12-27 13:16:53.503  1933  4302 I WindowManager: removeIfPossible: Window{7bb639f u0 com.android.todolist/com.android.todolist.MainActivity} callers=com.android.server.wm.WindowState.removeIfPossible:2445 com.android.server.wm.WindowManagerService.removeWindow:2230 com.android.server.wm.Session.remove:178 android.view.IWindowSession$Stub.onTransact:668 com.android.server.wm.Session.onTransact:136 
12-27 13:16:53.505  1933  4302 I WindowManager: Not removing Window{7bb639f u0 com.android.todolist/com.android.todolist.MainActivity EXITING} due to exit animation 
12-27 13:16:53.505  1933  4302 I WindowManager: Changing focus from Window{7bb639f u0 com.android.todolist/com.android.todolist.MainActivity EXITING} to Window{cf04829 u0 com.android.todolist/com.android.todolist.MainActivity} displayId=0 Callers=com.android.server.wm.RootWindowContainer.updateFocusedWindowLocked:211 com.android.server.wm.WindowManagerService.updateFocusedWindowLocked:6385 com.android.server.wm.WindowState.setupWindowForRemoveOnExit:2601 com.android.server.wm.WindowState.removeIfPossible:2563 
12-27 13:16:53.510  1933  1954 I StatusBarDisable: setFlags what=0 which=1 pkg=Window{cf04829 u0 com.android.todolist/com.android.todolist.MainActivity}
12-27 13:16:53.663  1933  1957 I WindowManager: Exit animation finished in Window{7bb639f u0 com.android.todolist/com.android.todolist.MainActivity EXITING}: remove=true
12-27 13:16:53.663  1933  1957 E WindowManager: win=Window{7bb639f u0 com.android.todolist/com.android.todolist.MainActivity EXITING} destroySurfaces: appStopped=false win.mWindowRemovalAllowed=true win.mRemoveOnExit=true
12-27 13:16:53.665  1933  1957 I WindowManager: postWindowRemoveCleanupLocked: Window{7bb639f u0 com.android.todolist/com.android.todolist.MainActivity}
12-27 13:16:53.665  1933  1957 I WindowManager: Removing Window{7bb639f u0 com.android.todolist/com.android.todolist.MainActivity} from AppWindowToken{f386bab token=Token{12319fa ActivityRecord{e89201c u0 com.android.todolist/.MainActivity t4601}}}
12-27 13:16:54.830  1933 10575 I WindowManager: Adding Window{bc0f611 u0 PopupWindow:eb36fac} to Window{cf04829 u0 com.android.todolist/com.android.todolist.MainActivity}
12-27 13:16:54.832  1933 10575 I WindowManager: Changing focus from Window{cf04829 u0 com.android.todolist/com.android.todolist.MainActivity} to Window{bc0f611 u0 PopupWindow:eb36fac} displayId=0 Callers=com.android.server.wm.RootWindowContainer.updateFocusedWindowLocked:211 com.android.server.wm.WindowManagerService.updateFocusedWindowLocked:6385 com.android.server.wm.WindowManagerService.addWindow:2036 com.android.server.wm.HwWindowManagerService.addWindow:252 
12-27 13:16:55.513  1933 10575 W NotificationService: Toast already killed. pkg=com.android.todolist callback=android.app.ITransientNotification$Stub$Proxy@aade24d
12-27 13:16:55.631  1933  1957 I DebugKeepScreenOn: Releasing screen wakelock, obscured by Window{cf04829 u0 com.android.todolist/com.android.todolist.MainActivity}
12-27 13:16:55.984  1933 10575 I ActivityTaskManager: START u0 {hwFlg=0x10 cmp=com.android.todolist/.About} from uid 10322
12-27 13:16:55.985  1933 10575 I ActivityTaskManager: ActivityRecord info: ActivityInfo{5beb450 com.android.todolist.About}
12-27 13:16:55.985  1933 10575 D ActivityTaskManager: TaskLaunchParamsModifier:task=null activity=ActivityRecord{3035649 u0 com.android.todolist/.About t-1} display-from-source=0 display-id=0 display-windowing-mode=1
12-27 13:16:55.986  1933 10575 D ActivityTaskManager: TaskLaunchParamsModifier:task=null activity=ActivityRecord{3035649 u0 com.android.todolist/.About t-1} display-from-source=0 display-id=0 display-windowing-mode=1 activity-options-fullscreen=Rect(0, 0 - 0, 0) non-freeform-display maximized-bounds
12-27 13:16:55.987  1933 10575 V ActivityTaskManager: addAppToken: AppWindowToken{e54646f token=Token{22c2b4e ActivityRecord{3035649 u0 com.android.todolist/.About t4601}}} task={taskId=4601 appTokens=[AppWindowToken{f386bab token=Token{12319fa ActivityRecord{e89201c u0 com.android.todolist/.MainActivity t4601}}}] mdr=false} at 2147483647
12-27 13:16:56.001  1933 10575 I WindowManager: Changing focus from Window{bc0f611 u0 PopupWindow:eb36fac} to Window{cf04829 u0 com.android.todolist/com.android.todolist.MainActivity} displayId=0 Callers=com.android.server.wm.RootWindowContainer.updateFocusedWindowLocked:211 com.android.server.wm.WindowManagerService.updateFocusedWindowLocked:6385 com.android.server.wm.WindowManagerService.relayoutWindow:2732 com.android.server.wm.Session.relayout:196 
12-27 13:16:56.001  1933 10575 V HwPhoneWindowManager: updateSystemUiColorLw window=Window{cf04829 u0 com.android.todolist/com.android.todolist.MainActivity},EmuiStyle=0,StatusBarColor=0xff00574b,NavigationBarColor=0xfffcfcfc, mForceNotchStatusBar=false
12-27 13:16:56.002  1933  1954 I StatusBarDisable: setFlags what=0 which=1 pkg=Window{cf04829 u0 com.android.todolist/com.android.todolist.MainActivity}
12-27 13:16:56.006  1933 10575 I ActivityTaskManager: Making visible and scheduling visibility: ActivityRecord{3035649 u0 com.android.todolist/.About t4601}
12-27 13:16:56.009  1933 10575 I WindowManager: Changing focus from Window{cf04829 u0 com.android.todolist/com.android.todolist.MainActivity} to null displayId=0 Callers=com.android.server.wm.RootWindowContainer.updateFocusedWindowLocked:211 com.android.server.wm.WindowManagerService.updateFocusedWindowLocked:6385 com.android.server.wm.ActivityDisplay.setFocusedApp:1557 com.android.server.wm.ActivityTaskManagerService.setResumedActivityUncheckLocked:6305 
12-27 13:16:56.012  1933 10575 I WindowManager: Check opening app=AppWindowToken{e54646f token=Token{22c2b4e ActivityRecord{3035649 u0 com.android.todolist/.About t4601}}}: allDrawn=false startingDisplayed=false startingMoved=false isRelaunching()=false startingWindow=null
12-27 13:16:56.013  1933  1964 I HwAudioServiceEx: ComponentInfo : className = com.android.todolist.MainActivity, flag = onPause, isHomeActivity = , isTop = false
12-27 13:16:56.018  1933  1957 I WindowManager: Check opening app=AppWindowToken{e54646f token=Token{22c2b4e ActivityRecord{3035649 u0 com.android.todolist/.About t4601}}}: allDrawn=false startingDisplayed=false startingMoved=false isRelaunching()=false startingWindow=null
12-27 13:16:56.020  1933  1957 I WindowManager: Check opening app=AppWindowToken{e54646f token=Token{22c2b4e ActivityRecord{3035649 u0 com.android.todolist/.About t4601}}}: allDrawn=false startingDisplayed=false startingMoved=false isRelaunching()=false startingWindow=null
12-27 13:16:56.021  1933  1956 V ActivityTaskManager: Stopping ActivityRecord{e89201c u0 com.android.todolist/.MainActivity t4601}: nowVisible=false animating=true finishing=false
12-27 13:16:56.066 29529 29529 D ActivityThread: add activity client record, r= ActivityRecord{6c437d0 token=android.os.BinderProxy@d17333f {com.android.todolist/com.android.todolist.About}} token= android.os.BinderProxy@d17333f
12-27 13:16:56.072  1933  4329 I WindowManager: addWindow: Window{cba8581 u0 com.android.todolist/com.android.todolist.About}
12-27 13:16:56.075  1933  1964 I HwAudioServiceEx: ComponentInfo : className = com.android.todolist.About, flag = onResume, isHomeActivity = , isTop = true
12-27 13:16:56.080 29529 30209 D HiTouch_PressGestureDetector: onAttached, package=com.android.todolist, windowType=1, mHiTouchRestricted=true
12-27 13:16:56.102  1933  4329 I WindowManager: Check opening app=AppWindowToken{e54646f token=Token{22c2b4e ActivityRecord{3035649 u0 com.android.todolist/.About t4601}}}: allDrawn=false startingDisplayed=false startingMoved=false isRelaunching()=false startingWindow=null
12-27 13:16:56.104  1933  4329 I WindowManager: Changing focus from null to Window{cba8581 u0 com.android.todolist/com.android.todolist.About} displayId=0 Callers=com.android.server.wm.RootWindowContainer.updateFocusedWindowLocked:211 com.android.server.wm.WindowManagerService.updateFocusedWindowLocked:6385 com.android.server.wm.WindowManagerService.relayoutWindow:2732 com.android.server.wm.Session.relayout:196 
12-27 13:16:56.105  1933  1954 I StatusBarDisable: setFlags what=0 which=1 pkg=Window{cba8581 u0 com.android.todolist/com.android.todolist.About}
12-27 13:16:56.127  1933  1957 I WindowManager: Check opening app=AppWindowToken{e54646f token=Token{22c2b4e ActivityRecord{3035649 u0 com.android.todolist/.About t4601}}}: allDrawn=true startingDisplayed=false startingMoved=false isRelaunching()=false startingWindow=null
12-27 13:16:56.131  1933  1957 D HwWindowManagerServiceEx: is app exit to launcher info: transit = 6, app = AppWindowToken{f386bab token=Token{12319fa ActivityRecord{e89201c u0 com.android.todolist/.MainActivity t4601}}}, window = Window{cf04829 u0 com.android.todolist/com.android.todolist.MainActivity}, mClosingApps = {AppWindowToken{f386bab token=Token{12319fa ActivityRecord{e89201c u0 com.android.todolist/.MainActivity t4601}}}}, topOpeningApp = AppWindowToken{e54646f token=Token{22c2b4e ActivityRecord{3035649 u0 com.android.todolist/.About t4601}}}, mExitIconBitmap = null, mExitIconHeight = -1, mExitIconWidth = -1
12-27 13:16:56.133  1933  1957 V WindowManager: commitVisibility: AppWindowToken{f386bab token=Token{12319fa ActivityRecord{e89201c u0 com.android.todolist/.MainActivity t4601}}}: hidden=true hiddenRequested=true
12-27 13:16:56.135  1933  1957 D HwWindowManagerServiceEx: is app exit to launcher info: transit = 6, app = AppWindowToken{e54646f token=Token{22c2b4e ActivityRecord{3035649 u0 com.android.todolist/.About t4601}}}, window = Window{cba8581 u0 com.android.todolist/com.android.todolist.About}, mClosingApps = {AppWindowToken{f386bab token=Token{12319fa ActivityRecord{e89201c u0 com.android.todolist/.MainActivity t4601}}}}, topOpeningApp = AppWindowToken{e54646f token=Token{22c2b4e ActivityRecord{3035649 u0 com.android.todolist/.About t4601}}}, mExitIconBitmap = null, mExitIconHeight = -1, mExitIconWidth = -1
12-27 13:16:56.137  1933  1957 V WindowManager: commitVisibility: AppWindowToken{e54646f token=Token{22c2b4e ActivityRecord{3035649 u0 com.android.todolist/.About t4601}}}: hidden=false hiddenRequested=false
12-27 13:16:56.138  1933  1957 I WindowManager: dispatchResized : win = Window{cba8581 u0 com.android.todolist/com.android.todolist.About} drawState = HAS_DRAWN
12-27 13:16:56.163  1933  4329 V ActivityTaskManager: Activity idle: Token{22c2b4e ActivityRecord{3035649 u0 com.android.todolist/.About t4601}}
12-27 13:16:56.165  1933  4329 V ActivityTaskManager: Stopping ActivityRecord{e89201c u0 com.android.todolist/.MainActivity t4601}: nowVisible=false animating=true finishing=false
12-27 13:16:56.461  1933  1957 I WindowManager: Animation done in AppWindowToken{e54646f token=Token{22c2b4e ActivityRecord{3035649 u0 com.android.todolist/.About t4601}}} isHidden:false hiddenRequested:false
12-27 13:16:56.461  1933  1957 I WindowManager: Animation done in AppWindowToken{f386bab token=Token{12319fa ActivityRecord{e89201c u0 com.android.todolist/.MainActivity t4601}}} isHidden:true hiddenRequested:true
12-27 13:16:56.463  1933  1957 I WindowManager: Removing Window{bc0f611 u0 PopupWindow:eb36fac} from AppWindowToken{f386bab token=Token{12319fa ActivityRecord{e89201c u0 com.android.todolist/.MainActivity t4601}}}
12-27 13:16:56.497   768  1089 W BufferQueueProducer: [com.android.todolist/com.android.todolist.MainActivity#0]:1403: disconnect: not connected (req=1)
12-27 13:16:56.503  1933  4329 I WindowManager: notifyAppStopped: AppWindowToken{f386bab token=Token{12319fa ActivityRecord{e89201c u0 com.android.todolist/.MainActivity t4601}}}
12-27 13:16:56.503  1933  4329 E WindowManager: win=Window{cf04829 u0 com.android.todolist/com.android.todolist.MainActivity} destroySurfaces: appStopped=true win.mWindowRemovalAllowed=false win.mRemoveOnExit=false
12-27 13:16:56.503  1017  1250 I ScreemCommon: <LOGMGR> <NotifyTaskFinished> [Start Activity ok, pkg=com.android.todolist, act=com.android.todolist.About, fromPkg=, totalTime=479, adTime=0, touchTime=-1, actCount=1, animTime=334]
12-27 13:17:26.136  1933  1964 I HwAudioServiceEx: ComponentInfo : className = com.android.todolist.About, flag = onPause, isHomeActivity = , isTop = false
12-27 13:17:26.140   986  2100 D dubaid  : [EpsDisplay.cpp] CacheLcdRefreshInfo# eps lcd: forground app is com.android.todolist, diff time is 42756, lastLcdrage = 60
12-27 13:17:26.143  1933  1956 D ActivityTaskManager: Ignore adjust for same activity when stop r:ActivityRecord{3035649 u0 com.android.todolist/.About t4601}
12-27 13:17:26.146  2839  3128 I HidataAppQoeP: foregroundUidRemove uid: 10322 name: com.android.todolist
12-27 13:17:26.159  1933  4308 I WindowManager: notifyAppStopped: AppWindowToken{e54646f token=Token{22c2b4e ActivityRecord{3035649 u0 com.android.todolist/.About t4601}}}
12-27 13:17:26.160  2839  3128 I SmartDualCardConfig: getAppType,pkgName=com.android.todolist,appType=-1
12-27 13:17:26.411  1933  1949 D ActivityTaskManager: canShowActivityWhileKeyguardShowing false r=ActivityRecord{3035649 u0 com.android.todolist/.About t4601}
12-27 13:17:26.411  1933  1949 V WindowManager: commitVisibility: AppWindowToken{e54646f token=Token{22c2b4e ActivityRecord{3035649 u0 com.android.todolist/.About t4601}}}: hidden=true hiddenRequested=true
12-27 13:17:26.411  1933  1949 I WindowManager: Changing focus from Window{cba8581 u0 com.android.todolist/com.android.todolist.About} to null displayId=0 Callers=com.android.server.wm.RootWindowContainer.updateFocusedWindowLocked:211 com.android.server.wm.WindowManagerService.updateFocusedWindowLocked:6385 com.android.server.wm.AppWindowToken.commitVisibility:905 com.android.server.wm.AppWindowToken.setVisibility:824 
12-27 13:17:26.419  1933  1949 I WindowManager: Animation done in AppWindowToken{e54646f token=Token{22c2b4e ActivityRecord{3035649 u0 com.android.todolist/.About t4601}}} isHidden:true hiddenRequested:true
12-27 13:17:26.420  1933  1949 I WindowManager: notifyAppStopped: AppWindowToken{e54646f token=Token{22c2b4e ActivityRecord{3035649 u0 com.android.todolist/.About t4601}}}
12-27 13:17:26.443   768  1093 W BufferQueueProducer: [com.android.todolist/com.android.todolist.About#0]:1403: disconnect: not connected (req=1)
12-27 13:17:26.444  1933  2956 E WindowManager: win=Window{cba8581 u0 com.android.todolist/com.android.todolist.About} destroySurfaces: appStopped=true win.mWindowRemovalAllowed=false win.mRemoveOnExit=false
12-27 13:17:26.454 29529 29529 I ActivityThread: Handle window ActivityRecord{6c437d0 token=android.os.BinderProxy@d17333f {com.android.todolist/com.android.todolist.About}} visibility: false
12-27 13:17:26.663  1933 10801 D ActivityTaskManager: canShowActivityWhileKeyguardShowing false r=ActivityRecord{3035649 u0 com.android.todolist/.About t4601}
12-27 13:17:26.907  1933  2087 D ActivityTaskManager: canShowActivityWhileKeyguardShowing false r=ActivityRecord{3035649 u0 com.android.todolist/.About t4601}
12-27 13:17:26.942   981  1510 D ITouchService: itouch currentPackageName = com.android.todolist
12-27 13:17:26.942   981  1510 D ITouchService: itouch:app com.android.todolist is  not game app
12-27 13:17:26.943   981  1510 D ITouchService: itouch:app com.android.todolist is  not in StylusPenList
12-27 13:17:29.450  1933  2670 D ActivityTaskManager: canShowActivityWhileKeyguardShowing false r=ActivityRecord{3035649 u0 com.android.todolist/.About t4601}
12-27 13:17:29.450  1933  2670 D ActivityTaskManager: canShowActivityWhileKeyguardShowing false r=ActivityRecord{3035649 u0 com.android.todolist/.About t4601}
12-27 13:17:29.451  1933  1956 D ActivityTaskManager: canShowActivityWhileKeyguardShowing false r=ActivityRecord{3035649 u0 com.android.todolist/.About t4601}
12-27 13:18:20.537  1933  4308 V WindowManager: notifyAppResumed: wasStopped=true AppWindowToken{e54646f token=Token{22c2b4e ActivityRecord{3035649 u0 com.android.todolist/.About t4601}}}
12-27 13:18:20.539  1933  1964 I HwAudioServiceEx: ComponentInfo : className = com.android.todolist.About, flag = showStartingWindow, isHomeActivity = , isTop = false
12-27 13:18:20.540  1933  4308 I WindowManager: Check opening app=AppWindowToken{e54646f token=Token{22c2b4e ActivityRecord{3035649 u0 com.android.todolist/.About t4601}}}: allDrawn=false startingDisplayed=false startingMoved=false isRelaunching()=false startingWindow=null
12-27 13:18:20.542  1933  1957 I WindowManager: Check opening app=AppWindowToken{e54646f token=Token{22c2b4e ActivityRecord{3035649 u0 com.android.todolist/.About t4601}}}: allDrawn=false startingDisplayed=false startingMoved=false isRelaunching()=false startingWindow=null
12-27 13:18:20.546  1933  3659 I WindowManager: Check opening app=AppWindowToken{e54646f token=Token{22c2b4e ActivityRecord{3035649 u0 com.android.todolist/.About t4601}}}: allDrawn=false startingDisplayed=false startingMoved=false isRelaunching()=false startingWindow=null
12-27 13:18:20.547  1933  2520 I WindowManager: Check opening app=AppWindowToken{e54646f token=Token{22c2b4e ActivityRecord{3035649 u0 com.android.todolist/.About t4601}}}: allDrawn=false startingDisplayed=false startingMoved=false isRelaunching()=false startingWindow=null
12-27 13:18:20.549  1933  1957 I WindowManager: Check opening app=AppWindowToken{e54646f token=Token{22c2b4e ActivityRecord{3035649 u0 com.android.todolist/.About t4601}}}: allDrawn=false startingDisplayed=false startingMoved=false isRelaunching()=false startingWindow=Window{53162b4 u0 SnapshotStartingWindow for taskId=4601}
12-27 13:18:20.555  1933  2087 I WindowManager: Check opening app=AppWindowToken{e54646f token=Token{22c2b4e ActivityRecord{3035649 u0 com.android.todolist/.About t4601}}}: allDrawn=false startingDisplayed=true startingMoved=false isRelaunching()=false startingWindow=Window{53162b4 u0 SnapshotStartingWindow for taskId=4601}
12-27 13:18:20.555  1933  2087 D HwWindowManagerServiceEx: is app exit to launcher info: transit = 20, app = AppWindowToken{e54646f token=Token{22c2b4e ActivityRecord{3035649 u0 com.android.todolist/.About t4601}}}, window = Window{cba8581 u0 com.android.todolist/com.android.todolist.About}, mClosingApps = {}, topOpeningApp = AppWindowToken{e54646f token=Token{22c2b4e ActivityRecord{3035649 u0 com.android.todolist/.About t4601}}}, mExitIconBitmap = null, mExitIconHeight = -1, mExitIconWidth = -1
12-27 13:18:20.555  1933  2087 V WindowManager: commitVisibility: AppWindowToken{e54646f token=Token{22c2b4e ActivityRecord{3035649 u0 com.android.todolist/.About t4601}}}: hidden=false hiddenRequested=false
12-27 13:18:20.555  1933  2087 I WindowManager: Animation done in AppWindowToken{e54646f token=Token{22c2b4e ActivityRecord{3035649 u0 com.android.todolist/.About t4601}}} isHidden:false hiddenRequested:false
12-27 13:18:20.560  2839  3155 I Hicom_Monitor: mActivityNotifierEx, className = com.android.todolist.About
12-27 13:18:20.560  2839  3155 I Hicom_Monitor: notifyForegroundAppActivityChanged: className:com.android.todolist.About
12-27 13:18:20.560  1933  1964 I HwAudioServiceEx: ComponentInfo : className = com.android.todolist.About, flag = onResume, isHomeActivity = , isTop = true
12-27 13:18:20.562  2839  3128 D DollieActivityManagerAdapter: [Resumed] bg:true pid:29529 uid:10322 ComponentInfo{com.android.todolist/com.android.todolist.About}
12-27 13:18:20.562  2839  3128 E DollieAdapterService: notifyActivityState pkg:com.android.todolist/com.android.todolist.About state:2 fg:true mUid:10322
12-27 13:18:20.564  2839  3128 I HidataAppQoeP: foregroundUidAdd uid: 10322 name: com.android.todolist activity state: true
12-27 13:18:20.572  2839  3128 I SmartDualCardConfig: getAppType,pkgName=com.android.todolist,appType=-1
12-27 13:18:20.572  2839  3128 I NetworkQoe: onAppStateChanged: mForeAppUid=10322, packageName:com.android.todolist
12-27 13:18:20.602  1933 10575 V ActivityTaskManager: Activity idle: Token{22c2b4e ActivityRecord{3035649 u0 com.android.todolist/.About t4601}}
12-27 13:18:20.605  2567  2652 D ScenarioService: front pkg : com.android.todolist launcher: false
12-27 13:18:20.612  2567  2935 I PG_ash  : current visiblePkgs:[com.android.todolist]
12-27 13:18:20.612  2567  3054 I PGServer: report state:10000 event type:2 pid:0 uid:0 pkg:com.android.todolist to pid: 1933
12-27 13:18:20.612  2567  3054 I PGServer: report state:10000 event type:2 pid:0 uid:0 pkg:com.android.todolist to pid: 2567
12-27 13:18:20.612  2567  3054 I SceneReceiver: state type: 10000 eventType:2 pid:0 uid:0 pkg:com.android.todolist
12-27 13:18:20.612  2567  3054 I PGServer: report state:10000 event type:1 pid:0 uid:0 pkg:com.android.todolist to pid: 1933
12-27 13:18:20.613  2567  3054 I PGServer: report state:10000 event type:1 pid:0 uid:0 pkg:com.android.todolist to pid: 2567
12-27 13:18:20.613  2567  3054 I SceneReceiver: state type: 10000 eventType:1 pid:0 uid:0 pkg:com.android.todolist
12-27 13:18:20.613  2567  3267 D ThermalTrace_ThermalRaise: current pkg:com.android.todolist
12-27 13:18:20.626  1933  8645 I WindowManager: Changing focus from Window{af94df4 u0 StatusBar} to Window{cba8581 u0 com.android.todolist/com.android.todolist.About} displayId=0 Callers=com.android.server.wm.RootWindowContainer.updateFocusedWindowLocked:211 com.android.server.wm.WindowManagerService.updateFocusedWindowLocked:6385 com.android.server.wm.WindowManagerService.relayoutWindow:2732 com.android.server.wm.Session.relayout:196 
12-27 13:18:20.627  1933  8645 V HwPhoneWindowManager: updateSystemUiColorLw window=Window{cba8581 u0 com.android.todolist/com.android.todolist.About},EmuiStyle=0,StatusBarColor=0xff00574b,NavigationBarColor=0xfffcfcfc, mForceNotchStatusBar=false
12-27 13:18:20.627  1933  1954 I StatusBarDisable: setFlags what=0 which=1 pkg=Window{cba8581 u0 com.android.todolist/com.android.todolist.About}
12-27 13:18:20.635  2567  2652 I APwMonitor: screen on skip front app: com.android.todolist
12-27 13:18:20.635  2567  2652 I ScenarioService: refresh visibleApp:[com.android.todolist]
12-27 13:18:20.635  2567  2652 I PGServer: report state:14 event type:1 pid:-1 uid:-1 pkg:com.android.todolist to pid: 2567
12-27 13:18:20.636  2567  2935 I PG_ash  : current visiblePkgs:[com.android.todolist]
12-27 13:18:20.730  2567  2652 I ScenarioService: check surface view pkg: com.android.todolist
12-27 13:18:20.816  2839  3128 I SmartDualCardConfig: getAppType,pkgName=com.android.todolist,appType=-1
12-27 13:18:21.124  1933  1957 I WindowManager: Removing Window{53162b4 u0 SnapshotStartingWindow for taskId=4601} from AppWindowToken{e54646f token=Token{22c2b4e ActivityRecord{3035649 u0 com.android.todolist/.About t4601}}}
12-27 13:18:21.160   981 32763 D ITouchService: itouch currentPackageName = com.android.todolist
12-27 13:18:21.160   981 32763 D ITouchService: itouch:app com.android.todolist is  not game app
12-27 13:18:21.160   981 32763 D ITouchService: itouch:app com.android.todolist is  not in StylusPenList
12-27 13:18:21.718  1933 10801 I WindowManager: Changing focus from Window{cba8581 u0 com.android.todolist/com.android.todolist.About} to null displayId=0 Callers=com.android.server.wm.RootWindowContainer.updateFocusedWindowLocked:211 com.android.server.wm.WindowManagerService.updateFocusedWindowLocked:6385 com.android.server.wm.ActivityDisplay.setFocusedApp:1557 com.android.server.wm.ActivityTaskManagerService.setResumedActivityUncheckLocked:6305 
12-27 13:18:21.720  1933 10801 V WindowManager: notifyAppResumed: wasStopped=true AppWindowToken{f386bab token=Token{12319fa ActivityRecord{e89201c u0 com.android.todolist/.MainActivity t4601}}}
12-27 13:18:21.723  1933 10801 I WindowManager: Check opening app=AppWindowToken{f386bab token=Token{12319fa ActivityRecord{e89201c u0 com.android.todolist/.MainActivity t4601}}}: allDrawn=false startingDisplayed=false startingMoved=false isRelaunching()=false startingWindow=null
12-27 13:18:21.725  1933  1964 I HwAudioServiceEx: ComponentInfo : className = com.android.todolist.About, flag = onPause, isHomeActivity = , isTop = false
12-27 13:18:21.726  2839  3128 D DollieActivityManagerAdapter: [Paused] pid:29529 uid:10322 ComponentInfo{com.android.todolist/com.android.todolist.About} uidState:2
12-27 13:18:21.729  1933  5076 I WindowManager: Check opening app=AppWindowToken{f386bab token=Token{12319fa ActivityRecord{e89201c u0 com.android.todolist/.MainActivity t4601}}}: allDrawn=false startingDisplayed=false startingMoved=false isRelaunching()=false startingWindow=null
12-27 13:18:21.738  2839 19113 I Hicom_Monitor: mActivityNotifierEx, className = com.android.todolist.MainActivity
12-27 13:18:21.738  2839 19113 I Hicom_Monitor: notifyForegroundAppActivityChanged: className:com.android.todolist.MainActivity
12-27 13:18:21.740  1933  5076 I WindowManager: Check opening app=AppWindowToken{f386bab token=Token{12319fa ActivityRecord{e89201c u0 com.android.todolist/.MainActivity t4601}}}: allDrawn=false startingDisplayed=false startingMoved=false isRelaunching()=false startingWindow=null
12-27 13:18:21.741  2839  3128 D DollieActivityManagerAdapter: [Resumed] bg:false pid:29529 uid:10322 ComponentInfo{com.android.todolist/com.android.todolist.MainActivity}
12-27 13:18:21.741  2839  3128 E DollieAdapterService: notifyActivityState pkg:com.android.todolist/com.android.todolist.MainActivity state:2 fg:true mUid:10322
12-27 13:18:21.741  2839  3128 I NetworkQoe: onAppStateChanged: mForeAppUid=10322, packageName:com.android.todolist
12-27 13:18:21.742  1933  1964 I HwAudioServiceEx: ComponentInfo : className = com.android.todolist.MainActivity, flag = onResume, isHomeActivity = , isTop = true
12-27 13:18:21.742  1933  5076 I WindowManager: Changing focus from null to Window{cf04829 u0 com.android.todolist/com.android.todolist.MainActivity} displayId=0 Callers=com.android.server.wm.RootWindowContainer.updateFocusedWindowLocked:211 com.android.server.wm.WindowManagerService.updateFocusedWindowLocked:6385 com.android.server.wm.WindowManagerService.relayoutWindow:2732 com.android.server.wm.Session.relayout:196 
12-27 13:18:21.743  1933  1954 I StatusBarDisable: setFlags what=0 which=1 pkg=Window{cf04829 u0 com.android.todolist/com.android.todolist.MainActivity}
12-27 13:18:21.755  1933  1957 I WindowManager: Check opening app=AppWindowToken{f386bab token=Token{12319fa ActivityRecord{e89201c u0 com.android.todolist/.MainActivity t4601}}}: allDrawn=true startingDisplayed=false startingMoved=false isRelaunching()=false startingWindow=null
12-27 13:18:21.756  1933  1957 D HwWindowManagerServiceEx: is app exit to launcher info: transit = 7, app = AppWindowToken{e54646f token=Token{22c2b4e ActivityRecord{3035649 u0 com.android.todolist/.About t4601}}}, window = Window{cba8581 u0 com.android.todolist/com.android.todolist.About}, mClosingApps = {AppWindowToken{e54646f token=Token{22c2b4e ActivityRecord{3035649 u0 com.android.todolist/.About t4601}}}}, topOpeningApp = AppWindowToken{f386bab token=Token{12319fa ActivityRecord{e89201c u0 com.android.todolist/.MainActivity t4601}}}, mExitIconBitmap = null, mExitIconHeight = -1, mExitIconWidth = -1
12-27 13:18:21.758  1933  1957 V WindowManager: commitVisibility: AppWindowToken{e54646f token=Token{22c2b4e ActivityRecord{3035649 u0 com.android.todolist/.About t4601}}}: hidden=true hiddenRequested=true
12-27 13:18:21.762  1933  1957 D HwWindowManagerServiceEx: is app exit to launcher info: transit = 7, app = AppWindowToken{f386bab token=Token{12319fa ActivityRecord{e89201c u0 com.android.todolist/.MainActivity t4601}}}, window = Window{cf04829 u0 com.android.todolist/com.android.todolist.MainActivity}, mClosingApps = {AppWindowToken{e54646f token=Token{22c2b4e ActivityRecord{3035649 u0 com.android.todolist/.About t4601}}}}, topOpeningApp = AppWindowToken{f386bab token=Token{12319fa ActivityRecord{e89201c u0 com.android.todolist/.MainActivity t4601}}}, mExitIconBitmap = null, mExitIconHeight = -1, mExitIconWidth = -1
12-27 13:18:21.763  1933  1957 V WindowManager: commitVisibility: AppWindowToken{f386bab token=Token{12319fa ActivityRecord{e89201c u0 com.android.todolist/.MainActivity t4601}}}: hidden=false hiddenRequested=false
12-27 13:18:21.769  1933 10801 V ActivityTaskManager: Activity idle: Token{12319fa ActivityRecord{e89201c u0 com.android.todolist/.MainActivity t4601}}
12-27 13:18:21.772  1933 10801 V ActivityTaskManager: Stopping ActivityRecord{3035649 u0 com.android.todolist/.About t4601 f}: nowVisible=false animating=true finishing=true
12-27 13:18:22.087  1933  1957 I WindowManager: Animation done in AppWindowToken{f386bab token=Token{12319fa ActivityRecord{e89201c u0 com.android.todolist/.MainActivity t4601}}} isHidden:false hiddenRequested:false
12-27 13:18:22.087  1933  1957 I WindowManager: Animation done in AppWindowToken{e54646f token=Token{22c2b4e ActivityRecord{3035649 u0 com.android.todolist/.About t4601}}} isHidden:true hiddenRequested:true
12-27 13:18:22.107   768  1995 W BufferQueueProducer: [com.android.todolist/com.android.todolist.About#0]:1403: disconnect: not connected (req=1)
12-27 13:18:22.113 29529 29529 D ActivityThread: Remove activity client record, r= ActivityRecord{6c437d0 token=android.os.BinderProxy@d17333f {com.android.todolist/com.android.todolist.About}} token= android.os.BinderProxy@d17333f
12-27 13:18:22.114  1933  4308 I WindowManager: removeIfPossible: Window{cba8581 u0 com.android.todolist/com.android.todolist.About} callers=com.android.server.wm.WindowState.removeIfPossible:2445 com.android.server.wm.WindowManagerService.removeWindow:2230 com.android.server.wm.Session.remove:178 android.view.IWindowSession$Stub.onTransact:668 com.android.server.wm.Session.onTransact:136 
12-27 13:18:22.115  1933  4308 I WindowManager: postWindowRemoveCleanupLocked: Window{cba8581 u0 com.android.todolist/com.android.todolist.About}
12-27 13:18:22.115  1933  4308 I WindowManager: Removing Window{cba8581 u0 com.android.todolist/com.android.todolist.About} from AppWindowToken{e54646f token=Token{22c2b4e ActivityRecord{3035649 u0 com.android.todolist/.About t4601}}}
12-27 13:18:22.117  1933  4308 I WindowManager: Animation done in AppWindowToken{e54646f token=Token{22c2b4e ActivityRecord{3035649 u0 com.android.todolist/.About t4601}}} isHidden:true hiddenRequested:true
12-27 13:18:22.118  1933  4308 V WindowManager: removeAppToken: AppWindowToken{e54646f token=Token{22c2b4e ActivityRecord{3035649 u0 com.android.todolist/.About t4601}}} delayed=false Callers=com.android.server.wm.DisplayContent.removeAppToken:1299 com.android.server.wm.ActivityRecord.removeWindowContainer:1371 com.android.server.wm.ActivityStack.removeActivityFromHistoryLocked:5289 com.android.server.wm.ActivityStack.activityDestroyedLocked:5588 com.android.server.wm.ActivityStack.activityDestroyedLocked:5568 com.android.server.wm.ActivityTaskManagerService.activityDestroyed:1953 android.app.IActivityTaskManager$Stub.onTransact:2042 android.os.Binder.execTransactInternal:1028 android.os.Binder.execTransact:1001 
12-27 13:18:22.570  2839  3128 D ConnCureConfigUtil: isCaredApp: input = com.android.todolist
12-27 13:18:24.311  1933  4308 I HwPCUtils#HwRioViewManager: check if rio enable, displayId = 0， packageName = com.android.todolist
12-27 13:18:24.315  1933  4308 I WindowManager: Changing focus from Window{cf04829 u0 com.android.todolist/com.android.todolist.MainActivity} to Window{20b3140 u0 com.android.todolist/com.android.todolist.MainActivity} displayId=0 Callers=com.android.server.wm.RootWindowContainer.updateFocusedWindowLocked:211 com.android.server.wm.WindowManagerService.updateFocusedWindowLocked:6385 com.android.server.wm.WindowManagerService.addWindow:2036 com.android.server.wm.HwWindowManagerService.addWindow:252 
12-27 13:18:24.316  1933  4308 I WindowManager: addWindow: Window{20b3140 u0 com.android.todolist/com.android.todolist.MainActivity}
12-27 13:18:24.321 29529 30650 D HiTouch_PressGestureDetector: onAttached, package=com.android.todolist, windowType=2, mHiTouchRestricted=true
12-27 13:18:24.365  1933  1957 I WindowManager: dispatchResized : win = Window{20b3140 u0 com.android.todolist/com.android.todolist.MainActivity} drawState = READY_TO_SHOW
12-27 13:18:24.372  1933  1954 I StatusBarDisable: setFlags what=0 which=1 pkg=Window{20b3140 u0 com.android.todolist/com.android.todolist.MainActivity}
12-27 13:18:25.086   768  4058 W BufferQueueProducer: [com.android.todolist/com.android.todolist.MainActivity#1]:1403: disconnect: not connected (req=1)
12-27 13:18:25.087  1933  4308 I WindowManager: removeIfPossible: Window{20b3140 u0 com.android.todolist/com.android.todolist.MainActivity} callers=com.android.server.wm.WindowState.removeIfPossible:2445 com.android.server.wm.WindowManagerService.removeWindow:2230 com.android.server.wm.Session.remove:178 android.view.IWindowSession$Stub.onTransact:668 com.android.server.wm.Session.onTransact:136 
12-27 13:18:25.088  1933  4308 I WindowManager: Not removing Window{20b3140 u0 com.android.todolist/com.android.todolist.MainActivity EXITING} due to exit animation 
12-27 13:18:25.088  1933  4308 I WindowManager: Changing focus from Window{20b3140 u0 com.android.todolist/com.android.todolist.MainActivity EXITING} to Window{cf04829 u0 com.android.todolist/com.android.todolist.MainActivity} displayId=0 Callers=com.android.server.wm.RootWindowContainer.updateFocusedWindowLocked:211 com.android.server.wm.WindowManagerService.updateFocusedWindowLocked:6385 com.android.server.wm.WindowState.setupWindowForRemoveOnExit:2601 com.android.server.wm.WindowState.removeIfPossible:2563 
12-27 13:18:25.092  1933  1954 I StatusBarDisable: setFlags what=0 which=1 pkg=Window{cf04829 u0 com.android.todolist/com.android.todolist.MainActivity}
12-27 13:18:25.096  1933  4308 I HwPCUtils#HwRioViewManager: check if rio enable, displayId = 0， packageName = com.android.todolist
12-27 13:18:25.103  1933 10801 D InputDispatcher: Window handle Window{20b3140 u0 com.android.todolist/com.android.todolist.MainActivity} has no registered input channel
12-27 13:18:25.253  1933  1957 I WindowManager: Exit animation finished in Window{20b3140 u0 com.android.todolist/com.android.todolist.MainActivity EXITING}: remove=true
12-27 13:18:25.253  1933  1957 E WindowManager: win=Window{20b3140 u0 com.android.todolist/com.android.todolist.MainActivity EXITING} destroySurfaces: appStopped=false win.mWindowRemovalAllowed=true win.mRemoveOnExit=true
12-27 13:18:25.254  1933  1957 I WindowManager: postWindowRemoveCleanupLocked: Window{20b3140 u0 com.android.todolist/com.android.todolist.MainActivity}
12-27 13:18:25.254  1933  1957 I WindowManager: Removing Window{20b3140 u0 com.android.todolist/com.android.todolist.MainActivity} from AppWindowToken{f386bab token=Token{12319fa ActivityRecord{e89201c u0 com.android.todolist/.MainActivity t4601}}}
12-27 13:18:25.954  1933 10801 I HwPCUtils#HwRioViewManager: check if rio enable, displayId = 0， packageName = com.android.todolist
12-27 13:18:25.960  1933 10801 I WindowManager: Changing focus from Window{cf04829 u0 com.android.todolist/com.android.todolist.MainActivity} to Window{93537d2 u0 com.android.todolist/com.android.todolist.MainActivity} displayId=0 Callers=com.android.server.wm.RootWindowContainer.updateFocusedWindowLocked:211 com.android.server.wm.WindowManagerService.updateFocusedWindowLocked:6385 com.android.server.wm.WindowManagerService.addWindow:2036 com.android.server.wm.HwWindowManagerService.addWindow:252 
12-27 13:18:25.961  1933 10801 I WindowManager: addWindow: Window{93537d2 u0 com.android.todolist/com.android.todolist.MainActivity}
12-27 13:18:25.965 29529 30652 D HiTouch_PressGestureDetector: onAttached, package=com.android.todolist, windowType=2, mHiTouchRestricted=true
12-27 13:18:26.001  1933  1957 I WindowManager: dispatchResized : win = Window{93537d2 u0 com.android.todolist/com.android.todolist.MainActivity} drawState = READY_TO_SHOW
12-27 13:18:26.009  1933  1954 I StatusBarDisable: setFlags what=0 which=1 pkg=Window{93537d2 u0 com.android.todolist/com.android.todolist.MainActivity}
12-27 13:18:26.883  1933  4308 V WindowManager: setImeHolder from Window{b85e004 u0 org.mozilla.firefox/org.mozilla.fenix.HomeActivity} to Window{93537d2 u0 com.android.todolist/com.android.todolist.MainActivity}
12-27 13:18:26.893 29529 29529 I Resources_debug: The apk asset path = ApkAssets{path=/data/app/com.android.todolist-l3VjAP_alPGaoqwK8CgMnA==/base.apk}
12-27 13:18:26.915  2567  2652 I AppInfoRecord: com.android.todolist AllFgServiceType:|none
12-27 13:18:27.009  1933  1954 I StatusBarDisable: setFlags what=0 which=1 pkg=Window{93537d2 u0 com.android.todolist/com.android.todolist.MainActivity}
12-27 13:18:27.011  1933  5076 I WindowManager: dispatchResized : win = Window{cf04829 u0 com.android.todolist/com.android.todolist.MainActivity} drawState = HAS_DRAWN
12-27 13:18:27.090  1933  4329 W NotificationService: Toast already killed. pkg=com.android.todolist callback=android.app.ITransientNotification$Stub$Proxy@b88647e
12-27 13:18:27.206  1933  1957 I DebugKeepScreenOn: Releasing screen wakelock, obscured by Window{cf04829 u0 com.android.todolist/com.android.todolist.MainActivity}
12-27 13:18:28.594   768  1093 W BufferQueueProducer: [com.android.todolist/com.android.todolist.MainActivity#1]:1403: disconnect: not connected (req=1)
12-27 13:18:28.595  1933  5076 I WindowManager: removeIfPossible: Window{93537d2 u0 com.android.todolist/com.android.todolist.MainActivity} callers=com.android.server.wm.WindowState.removeIfPossible:2445 com.android.server.wm.WindowManagerService.removeWindow:2230 com.android.server.wm.Session.remove:178 android.view.IWindowSession$Stub.onTransact:668 com.android.server.wm.Session.onTransact:136 
12-27 13:18:28.596  1933  5076 I WindowManager: Not removing Window{93537d2 u0 com.android.todolist/com.android.todolist.MainActivity EXITING} due to exit animation 
12-27 13:18:28.597  1933  5076 I WindowManager: Changing focus from Window{93537d2 u0 com.android.todolist/com.android.todolist.MainActivity EXITING} to Window{cf04829 u0 com.android.todolist/com.android.todolist.MainActivity} displayId=0 Callers=com.android.server.wm.RootWindowContainer.updateFocusedWindowLocked:211 com.android.server.wm.WindowManagerService.updateFocusedWindowLocked:6385 com.android.server.wm.WindowState.setupWindowForRemoveOnExit:2601 com.android.server.wm.WindowState.removeIfPossible:2563 
12-27 13:18:28.606  1933  5076 D InputDispatcher: Window handle Window{93537d2 u0 com.android.todolist/com.android.todolist.MainActivity} has no registered input channel
12-27 13:18:28.663  1933  1954 I StatusBarDisable: setFlags what=0 which=1 pkg=Window{cf04829 u0 com.android.todolist/com.android.todolist.MainActivity}
12-27 13:18:28.664  1933  4329 I WindowManager: dispatchResized : win = Window{cf04829 u0 com.android.todolist/com.android.todolist.MainActivity} drawState = HAS_DRAWN
12-27 13:18:28.755  1933  1957 I WindowManager: Exit animation finished in Window{93537d2 u0 com.android.todolist/com.android.todolist.MainActivity EXITING}: remove=true
12-27 13:18:28.755  1933  1957 E WindowManager: win=Window{93537d2 u0 com.android.todolist/com.android.todolist.MainActivity EXITING} destroySurfaces: appStopped=false win.mWindowRemovalAllowed=true win.mRemoveOnExit=true
12-27 13:18:28.756  1933  1957 I WindowManager: postWindowRemoveCleanupLocked: Window{93537d2 u0 com.android.todolist/com.android.todolist.MainActivity}
12-27 13:18:28.756  1933  1957 I WindowManager: Removing Window{93537d2 u0 com.android.todolist/com.android.todolist.MainActivity} from AppWindowToken{f386bab token=Token{12319fa ActivityRecord{e89201c u0 com.android.todolist/.MainActivity t4601}}}
12-27 13:18:30.115  1933 10801 I HwPCUtils#HwRioViewManager: check if rio enable, displayId = 0， packageName = com.android.todolist
12-27 13:18:30.118  1933 10801 I WindowManager: Changing focus from Window{cf04829 u0 com.android.todolist/com.android.todolist.MainActivity} to Window{37224f4 u0 com.android.todolist/com.android.todolist.MainActivity} displayId=0 Callers=com.android.server.wm.RootWindowContainer.updateFocusedWindowLocked:211 com.android.server.wm.WindowManagerService.updateFocusedWindowLocked:6385 com.android.server.wm.WindowManagerService.addWindow:2036 com.android.server.wm.HwWindowManagerService.addWindow:252 
12-27 13:18:30.119  1933 10801 I WindowManager: addWindow: Window{37224f4 u0 com.android.todolist/com.android.todolist.MainActivity}
12-27 13:18:30.125 29529 30691 D HiTouch_PressGestureDetector: onAttached, package=com.android.todolist, windowType=2, mHiTouchRestricted=true
12-27 13:18:30.155  1933  1957 I WindowManager: dispatchResized : win = Window{37224f4 u0 com.android.todolist/com.android.todolist.MainActivity} drawState = READY_TO_SHOW
12-27 13:18:30.167  1933  1954 I StatusBarDisable: setFlags what=0 which=1 pkg=Window{37224f4 u0 com.android.todolist/com.android.todolist.MainActivity}
12-27 13:18:31.263  1933  4329 V WindowManager: setImeHolder from Window{93537d2 u0 com.android.todolist/com.android.todolist.MainActivity} to Window{37224f4 u0 com.android.todolist/com.android.todolist.MainActivity}
12-27 13:18:31.274 29529 29529 I Resources_debug: The apk asset path = ApkAssets{path=/data/app/com.android.todolist-l3VjAP_alPGaoqwK8CgMnA==/base.apk}
12-27 13:18:31.309  1933  1954 I StatusBarDisable: setFlags what=0 which=1 pkg=Window{37224f4 u0 com.android.todolist/com.android.todolist.MainActivity}
12-27 13:18:31.311  1933  8462 I WindowManager: dispatchResized : win = Window{cf04829 u0 com.android.todolist/com.android.todolist.MainActivity} drawState = HAS_DRAWN
12-27 13:18:33.042   768  1089 W BufferQueueProducer: [com.android.todolist/com.android.todolist.MainActivity#1]:1403: disconnect: not connected (req=1)
12-27 13:18:33.043  1933  8462 I WindowManager: removeIfPossible: Window{37224f4 u0 com.android.todolist/com.android.todolist.MainActivity} callers=com.android.server.wm.WindowState.removeIfPossible:2445 com.android.server.wm.WindowManagerService.removeWindow:2230 com.android.server.wm.Session.remove:178 android.view.IWindowSession$Stub.onTransact:668 com.android.server.wm.Session.onTransact:136 
12-27 13:18:33.044  1933  8462 I WindowManager: Not removing Window{37224f4 u0 com.android.todolist/com.android.todolist.MainActivity EXITING} due to exit animation 
12-27 13:18:33.044  1933  8462 I WindowManager: Changing focus from Window{37224f4 u0 com.android.todolist/com.android.todolist.MainActivity EXITING} to Window{cf04829 u0 com.android.todolist/com.android.todolist.MainActivity} displayId=0 Callers=com.android.server.wm.RootWindowContainer.updateFocusedWindowLocked:211 com.android.server.wm.WindowManagerService.updateFocusedWindowLocked:6385 com.android.server.wm.WindowState.setupWindowForRemoveOnExit:2601 com.android.server.wm.WindowState.removeIfPossible:2563 
12-27 13:18:33.050  1933  8462 D InputDispatcher: Window handle Window{37224f4 u0 com.android.todolist/com.android.todolist.MainActivity} has no registered input channel
12-27 13:18:33.066  1933  2520 D InputDispatcher: Window handle Window{37224f4 u0 com.android.todolist/com.android.todolist.MainActivity} has no registered input channel
12-27 13:18:33.108  1933  1954 I StatusBarDisable: setFlags what=0 which=1 pkg=Window{cf04829 u0 com.android.todolist/com.android.todolist.MainActivity}
12-27 13:18:33.109  1933  8462 I WindowManager: dispatchResized : win = Window{cf04829 u0 com.android.todolist/com.android.todolist.MainActivity} drawState = HAS_DRAWN
12-27 13:18:33.199  1933  1957 I WindowManager: Exit animation finished in Window{37224f4 u0 com.android.todolist/com.android.todolist.MainActivity EXITING}: remove=true
12-27 13:18:33.199  1933  1957 E WindowManager: win=Window{37224f4 u0 com.android.todolist/com.android.todolist.MainActivity EXITING} destroySurfaces: appStopped=false win.mWindowRemovalAllowed=true win.mRemoveOnExit=true
12-27 13:18:33.200  1933  1957 I WindowManager: postWindowRemoveCleanupLocked: Window{37224f4 u0 com.android.todolist/com.android.todolist.MainActivity}
12-27 13:18:33.200  1933  1957 I WindowManager: Removing Window{37224f4 u0 com.android.todolist/com.android.todolist.MainActivity} from AppWindowToken{f386bab token=Token{12319fa ActivityRecord{e89201c u0 com.android.todolist/.MainActivity t4601}}}
12-27 13:18:34.438  1933  8462 W HwActivityTaskManagerServiceEx: setResumedActivityUncheckLocked start call, from: ActivityRecord{e89201c u0 com.android.todolist/.MainActivity t4601 f}, to: ActivityRecord{c7ffd54 u0 com.huawei.android.launcher/.drawer.DrawerLauncher t1}
12-27 13:18:34.438  1933  8462 W HwActivityTaskManagerServiceEx: appSwitch from: com.android.todolist to: com.huawei.android.launcher
12-27 13:18:34.439  1933  8462 I WindowManager: Changing focus from Window{cf04829 u0 com.android.todolist/com.android.todolist.MainActivity} to null displayId=0 Callers=com.android.server.wm.Root