12-27 09:28:05.862  2890  2890 W SettingsEx: SettingsEx.Systemex.getString deprecated use Settings.System.getString instead, callers = com.android.internal.telephony.gsm.HwCustGsmServiceStateManagerImpl.isMccForShowNetname:202 com.android.internal.telephony.gsm.HwCustGsmServiceStateManagerImpl.isShowNetnameByMcc:193 com.android.internal.telephony.gsm.HwCustGsmServiceStateManagerImpl.setOnsDisplayCustomization:144 
12-27 09:28:05.874  1933  1971 I chatty  : uid=1000(system) ActivityManager expire 3 lines
12-27 09:28:05.875  1933  2670 I chatty  : uid=1000(system) MultiTaskManage expire 8 lines
12-27 09:28:05.889  1933  2189 I chatty  : uid=1000(system) biometricServci expire 2 lines
12-27 09:28:05.898 29448 29466 E ActivityThread: getApplicationInfo metadata error
12-27 09:28:05.898 29448 29466 I ActivityThread: Init compatible state: false
12-27 09:28:05.950 29448 29448 I ActivityThread: finishPreloaded preloadStatus 0
12-27 09:28:06.036  2890  2890 W SettingsEx: SettingsEx.Systemex.getString deprecated use Settings.System.getString instead, callers = com.android.internal.telephony.gsm.HwCustGsmServiceStateManagerImpl.isMccForShowNetname:202 com.android.internal.telephony.gsm.HwCustGsmServiceStateManagerImpl.isShowNetnameByMcc:193 com.android.internal.telephony.gsm.HwCustGsmServiceStateManagerImpl.setOnsDisplayCustomization:144 
12-27 09:28:06.064  1933  1970 I chatty  : uid=1000(system) ActivityManager expire 2 lines
12-27 09:28:06.251  2419  2483 I HwNetworkPolicyManager: getHwUidPolicy uid = 10063 policy = 0
12-27 09:28:06.262  2696  2696 I ActivityThread: Handle window ActivityRecord{e3964b0 token=android.os.BinderProxy@d1ce76f {com.huawei.android.launcher/com.huawei.android.launcher.drawer.DrawerLauncher}} visibility: true
12-27 09:28:06.354  1933  1954 I chatty  : uid=1000(system) android.ui expire 6 lines
12-27 09:28:06.381  1933  2633 I chatty  : uid=1000(system) Binder:1933_A expire 7 lines
12-27 09:28:06.383  1933  1956 I chatty  : uid=1000(system) android.display expire 10 lines
12-27 09:28:07.091  1933  2087 I chatty  : uid=1000(system) Binder:1933_3 expire 26 lines
12-27 09:28:07.128  1933  1964 I chatty  : uid=1000(system) HwActivityTaskM expire 8 lines
12-27 09:28:07.128  1933  2175 I chatty  : uid=1000(system) Thread-6 expire 14 lines
12-27 09:28:07.129  2839  3128 I NetworkQoeChr: checkForegroundApp timer start
12-27 09:28:07.129  2839  3128 I NetworkQoeChr: end qoe report
12-27 09:28:07.132  2839  3128 I SmartDualCardConfig: getAppType,pkgName=com.huawei.android.launcher,appType=28
12-27 09:28:07.132  2839  3128 E SmartDualCardConfig: isAppInBlackList false,items==null
12-27 09:28:07.132  2839  3128 I SmartDualCardConfig: isAppInWhiteList false,uid=10063
12-27 09:28:07.154  2296 32123 I HwCommandQueue: updateBarBgColor
12-27 09:28:07.159  2839  3128 I HidataAppQoeP: foregroundUidRemove uid: 10222 name: org.telegram.messenger
12-27 09:28:07.159  2839  3130 I CommBoosterRequest: mModemId = 0slot id = 0
12-27 09:28:07.162  2839  3128 I SmartDualCardConfig: getAppType,pkgName=org.telegram.messenger,appType=0
12-27 09:28:07.162  2839  3128 E SmartDualCardConfig: isAppInBlackList false,items==null
12-27 09:28:07.162  2839  3128 I SmartDualCardConfig: isAppInWhiteList false,uid=10222
12-27 09:28:07.166  2839  3130 E OllieTelephony: sendFullData err:1
12-27 09:28:07.622  1933  1982 I chatty  : uid=1000(system) PowerManagerSer expire 29 lines
12-27 09:28:08.342  1933  2237 I chatty  : uid=1000(system) HwProximitySens expire 2 lines
12-27 09:28:10.671  1933  1959 I chatty  : uid=1000(system) monitor thread expire 5 lines
12-27 09:28:11.860  2890  3749 E Mapcon  : VoiceManager-0-Normal: [a]config is null!!!!!!!!!!
12-27 09:28:11.874  1933 14590 I chatty  : uid=1000(system) Binder:1933_20 expire 5 lines
12-27 09:28:12.030  1933  2089 I chatty  : uid=1000(system) AlarmManager expire 2 lines
12-27 09:28:13.279  1933  2065 I chatty  : uid=1000(system) UEventObserver expire 4 lines
12-27 09:28:16.569  2839  3128 I CommBoosterRequest: mModemId = 0slot id = 0
12-27 09:28:16.580  2839  3128 E OllieTelephony: sendFullData err:1
12-27 09:28:16.966  2890  2890 W SettingsEx: SettingsEx.Systemex.getString deprecated use Settings.System.getString instead, callers = com.android.internal.telephony.gsm.HwCustGsmServiceStateManagerImpl.isMccForShowNetname:202 com.android.internal.telephony.gsm.HwCustGsmServiceStateManagerImpl.isShowNetnameByMcc:193 com.android.internal.telephony.gsm.HwCustGsmServiceStateManagerImpl.setOnsDisplayCustomization:144 
12-27 09:28:17.865  2890  3749 E Mapcon  : VoiceManager-0-Normal: [a]config is null!!!!!!!!!!
12-27 09:28:19.791  1000  1082 I storaged: storaged_t::event: storage_info refreshed.
12-27 09:28:23.870  2890  3749 E Mapcon  : VoiceManager-0-Normal: [a]config is null!!!!!!!!!!
12-27 09:28:36.442  1933  2230 I chatty  : uid=1000(system) HwBinder:1933_3 expire 1 line
12-27 09:28:36.444  2296  2296 W FingerprintManager: Invalid acquired message: 6, 1001
12-27 09:28:36.521  1933  1982 I chatty  : uid=1000(system) PowerManagerSer expire 18 lines
12-27 09:28:36.587  1933  4755 I chatty  : uid=1000(system) Binder:1933_16 expire 19 lines
12-27 09:28:36.615  1933  2242 I chatty  : uid=1000(system) PhotonicModulat expire 1 line
12-27 09:28:36.634  1933  2087 I chatty  : uid=1000(system) Binder:1933_3 expire 4 lines
12-27 09:28:36.638  2839  3128 I SmartDualCardConfig: getAppType,pkgName=com.huawei.android.launcher,appType=28
12-27 09:28:36.639  2839  3128 E SmartDualCardConfig: isAppInBlackList false,items==null
12-27 09:28:36.639  2839  3128 I SmartDualCardConfig: isAppInWhiteList false,uid=10063
12-27 09:28:36.649  1933  1957 I chatty  : uid=1000(system) android.anim expire 6 lines
12-27 09:28:36.865  1933  2128 I chatty  : uid=1000(system) StorageManagerS expire 1 line
12-27 09:28:36.878  1933  2146 I chatty  : uid=1000(system) WifiP2pService expire 3 lines
12-27 09:28:36.880  2839  2839 I HwKeystoreServiceImpl: User lock userId:0
12-27 09:28:36.883  2839  3128 I CommBoosterRequest: mModemId = 0slot id = 0
12-27 09:28:36.892  2839  3128 E OllieTelephony: sendFullData err:1
12-27 09:28:36.898  1933  8645 I chatty  : uid=1000(system) Binder:1933_19 expire 11 lines
12-27 09:28:36.984  1933  2115 I chatty  : uid=1000(system) GestureNavManag expire 6 lines
12-27 09:28:36.992  1933  1956 I chatty  : uid=1000(system) android.display expire 2 lines
12-27 09:28:37.138 29512 29531 I ActivityThread: Init compatible state: true
12-27 09:28:37.140  1933  1967 I chatty  : uid=1000(system) android.bg expire 1 line
12-27 09:28:37.154  2839  3128 I CommBoosterRequest: mModemId = 0slot id = 0
12-27 09:28:37.170  2839  3128 E BoosterGameP: inValidCQI:-1
12-27 09:28:37.179  2839  3128 I DeepNoDisturbSM: setScreenState isScreenOn=false
12-27 09:28:37.180  2839  2839 I DeepNoDisturbSM: IdleState processMessage msg.what=EVENT_SCREEN_OFF
12-27 09:28:37.180  2839  2839 I DeepNoDisturbSM: IdleState: default msg.what=11
12-27 09:28:37.183  2839  3128 I HidataAppQoeP: other status.
12-27 09:28:37.184  2839  3128 I PreDnsQuery: No need to handled!
12-27 09:28:37.185  2839  3128 I NetworkQoeChr: end qoe report
12-27 09:28:37.370  8563 11097 E ActivityThread: Failed to find provider info for com.huawei.ca
12-27 09:28:37.375  6485  7066 E ActivityThread: Failed to find provider info for com.huawei.pengine.UserProfileProvider
12-27 09:28:37.375  6485  7066 E ActivityThread: Failed to find provider info for com.huawei.pengine.UserProfileProvider
12-27 09:28:37.459 29546 29564 I ActivityThread: Init compatible state: false
12-27 09:28:37.496 29512 29512 I ActivityThread: finishPreloaded preloadStatus 0
12-27 09:28:37.668  1933  1933 I chatty  : uid=1000 system_server expire 10 lines
12-27 09:28:37.801 29546 29546 I ActivityThread: finishPreloaded preloadStatus 0
12-27 09:28:38.001 29546 29601 W DE J ImageProcessorAlgoImpl: [effect] initAlgoXmlPath() error! can't find xml
12-27 09:28:39.895  1933  2175 I chatty  : uid=1000(system) Thread-6 expire 8 lines
12-27 09:28:39.896  1933  1964 I chatty  : uid=1000(system) HwActivityTaskM expire 4 lines
12-27 09:28:39.902  2839  2839 I HwCoreAppHelperService: LocalReceiver receives:android.intent.action.PACKAGE_RESTARTED,pkg:com.google.android.permissioncontroller,uid:10215
12-27 09:28:39.904  1933  2087 I chatty  : uid=1000(system) Binder:1933_3 expire 23 lines
12-27 09:28:39.922  1933 14590 I chatty  : uid=1000(system) Binder:1933_20 expire 1 line
12-27 09:28:39.923  1933  2649 I chatty  : uid=1000(system) Binder:1933_C expire 1 line
12-27 09:28:39.923  1933  2160 I chatty  : uid=1000(system) ConnectivitySer expire 8 lines
12-27 09:28:39.932  1933  4755 I chatty  : uid=1000(system) Binder:1933_16 expire 1 line
12-27 09:28:39.932  1933  2517 I chatty  : uid=1000(system) Binder:1933_7 expire 16 lines
12-27 09:28:39.933  1933  4329 I chatty  : uid=1000(system) Binder:1933_14 expire 1 line
12-27 09:28:39.933  1933  2670 I chatty  : uid=1000(system) MultiTaskManage expire 3 lines
12-27 09:28:39.955  2839  2839 I HwCoreAppHelperService: LocalReceiver receives:android.intent.action.PACKAGE_RESTARTED,pkg:com.google.android.inputmethod.latin,uid:10170
12-27 09:28:39.958  1933  1954 I chatty  : uid=1000(system) android.ui expire 4 lines
12-27 09:28:40.314  1933 10801 I chatty  : uid=1000(system) Binder:1933_1D expire 38 lines
12-27 09:28:40.406  1933  9396 I chatty  : uid=1000(system) Binder:1933_1B expire 20 lines
12-27 09:28:40.651  1933  3659 I chatty  : uid=1000(system) Binder:1933_10 expire 21 lines
12-27 09:28:40.672  1933  1959 I chatty  : uid=1000(system) monitor thread expire 7 lines
12-27 09:28:42.286  2757  5041 W ContextImpl: Calling a method in the system process without a qualified user: android.app.ContextImpl.bindService:1777 android.content.ContextWrapper.bindService:705 com.huawei.nb.searchmanager.service.f.g:206 com.huawei.nb.searchmanager.service.f.b:1017 com.huawei.nb.searchmanager.service.i.b:672 
12-27 09:28:44.006  1933  2065 I chatty  : uid=1000(system) UEventObserver expire 9 lines
12-27 09:28:45.102  2757  5041 W ContextImpl: Calling a method in the system process without a qualified user: android.app.ContextImpl.bindService:1777 android.content.ContextWrapper.bindService:705 com.huawei.nb.searchmanager.service.f.g:206 com.huawei.nb.searchmanager.service.f.b:1017 com.huawei.nb.searchmanager.service.i.b:672 
12-27 09:28:49.185  2839  3128 I NetworkQoeChr: onQoeStatusEnd
12-27 09:28:53.836  1933  1949 I chatty  : uid=1000(system) Binder:1933_1 expire 7 lines
12-27 09:29:05.696  1933  2089 I chatty  : uid=1000(system) AlarmManager expire 1 line
12-27 09:29:07.144  1933  1933 I chatty  : uid=1000 system_server expire 13 lines
12-27 09:29:18.578  1933  2230 I chatty  : uid=1000(system) HwBinder:1933_3 expire 4 lines
12-27 09:29:18.580  1933  2189 I chatty  : uid=1000(system) biometricServci expire 5 lines
12-27 09:29:18.593  1933  2439 I chatty  : uid=1000(system) Binder:1933_5 expire 5 lines
12-27 09:29:18.598  2296  2296 W FingerprintManager: Invalid acquired message: 6, 1002
12-27 09:29:18.598  1933  1982 I chatty  : uid=1000(system) PowerManagerSer expire 33 lines
12-27 09:29:18.606  1933  2517 I chatty  : uid=1000(system) Binder:1933_7 expire 11 lines
12-27 09:29:18.608  1933  1957 I chatty  : uid=1000(system) android.anim expire 11 lines
12-27 09:29:18.613  1933  1956 I chatty  : uid=1000(system) android.display expire 1 line
12-27 09:29:18.628  1933  2616 I chatty  : uid=1000(system) Binder:1933_9 expire 7 lines
12-27 09:29:18.733  2890  2890 W SettingsEx: SettingsEx.Systemex.getString deprecated use Settings.System.getString instead, callers = com.android.internal.telephony.gsm.HwCustGsmServiceStateManagerImpl.isMccForShowNetname:202 com.android.internal.telephony.gsm.HwCustGsmServiceStateManagerImpl.isShowNetnameByMcc:193 com.android.internal.telephony.gsm.HwCustGsmServiceStateManagerImpl.setOnsDisplayCustomization:144 
12-27 09:29:18.737  2296 12191 I FingerprintManager: binder call and send onAuthenticationSucceeded msg
12-27 09:29:18.753  2296  2296 I FingerprintManager: callback sendAuthenticatedSucceeded
12-27 09:29:18.776  1933  1970 I chatty  : uid=1000(system) ActivityManager expire 1 line
12-27 09:29:18.785  1933  2242 I chatty  : uid=1000(system) PhotonicModulat expire 1 line
12-27 09:29:18.807  1933 10801 I chatty  : uid=1000(system) Binder:1933_1D expire 1 line
12-27 09:29:18.809  1933  9396 I chatty  : uid=1000(system) Binder:1933_1B expire 15 lines
12-27 09:29:18.825  2839  3128 I BoosterTelephonyCollector: handleDsdsStateChanged:dsds state= 0
12-27 09:29:18.844  1933  1964 I chatty  : uid=1000(system) HwActivityTaskM expire 1 line
12-27 09:29:18.845  1933  2175 I chatty  : uid=1000(system) Thread-6 expire 2 lines
12-27 09:29:18.850  1933  2230 I chatty  : uid=1000(system) HwBinder:1933_3 expire 2 lines
12-27 09:29:18.851  2839  3128 I SmartDualCardConfig: getAppType,pkgName=com.huawei.android.launcher,appType=28
12-27 09:29:18.851  2839  3128 E SmartDualCardConfig: isAppInBlackList false,items==null
12-27 09:29:18.851  2839  3128 I SmartDualCardConfig: isAppInWhiteList false,uid=10063
12-27 09:29:18.857  1933  1933 I chatty  : uid=1000 system_server expire 10 lines
12-27 09:29:18.863  1933  5076 I chatty  : uid=1000(system) Binder:1933_17 expire 11 lines
12-27 09:29:18.870  1933  1956 I chatty  : uid=1000(system) android.display expire 6 lines
12-27 09:29:18.871  1933  2128 I chatty  : uid=1000(system) StorageManagerS expire 1 line
12-27 09:29:18.878  2839  2839 I HwKeystoreServiceImpl: User unlock userId:0
12-27 09:29:18.885  1933  1970 I chatty  : uid=1000(system) ActivityManager expire 10 lines
12-27 09:29:18.887  1933  2633 I chatty  : uid=1000(system) Binder:1933_A expire 1 line
12-27 09:29:18.888  1933  1954 I chatty  : uid=1000(system) android.ui expire 3 lines
12-27 09:29:18.895  2839  3128 I PreDnsQuery: No need to handled!
12-27 09:29:18.906  2890  2890 W SettingsEx: SettingsEx.Systemex.getString deprecated use Settings.System.getString instead, callers = com.android.internal.telephony.gsm.HwCustGsmServiceStateManagerImpl.isMccForShowNetname:202 com.android.internal.telephony.gsm.HwCustGsmServiceStateManagerImpl.isShowNetnameByMcc:193 com.android.internal.telephony.gsm.HwCustGsmServiceStateManagerImpl.setOnsDisplayCustomization:144 
12-27 09:29:18.910  2296  2296 E HwAodManager: getAodInfo due to null service!
12-27 09:29:18.917  1933  3659 I chatty  : uid=1000(system) Binder:1933_10 expire 8 lines
12-27 09:29:18.921  1933  2517 I chatty  : uid=1000(system) Binder:1933_7 expire 12 lines
12-27 09:29:18.921  1933  4755 I chatty  : uid=1000(system) Binder:1933_16 expire 12 lines
12-27 09:29:18.954  1933  2146 I chatty  : uid=1000(system) WifiP2pService expire 6 lines
12-27 09:29:18.987  1933  2160 I chatty  : uid=1000(system) ConnectivitySer expire 36 lines
12-27 09:29:18.989  1933  2157 I chatty  : uid=1000(system) ConnectivityThr expire 18 lines
12-27 09:29:19.005  1933  2649 I chatty  : uid=1000(system) Binder:1933_C expire 8 lines
12-27 09:29:19.009  1933 10801 I chatty  : uid=1000(system) Binder:1933_1D expire 14 lines
12-27 09:29:19.028  1933  1971 I chatty  : uid=1000(system) ActivityManager expire 1 line
12-27 09:29:19.029  1933  2670 I chatty  : uid=1000(system) MultiTaskManage expire 1 line
12-27 09:29:19.078 30613 30636 I ActivityThread: Init compatible state: true
12-27 09:29:19.080  2839  3128 I CommBoosterRequest: mModemId = 0slot id = 0
12-27 09:29:19.093  2839  3128 I SmartDualCardConfig: getAppType,pkgName=com.huawei.android.launcher,appType=28
12-27 09:29:19.093  2839  3128 E SmartDualCardConfig: isAppInBlackList false,items==null
12-27 09:29:19.093  2839  3128 I SmartDualCardConfig: isAppInWhiteList false,uid=10063
12-27 09:29:19.097  2839  3128 E BoosterGameP: inValidCQI:-1
12-27 09:29:19.102  1933  1949 I chatty  : uid=1000(system) Binder:1933_1 expire 6 lines
12-27 09:29:19.125  2839  3128 I DeepNoDisturbSM: setScreenState isScreenOn=true
12-27 09:29:19.126  2839  2839 I DeepNoDisturbSM: IdleState processMessage msg.what=EVENT_SCREEN_ON
12-27 09:29:19.129  2839  2839 I DeepNoDisturbSM: isWifiConnected = true
12-27 09:29:19.131  2839  3128 I HidataAppQoeP: other status.
12-27 09:29:19.133  2839  3128 I PreDnsQuery: No need to handled!
12-27 09:29:19.144  2839  2839 I DeepNoDisturbSM: isNetworkTypeSuitDeepNoDisturbMode networkType = 13
12-27 09:29:19.144  2839  2839 I DeepNoDisturbSM: isCorrectState=true mIsCallOn=false mGameStatus=0 defaultDataSubId=1 default4GSlotId=0 mIsDefaultDataOn=false mIsScreenOn=true deepNoDisturbModeProp=true isDeepNoDisturbSwitchOn=false isGameDndSwitchOn=true isNetworkTypeSuitDeepNoDisturbMode=true isAirplaneModeOn()=false
12-27 09:29:19.144  2839  2839 I DeepNoDisturbSM: isNeedEnterDeepNoDisturbMode false
12-27 09:29:19.157  2839  3128 I BoosterTelephonyCollector: handleDsdsStateChanged:dsds state= 0
12-27 09:29:19.258  2890  2890 W SettingsEx: SettingsEx.Systemex.getString deprecated use Settings.System.getString instead, callers = com.android.internal.telephony.gsm.HwCustGsmServiceStateManagerImpl.isMccForShowNetname:202 com.android.internal.telephony.gsm.HwCustGsmServiceStateManagerImpl.isShowNetnameByMcc:193 com.android.internal.telephony.gsm.HwCustGsmServiceStateManagerImpl.setOnsDisplayCustomization:144 
12-27 09:29:19.276  2890  3749 E Mapcon  : VoiceManager-0-Normal: [a]config is null!!!!!!!!!!
12-27 09:29:19.289  2890  2890 W SettingsEx: SettingsEx.Systemex.getString deprecated use Settings.System.getString instead, callers = com.android.internal.telephony.gsm.HwCustGsmServiceStateManagerImpl.isMccForShowNetname:202 com.android.internal.telephony.gsm.HwCustGsmServiceStateManagerImpl.isShowNetnameByMcc:193 com.android.internal.telephony.gsm.HwCustGsmServiceStateManagerImpl.setOnsDisplayCustomization:144 
12-27 09:29:19.297  2839  3128 I PreDnsQuery: setPreDnsCurrentProp is: false
12-27 09:29:19.385  1933  2189 I chatty  : uid=1000(system) biometricServci expire 1 line
12-27 09:29:19.409 30613 30613 I ActivityThread: finishPreloaded preloadStatus 0
12-27 09:29:19.793  1000  1082 I storaged: storaged_t::event: storage_info refreshed.
12-27 09:29:22.116  1933  2237 I chatty  : uid=1000(system) HwProximitySens expire 2 lines
12-27 09:29:22.674  1933  1959 I chatty  : uid=1000(system) monitor thread expire 7 lines
12-27 09:29:25.286  2890  3749 E Mapcon  : VoiceManager-0-Normal: [a]config is null!!!!!!!!!!
12-27 09:29:31.294  2890  3749 E Mapcon  : VoiceManager-0-Normal: [a]config is null!!!!!!!!!!
12-27 09:29:33.965  1933  2089 I chatty  : uid=1000(system) AlarmManager expire 1 line
12-27 09:29:33.967  1933  1933 I chatty  : uid=1000 system_server expire 25 lines
12-27 09:29:35.990  1933  5076 I chatty  : uid=1000(system) Binder:1933_17 expire 4 lines
12-27 09:29:37.299  2890  3749 E Mapcon  : VoiceManager-0-Normal: [a]config is null!!!!!!!!!!
12-27 09:29:42.768  1933  1982 I chatty  : uid=1000(system) PowerManagerSer expire 14 lines
12-27 09:29:45.387  2890  3749 E Mapcon  : VoiceManager-0-Normal: [a]config is null!!!!!!!!!!
12-27 09:29:45.410  2839  3128 I PreDnsQuery: setPreDnsCurrentProp is: true
12-27 09:29:45.440  1933  2065 I chatty  : uid=1000(system) UEventObserver expire 4 lines
12-27 09:29:46.648  2890  3749 E Mapcon  : VoiceManager-0-Normal: [a]config is null!!!!!!!!!!
12-27 09:29:47.293  2890  3749 E Mapcon  : VoiceManager-0-Normal: [a]config is null!!!!!!!!!!
12-27 09:29:51.140  1933  1933 I chatty  : uid=1000 system_server expire 10 lines
12-27 09:29:54.249  2890  2890 W SettingsEx: SettingsEx.Systemex.getString deprecated use Settings.System.getString instead, callers = com.android.internal.telephony.gsm.HwCustGsmServiceStateManagerImpl.isMccForShowNetname:202 com.android.internal.telephony.gsm.HwCustGsmServiceStateManagerImpl.isShowNetnameByMcc:193 com.android.internal.telephony.gsm.HwCustGsmServiceStateManagerImpl.setOnsDisplayCustomization:144 
12-27 09:29:58.185  2890  3749 E Mapcon  : VoiceManager-0-Normal: [a]config is null!!!!!!!!!!
12-27 09:29:59.649  2890  3749 E Mapcon  : VoiceManager-0-Normal: [a]config is null!!!!!!!!!!
12-27 09:30:00.112  2890  2890 W SettingsEx: SettingsEx.Systemex.getString deprecated use Settings.System.getString instead, callers = com.android.internal.telephony.gsm.HwCustGsmServiceStateManagerImpl.isMccForShowNetname:202 com.android.internal.telephony.gsm.HwCustGsmServiceStateManagerImpl.isShowNetnameByMcc:193 com.android.internal.telephony.gsm.HwCustGsmServiceStateManagerImpl.setOnsDisplayCustomization:144 
12-27 09:30:00.133  2839  2839 I BoosterTelephonyCollector: ServiceStateChanged newState=3,slotId=0
12-27 09:30:00.139  2839  3128 E BoosterGameP: inValidCQI:-1
12-27 09:30:00.143  1933 10801 I chatty  : uid=1000(system) Binder:1933_1D expire 3 lines
12-27 09:30:00.159  2839  3128 I DeepNoDisturbSM: setPsNetworkType type=1
12-27 09:30:00.159  2839  2839 I DeepNoDisturbSM: IdleState processMessage msg.what=EVENT_NETWORK_TYPE_CHANGE
12-27 09:30:00.164  2839  2839 I DeepNoDisturbSM: isWifiConnected = true
12-27 09:30:00.170  2839  3128 I HidataAppQoeP: other status.
12-27 09:30:00.174  2839  2839 I DeepNoDisturbSM: isNetworkTypeSuitDeepNoDisturbMode networkType = 3
12-27 09:30:00.174  2839  2839 I DeepNoDisturbSM: isCorrectState=true mIsCallOn=false mGameStatus=0 defaultDataSubId=1 default4GSlotId=0 mIsDefaultDataOn=false mIsScreenOn=true deepNoDisturbModeProp=true isDeepNoDisturbSwitchOn=false isGameDndSwitchOn=true isNetworkTypeSuitDeepNoDisturbMode=false isAirplaneModeOn()=false
12-27 09:30:00.174  2839  2839 I DeepNoDisturbSM: isNeedEnterDeepNoDisturbMode false
12-27 09:30:00.180  2890  2890 W SettingsEx: SettingsEx.Systemex.getString deprecated use Settings.System.getString instead, callers = com.android.internal.telephony.gsm.HwCustGsmServiceStateManagerImpl.isMccForShowNetname:202 com.android.internal.telephony.gsm.HwCustGsmServiceStateManagerImpl.isShowNetnameByMcc:193 com.android.internal.telephony.gsm.HwCustGsmServiceStateManagerImpl.setOnsDisplayCustomization:144 
12-27 09:30:00.182  2839  3128 I PreDnsQuery: setPreDnsCurrentProp is: false
12-27 09:30:00.192  2839  3128 I PreDnsQuery: No need to handled!
12-27 09:30:00.206  2890  3749 E Mapcon  : VoiceManager-0-Normal: [a]config is null!!!!!!!!!!
12-27 09:30:00.348  2890  3749 E Mapcon  : VoiceManager-0-Normal: [a]config is null!!!!!!!!!!
12-27 09:30:00.357  2839  6644 I BandStatsChr: BandStatsChr slotId 0
12-27 09:30:01.772  2839  2839 I BoosterTelephonyCollector: CallStateChanged 1 slotId:0
12-27 09:30:01.778  2839  3128 E BoosterGameP: inValidCQI:-1
12-27 09:30:01.786  2839  3128 I DeepNoDisturbSM: setCallState isCallOn=true
12-27 09:30:01.786  2839  2839 I DeepNoDisturbSM: IdleState processMessage msg.what=EVENT_VOICE_CALL_STARTED
12-27 09:30:01.786  2839  2839 I DeepNoDisturbSM: IdleState: default msg.what=3
12-27 09:30:01.789  2839  3128 I HidataAppQoeP: other status.
12-27 09:30:01.789  2839  3128 I PreDnsQuery: No need to handled!
12-27 09:30:01.868  2890  2890 I Telephony: : Enqueueing pre-init request TC@183_1: (SBC.oSC)->CS.crCo->H.CS.crCo@E-ocw
12-27 09:30:01.875  2890  2890 I Telephony: TelephonyConnectionService: createConnection, callManagerAccount: ComponentInfo{com.android.phone/com.android.services.telephony.TelephonyConnectionService}, ***, UserHandle{0}, callId: TC@183_1, request: ConnectionRequest xxxxxx, isIncoming: true, isUnknown: false, isLegacyHandover: false, isHandover: false: (SBC.oSC)->CS.crCo->H.CS.crCo->H.CS.crCo.pICR@E-ocw
12-27 09:30:01.892  2890  2890 I Telephony: TelephonyConnectionService: createConnection, connection: [TelephonyConnection objId:92161294 telecomCallID:TC@183_1 type:gsm state:RINGING capabilities:[Capabilities: CAPABILITY_SUPPORT_HOLD CAPABILITY_MUTE CAPABILITY_CANNOT_DOWNGRADE_VIDEO_TO_AUDIO CAPABILITY_SPEED_UP_MT_AUDIO] properties:[Properties:] address:xxxxxxxxxxxxxxxxxx originalConnection: callId: TC@183_1 isExternal: N incoming: true state: INCOMING post dial state: NOT_STARTED partOfConf:N confSupported:Y]: (SBC.oSC)->CS.crCo->H.CS.crCo->H.CS.crCo.pICR@E-ocw
12-27 09:30:01.892  2890  2890 I Telephony: TelephonyConnectionService: createConnection, calling handleCreateConnectionSuccessful TC@183_1: (SBC.oSC)->CS.crCo->H.CS.crCo->H.CS.crCo.pICR@E-ocw
12-27 09:30:01.892  2890  2890 I Telephony: TelephonyConnectionService: getAccountHandle, return account handle from local, ComponentInfo{com.android.phone/com.android.services.telephony.TelephonyConnectionService}, ***, UserHandle{0}: (SBC.oSC)->CS.crCo->H.CS.crCo->H.CS.crCo.pICR@E-ocw
12-27 09:30:01.893  2890  2890 I Telephony: : remote connection services found: []
12-27 09:30:01.904  1933 26296 I chatty  : uid=1000(system) AsyncTask #146 expire 1 line
12-27 09:30:01.914  1933  4755 I chatty  : uid=1000(system) Binder:1933_16 expire 20 lines
12-27 09:30:01.979  1933  1933 I chatty  : uid=1000 system_server expire 29 lines
12-27 09:30:01.981  2890  2890 I Telephony: TelephonyConnectionService: notifyCreateConnectionComplete TC@183_1: (...->CSW.hCCC)->CS.crCoC->H.CS.crCoC@E-E-E-ocw
12-27 09:30:01.985  1933 12227 I chatty  : uid=1000(system) pool-20-thread- expire 1 line
12-27 09:30:02.001  1933  1971 I chatty  : uid=1000(system) ActivityManager expire 5 lines
12-27 09:30:02.002  1933  2670 I chatty  : uid=1000(system) MultiTaskManage expire 5 lines
12-27 09:30:02.018  1933 18817 I chatty  : uid=1000(system) pool-18-thread- expire 1 line
12-27 09:30:02.032 31034 31058 I ActivityThread: Init compatible state: true
12-27 09:30:02.089 31051 31073 I ActivityThread: Init compatible state: false
12-27 09:30:02.154 31051 31051 I ActivityThread: finishPreloaded preloadStatus 0
12-27 09:30:02.357  1933  2517 I chatty  : uid=1000(system) Binder:1933_7 expire 7 lines
12-27 09:30:02.486 31112 31130 I ActivityThread: Init compatible state: true
12-27 09:30:02.759 31034 31034 I ActivityThread: finishPreloaded preloadStatus 0
12-27 09:30:02.790  1933  2160 I chatty  : uid=1000(system) ConnectivitySer expire 35 lines
12-27 09:30:02.978  2890  8144 I Telephony: : setActiveSubscription TC@183_1
12-27 09:30:02.978  2890  2890 I Telephony: TelephonyConnectionService: setActiveSubscription TC@183_1
12-27 09:30:02.997  1933  1970 I chatty  : uid=1000(system) ActivityManager expire 10 lines
12-27 09:30:03.011  1933 10801 I chatty  : uid=1000(system) Binder:1933_1D expire 12 lines
12-27 09:30:03.040 31281 31308 I ActivityThread: Init compatible state: false
12-27 09:30:03.081  1933  2978 I chatty  : uid=1000(system) uteStateMachine expire 4 lines
12-27 09:30:03.082  2890  2890 I Telephony: TelephonyConnectionService: onAudioStateChanged TC@183_1 [AudioState isMuted: false, route: EARPIECE, supportedRouteMask: EARPIECE, SPEAKER, activeBluetoothDevice: [], supportedBluetoothDevices: []]: (CSCR.aC->ICF.oCFC->CARSM.pM_UPDATE_SYSTEM_AUDIO_ROUTE)->CS.cASC->H.CS.cASC@E-oc4
12-27 09:30:03.090  2839  2839 W ContextImpl: Calling a method in the system process without a qualified user: android.app.ContextImpl.startService:1698 android.content.ContextWrapper.startService:669 android.content.ContextWrapper.startService:669 com.huawei.motionservice.relayadapter.MotionServiceReceiver.onReceive:163 android.app.ActivityThread.handleReceiver:4469 
12-27 09:30:03.107  2890  2890 I Telephony: TelephonyConnectionService: onAudioStateChanged TC@183_1 [AudioState isMuted: false, route: EARPIECE, supportedRouteMask: EARPIECE, SPEAKER, activeBluetoothDevice: [], supportedBluetoothDevices: []]: (CSCR.aC->ICF.oCFC->CAMSM.pM_2002->CARSM.pM_SWITCH_FOCUS)->CS.cASC->H.CS.cASC@E-oc4
12-27 09:30:03.119  2839  2839 W ContextImpl: Calling a method in the system process without a qualified user: android.app.ContextImpl.sendBroadcast:1183 android.content.ContextWrapper.sendBroadcast:453 com.huawei.motionservice.relayadapter.b.c:179 com.huawei.motionservice.relayadapter.c.c:2 com.huawei.motionservice.motionregister.b.c:25 
12-27 09:30:03.133 31112 31112 I ActivityThread: finishPreloaded preloadStatus 0
12-27 09:30:03.206  2839  2839 W ContextImpl: Calling a method in the system process without a qualified user: android.app.ContextImpl.sendBroadcast:1183 android.content.ContextWrapper.sendBroadcast:453 com.huawei.motionservice.relayadapter.b.c:179 com.huawei.motionservice.relayadapter.c.c:2 com.huawei.motionservice.motionregister.b.c:25 
12-27 09:30:03.310 31281 31281 I ActivityThread: finishPreloaded preloadStatus 0
12-27 09:30:03.364 31281 31361 E ActivityThread: Failed to find provider info for com.android.dialer.database.filterednumberprovider
12-27 09:30:03.395 31281 31361 E ActivityThread: Failed to find provider info for com.android.dialer.database.filterednumberprovider
12-27 09:30:03.518  1933  9396 I chatty  : uid=1000(system) Binder:1933_1B expire 6 lines
12-27 09:30:03.652  1933  3659 I chatty  : uid=1000(system) Binder:1933_10 expire 12 lines
12-27 09:30:03.663  1933  1964 I chatty  : uid=1000(system) HwActivityTaskM expire 2 lines
12-27 09:30:03.663  1933  2175 I chatty  : uid=1000(system) Thread-6 expire 5 lines
12-27 09:30:03.678 31379 31397 I ActivityThread: Init compatible state: false
12-27 09:30:03.681  2419  2615 I HwNetworkPolicyManager: getHwUidPolicy uid = 1001 policy = 0
12-27 09:30:03.806 31281 31281 W SettingsEx: SettingsEx.Systemex.getString deprecated use Settings.System.getString instead ;callers=com.android.incallui.CallCardPresenter.loadCustomDisplayNumbers:1916 com.android.incallui.CallCardPresenter.init:436 com.android.incallui.CallCardFragment.init:1079 
12-27 09:30:03.853  1933  5076 I chatty  : uid=1000(system) Binder:1933_17 expire 6 lines
12-27 09:30:03.878  1933  2087 I chatty  : uid=1000(system) Binder:1933_3 expire 8 lines
12-27 09:30:03.900  1933  2633 I chatty  : uid=1000(system) Binder:1933_A expire 3 lines
12-27 09:30:03.907  2839  3128 I HidataAppQoeP: foregroundUidAdd uid: 1001 name: android.uid.phone:1001 activity state: true
12-27 09:30:03.912  1933  1957 I chatty  : uid=1000(system) android.anim expire 15 lines
12-27 09:30:03.912  2839  3128 I SmartDualCardConfig: getAppType,pkgName=com.huawei.phone.recorder,appType=-1
12-27 09:30:03.912  2839  3128 E SmartDualCardConfig: isAppInBlackList false,items==null
12-27 09:30:03.912  2839  3128 I SmartDualCardConfig: isAppInWhiteList false,uid=1001
12-27 09:30:03.920  1933  2986 I chatty  : uid=1000(system) CallAudioModeSt expire 4 lines
12-27 09:30:03.920  1933  2439 I chatty  : uid=1000(system) Binder:1933_5 expire 7 lines
12-27 09:30:03.924  2296 24149 I HwCommandQueue: updateBarBgColor
12-27 09:30:03.925  1933  1954 I chatty  : uid=1000(system) android.ui expire 1 line
12-27 09:30:03.939  1933 31426 I chatty  : uid=1000 system_server expire 2 lines
12-27 09:30:03.940  1933 31427 I chatty  : uid=1000 system_server expire 6 lines
12-27 09:30:03.947  1933 31440 I chatty  : uid=1000 system_server expire 2 lines
12-27 09:30:04.220  1933  1956 I chatty  : uid=1000(system) android.display expire 2 lines
12-27 09:30:04.435  2839  3128 I SmartDualCardConfig: getAppType,pkgName=com.huawei.android.launcher,appType=28
12-27 09:30:04.435  2839  3128 E SmartDualCardConfig: isAppInBlackList false,items==null
12-27 09:30:04.435  2839  3128 I SmartDualCardConfig: isAppInWhiteList false,uid=10063
12-27 09:30:04.465  1933  2237 I chatty  : uid=1000(system) HwProximitySens expire 3 lines
12-27 09:30:04.514  1933  1982 I chatty  : uid=1000(system) PowerManagerSer expire 36 lines
12-27 09:30:04.676  1933  1959 I chatty  : uid=1000(system) monitor thread expire 1 line
12-27 09:30:05.823 31281 31281 W HwApsManager: HwApsManagerService, registerCallback, start !
12-27 09:30:05.844  1933  2992 I chatty  : uid=1000(system) ConnectionSvrFo expire 5 lines
12-27 09:30:05.852  2890  2890 I Telephony: TelephonyConnectionService: answer TC@183_1: (ICA.aC->CSFM.rF)->CS.an->H.CS.an@E-odw
12-27 09:30:05.861  2839  2839 W ContextImpl: Calling a method in the system process without a qualified user: android.app.ContextImpl.startService:1698 android.content.ContextWrapper.startService:669 android.content.ContextWrapper.startService:669 com.huawei.motionservice.relayadapter.MotionServiceReceiver.onReceive:163 android.app.ActivityThread.handleReceiver:4469 
12-27 09:30:05.973 31379 31523 W SystemConfig: No directory /product_services/etc/sysconfig, skipping
12-27 09:30:05.973 31379 31523 W SystemConfig: No directory /product_services/etc/permissions, skipping
12-27 09:30:05.975 31379 31523 W SystemConfig: No directory /system/emui/base/sysconfig, skipping
12-27 09:30:05.976 31379 31523 W SystemConfig: No directory /system/emui/oversea/sysconfig, skipping
12-27 09:30:05.977 31379 31523 W SystemConfig: No directory /vendor/etc/sysconfig, skipping
12-27 09:30:05.988 31379 31523 W SystemConfig: No directory /odm/etc/sysconfig, skipping
12-27 09:30:05.990 31379 31523 W SystemConfig: No directory /odm/etc/carrier/25099/sysconfig, skipping
12-27 09:30:05.990 31379 31523 W SystemConfig: No directory /odm/etc/carrier/25099/permissions, skipping
12-27 09:30:05.990 31379 31523 W SystemConfig: No directory /odm/hw_odm/YAL-L61/sysconfig, skipping
12-27 09:30:05.990 31379 31523 W SystemConfig: No directory /odm/hw_odm/YAL-L61/permissions, skipping
12-27 09:30:05.990 31379 31523 W SystemConfig: No directory /hw_product/etc/sysconfig, skipping
12-27 09:30:05.993 31379 31523 W SystemConfig: No directory /hw_product/etc/carrier/25099/sysconfig, skipping
12-27 09:30:05.993 31379 31523 W SystemConfig: No directory /hw_product/etc/carrier/25099/permissions, skipping
12-27 09:30:05.993 31379 31523 W SystemConfig: No directory /hw_product/region_comm/oversea/sysconfig, skipping
12-27 09:30:05.995 31379 31523 W SystemConfig: No directory /preas/oversea/sysconfig, skipping
12-27 09:30:06.003 31379 31523 W SystemConfig: No directory /hw_product/hw_oem/YAL-L61/sysconfig, skipping
12-27 09:30:06.003 31379 31523 W SystemConfig: No directory /hw_product/hw_oem/YAL-L61/permissions, skipping
12-27 09:30:06.003 31379 31523 W SystemConfig: No directory /preload/YAL-L61/hw/ru/sysconfig, skipping
12-27 09:30:06.004 31379 31523 W SystemConfig: No directory /cust/global/sysconfig, skipping
12-27 09:30:06.004 31379 31523 W SystemConfig: No directory /cust/global/permissions, skipping
12-27 09:30:06.004 31379 31523 W SystemConfig: No directory /cust/global/carrier/25099/sysconfig, skipping
12-27 09:30:06.004 31379 31523 W SystemConfig: No directory /cust/global/carrier/25099/permissions, skipping
12-27 09:30:06.004 31379 31523 W SystemConfig: No directory /cust/hw/ru/sysconfig, skipping
12-27 09:30:06.004 31379 31523 W SystemConfig: No directory /cust/hw/ru/permissions, skipping
12-27 09:30:06.005 31379 31523 W SystemConfig: No directory /cust/hw/ru/carrier/25099/sysconfig, skipping
12-27 09:30:06.005 31379 31523 W SystemConfig: No directory /cust/hw/ru/carrier/25099/permissions, skipping
12-27 09:30:06.005 31379 31523 W SystemConfig: No directory /hw_product/special_cust/YAL-L61/hw/ru/sysconfig, skipping
12-27 09:30:06.005 31379 31523 W SystemConfig: No directory /version/special_cust/YAL-L61/hw/ru/sysconfig, skipping
12-27 09:30:06.006 31379 31523 W SystemConfig: No directory /version/special_cust/YAL-L61/hw/ru/permissions, skipping
12-27 09:30:06.006 31379 31523 W SystemConfig: No directory /cust/cotalite/sysconfig, skipping
12-27 09:30:06.006 31379 31523 W SystemConfig: No directory /cust/cotalite/permissions, skipping
12-27 09:30:06.006 31379 31523 W SystemConfig: No directory /cust/ecota/sysconfig, skipping
12-27 09:30:06.006 31379 31523 W SystemConfig: No directory /cust/ecota/permissions, skipping
12-27 09:30:06.006 31379 31523 I HwCustSystemConfigImpl: start read overlay feature.
12-27 09:30:06.010 31379 31523 I HwCustSystemConfigImpl: overlay feature take effect.
12-27 09:30:06.214  2839  2839 I BoosterTelephonyCollector: CallStateChanged 2 slotId:0
12-27 09:30:06.229  2890  2890 I Telephony: : Adapter set state TC@183_1 ACTIVE
12-27 09:30:06.229  2890  2890 I Telephony: : capabilities: parcelableconnection: [Capabilities: CAPABILITY_HOLD CAPABILITY_SUPPORT_HOLD CAPABILITY_MUTE CAPABILITY_CANNOT_DOWNGRADE_VIDEO_TO_AUDIO CAPABILITY_SPEED_UP_MT_AUDIO]
12-27 09:30:06.598  1933  1982 I chatty  : uid=1000(system) PowerManagerSer expire 22 lines
12-27 09:30:06.598  1933  2242 I chatty  : uid=1000(system) PhotonicModulat expire 1 line
12-27 09:30:06.599  1933  1956 I chatty  : uid=1000(system) android.display expire 2 lines
12-27 09:30:06.599  1933  1933 I chatty  : uid=1000 system_server expire 11 lines
12-27 09:30:06.601  1933  1954 I chatty  : uid=1000(system) android.ui expire 6 lines
12-27 09:30:06.609  1933  1949 I chatty  : uid=1000(system) Binder:1933_1 expire 2 lines
12-27 09:30:06.609  1933  9396 I chatty  : uid=1000(system) Binder:1933_1B expire 4 lines
12-27 09:30:06.610  1933  1957 I chatty  : uid=1000(system) android.anim expire 4 lines
12-27 09:30:06.610  1933  2175 I chatty  : uid=1000(system) Thread-6 expire 4 lines
12-27 09:30:06.639  1933  2087 I chatty  : uid=1000(system) Binder:1933_3 expire 24 lines
12-27 09:30:06.836  1933  2128 I chatty  : uid=1000(system) StorageManagerS expire 2 lines
12-27 09:30:06.837  1933  5076 I chatty  : uid=1000(system) Binder:1933_17 expire 12 lines
12-27 09:30:06.841  1933  2146 I chatty  : uid=1000(system) WifiP2pService expire 6 lines
12-27 09:30:06.886  1933  4755 I chatty  : uid=1000(system) Binder:1933_16 expire 10 lines
12-27 09:30:06.888  1933  1967 I chatty  : uid=1000(system) android.bg expire 1 line
12-27 09:30:06.895  2839  3128 I CommBoosterRequest: mModemId = 0slot id = 0
12-27 09:30:06.908  2839  3128 E BoosterGameP: inValidCQI:-1
12-27 09:30:06.915  2839  3128 I DeepNoDisturbSM: setScreenState isScreenOn=false
12-27 09:30:06.916  2839  2839 I DeepNoDisturbSM: IdleState processMessage msg.what=EVENT_SCREEN_OFF
12-27 09:30:06.916  2839  2839 I DeepNoDisturbSM: IdleState: default msg.what=11
12-27 09:30:06.927  2839  3128 I HidataAppQoeP: other status.
12-27 09:30:06.929  2839  3128 I PreDnsQuery: No need to handled!
12-27 09:30:07.028  1933  1971 I chatty  : uid=1000(system) ActivityManager expire 4 lines
12-27 09:30:07.030  1933  2670 I chatty  : uid=1000(system) MultiTaskManage expire 4 lines
12-27 09:30:07.063 31617 31638 I ActivityThread: Init compatible state: false
12-27 09:30:07.078  6485  7066 E ActivityThread: Failed to find provider info for com.huawei.pengine.UserProfileProvider
12-27 09:30:07.079  8563 11097 E ActivityThread: Failed to find provider info for com.huawei.ca
12-27 09:30:07.085  6485  7066 E ActivityThread: Failed to find provider info for com.huawei.pengine.UserProfileProvider
12-27 09:30:07.122 31641 31662 I ActivityThread: Init compatible state: false
12-27 09:30:07.469 31641 31641 I ActivityThread: finishPreloaded preloadStatus 0
12-27 09:30:07.612 31722 31741 E ActivityThread: getApplicationInfo metadata error
12-27 09:30:07.612 31722 31741 I ActivityThread: Init compatible state: false
12-27 09:30:07.662 31641 31677 W DE J ImageProcessorAlgoImpl: [effect] initAlgoXmlPath() error! can't find xml
12-27 09:30:07.672 31722 31722 I ActivityThread: finishPreloaded preloadStatus 0
12-27 09:30:07.860  1933  2160 I chatty  : uid=1000(system) ConnectivitySer expire 68 lines
12-27 09:30:07.933 31617 31617 I ActivityThread: finishPreloaded preloadStatus 0
12-27 09:30:08.095 31823 31841 I ActivityThread: Init compatible state: false
12-27 09:30:08.120 31823 31823 I ActivityThread: finishPreloaded preloadStatus 0
12-27 09:30:10.676  1933  1959 I chatty  : uid=1000(system) monitor thread expire 3 lines
12-27 09:30:12.945  2757  5041 W ContextImpl: Calling a method in the system process without a qualified user: android.app.ContextImpl.bindService:1777 android.content.ContextWrapper.bindService:705 com.huawei.nb.searchmanager.service.f.g:206 com.huawei.nb.searchmanager.service.f.b:1017 com.huawei.nb.searchmanager.service.i.b:672 
12-27 09:30:15.820  2757  5041 W ContextImpl: Calling a method in the system process without a qualified user: android.app.ContextImpl.bindService:1777 android.content.ContextWrapper.bindService:705 com.huawei.nb.searchmanager.service.f.g:206 com.huawei.nb.searchmanager.service.f.b:1017 com.huawei.nb.searchmanager.service.i.b:672 
12-27 09:30:16.034  1933  2633 I chatty  : uid=1000(system) Binder:1933_A expire 8 lines
12-27 09:30:16.201  1933  2065 I chatty  : uid=1000(system) UEventObserver expire 5 lines
12-27 09:30:19.294  2757  5041 W ContextImpl: Calling a method in the system process without a qualified user: android.app.ContextImpl.bindService:1777 android.content.ContextWrapper.bindService:705 com.huawei.nb.searchmanager.service.f.g:206 com.huawei.nb.searchmanager.service.f.b:1017 com.huawei.nb.searchmanager.service.i.b:672 
12-27 09:30:19.434  1933  2087 I chatty  : uid=1000(system) Binder:1933_3 expire 8 lines
12-27 09:30:19.798  1000  1082 I storaged: storaged_t::event: storage_info refreshed.
12-27 09:30:20.415  1933  1933 I chatty  : uid=1000 system_server expire 11 lines
12-27 09:30:22.279  2757  5041 W ContextImpl: Calling a method in the system process without a qualified user: android.app.ContextImpl.bindService:1777 android.content.ContextWrapper.bindService:705 com.huawei.nb.searchmanager.service.f.g:206 com.huawei.nb.searchmanager.service.f.b:1017 com.huawei.nb.searchmanager.service.i.b:672 
12-27 09:30:24.930  2757  5041 W ContextImpl: Calling a method in the system process without a qualified user: android.app.ContextImpl.bindService:1777 android.content.ContextWrapper.bindService:705 com.huawei.nb.searchmanager.service.f.g:206 com.huawei.nb.searchmanager.service.f.b:1017 com.huawei.nb.searchmanager.service.i.b:672 
12-27 09:30:26.215  1933  5076 I chatty  : uid=1000(system) Binder:1933_17 expire 5 lines
12-27 09:30:26.227  1933  2439 I chatty  : uid=1000(system) Binder:1933_5 expire 1 line
12-27 09:30:26.252  1933  2160 I chatty  : uid=1000(system) ConnectivitySer expire 1 line
12-27 09:30:26.253  1933  2157 I chatty  : uid=1000(system) ConnectivityThr expire 18 lines
12-27 09:30:26.267  1933 10801 I chatty  : uid=1000(system) Binder:1933_1D expire 1 line
12-27 09:30:26.317  2839  3128 I BoosterTelephonyCollector: handleDsdsStateChanged:dsds state= 0
12-27 09:30:26.321  2839  3128 I CommBoosterRequest: mModemId = 0slot id = 0
12-27 09:30:26.331  2839  3128 I SmartDualCardConfig: getAppType,pkgName=com.huawei.phone.recorder,appType=-1
12-27 09:30:26.331  2839  3128 E SmartDualCardConfig: isAppInBlackList false,items==null
12-27 09:30:26.331  2839  3128 I SmartDualCardConfig: isAppInWhiteList false,uid=1001
12-27 09:30:26.333  2839  3128 E BoosterGameP: inValidCQI:-1
12-27 09:30:26.344  2890  2890 W SettingsEx: SettingsEx.Systemex.getString deprecated use Settings.System.getString instead, callers = com.android.internal.telephony.gsm.HwCustGsmServiceStateManagerImpl.isMccForShowNetname:202 com.android.internal.telephony.gsm.HwCustGsmServiceStateManagerImpl.isShowNetnameByMcc:193 com.android.internal.telephony.gsm.HwCustGsmServiceStateManagerImpl.setOnsDisplayCustomization:144 
12-27 09:30:26.345  2839  3128 I DeepNoDisturbSM: setScreenState isScreenOn=true
12-27 09:30:26.348  2839  2839 I DeepNoDisturbSM: IdleState processMessage msg.what=EVENT_SCREEN_ON
12-27 09:30:26.351  2839  2839 I DeepNoDisturbSM: isWifiConnected = true
12-27 09:30:26.351  2839  3128 I HidataAppQoeP: other status.
12-27 09:30:26.353  2839  3128 I PreDnsQuery: No need to handled!
12-27 09:30:26.354  1933  1982 I chatty  : uid=1000(system) PowerManagerSer expire 58 lines
12-27 09:30:26.356  1933  2242 I chatty  : uid=1000(system) PhotonicModulat expire 2 lines
12-27 09:30:26.357  2839  2839 I DeepNoDisturbSM: isNetworkTypeSuitDeepNoDisturbMode networkType = 3
12-27 09:30:26.357  2839  2839 I DeepNoDisturbSM: isCorrectState=true mIsCallOn=true mGameStatus=0 defaultDataSubId=1 default4GSlotId=0 mIsDefaultDataOn=false mIsScreenOn=true deepNoDisturbModeProp=true isDeepNoDisturbSwitchOn=false isGameDndSwitchOn=true isNetworkTypeSuitDeepNoDisturbMode=false isAirplaneModeOn()=false
12-27 09:30:26.357  2839  2839 I DeepNoDisturbSM: isNeedEnterDeepNoDisturbMode false
12-27 09:30:26.368  1933 10801 I chatty  : uid=1000(system) Binder:1933_1D expire 16 lines
12-27 09:30:26.372  1933  9396 I chatty  : uid=1000(system) Binder:1933_1B expire 13 lines
12-27 09:30:26.397  1933  2633 I chatty  : uid=1000(system) Binder:1933_A expire 7 lines
12-27 09:30:26.403  2839  3128 I BoosterTelephonyCollector: handleDsdsStateChanged:dsds state= 0
12-27 09:30:26.427  1933  5076 I chatty  : uid=1000(system) Binder:1933_17 expire 2 lines
12-27 09:30:26.430  1933  2439 I chatty  : uid=1000(system) Binder:1933_5 expire 19 lines
12-27 09:30:26.490  2890  3749 E Mapcon  : VoiceManager-0-Normal: [a]config is null!!!!!!!!!!
12-27 09:30:26.497  2839  3128 I PreDnsQuery: No need to handled!
12-27 09:30:26.501  2890  2890 W SettingsEx: SettingsEx.Systemex.getString deprecated use Settings.System.getString instead, callers = com.android.internal.telephony.gsm.HwCustGsmServiceStateManagerImpl.isMccForShowNetname:202 com.android.internal.telephony.gsm.HwCustGsmServiceStateManagerImpl.isShowNetnameByMcc:193 com.android.internal.telephony.gsm.HwCustGsmServiceStateManagerImpl.setOnsDisplayCustomization:144 
12-27 09:30:26.654  1933  2175 I chatty  : uid=1000(system) Thread-6 expire 8 lines
12-27 09:30:26.657  1933  1964 I chatty  : uid=1000(system) HwActivityTaskM expire 5 lines
12-27 09:30:26.679  1933  2093 I chatty  : uid=1000(system) sManagerService expire 1 line
12-27 09:30:26.722  2890  2890 I Telephony: TelephonyConnectionService: disconnect TC@183_1: (ICA.dC)->CS.d->H.CS.d@E-oe0
12-27 09:30:26.726  1933  2649 I chatty  : uid=1000(system) Binder:1933_C expire 8 lines
12-27 09:30:26.746  2696  2696 I ActivityThread: Handle window ActivityRecord{e3964b0 token=android.os.BinderProxy@d1ce76f {com.huawei.android.launcher/com.huawei.android.launcher.drawer.DrawerLauncher}} visibility: true
12-27 09:30:26.773  1933  2087 I chatty  : uid=1000(system) Binder:1933_3 expire 41 lines
12-27 09:30:26.779  1933  1957 I chatty  : uid=1000(system) android.anim expire 18 lines
12-27 09:30:26.779  2839  3128 I HidataAppQoeP: foregroundUidRemove uid: 1001 name: android.uid.phone:1001
12-27 09:30:26.782  2839  3128 I SmartDualCardConfig: getAppType,pkgName=com.huawei.phone.recorder,appType=-1
12-27 09:30:26.782  2839  3128 E SmartDualCardConfig: isAppInBlackList false,items==null
12-27 09:30:26.782  2839  3128 I SmartDualCardConfig: isAppInWhiteList false,uid=1001
12-27 09:30:26.809  1933  1956 I chatty  : uid=1000(system) android.display expire 9 lines
12-27 09:30:26.812  2296 12191 I HwCommandQueue: updateBarBgColor
12-27 09:30:26.812  1933  1954 I chatty  : uid=1000(system) android.ui expire 5 lines
12-27 09:30:26.822  2839  3128 I SmartDualCardConfig: getAppType,pkgName=com.huawei.android.launcher,appType=28
12-27 09:30:26.822  2839  3128 E SmartDualCardConfig: isAppInBlackList false,items==null
12-27 09:30:26.822  2839  3128 I SmartDualCardConfig: isAppInWhiteList false,uid=10063
12-27 09:30:26.826  2419  2484 I HwNetworkPolicyManager: getHwUidPolicy uid = 10063 policy = 0
12-27 09:30:26.978  2839  2839 I BoosterTelephonyCollector: CallStateChanged 0 slotId:0
12-27 09:30:26.979  2839  3128 E BoosterGameP: inValidCQI:-1
12-27 09:30:26.990  2839  3128 I DeepNoDisturbSM: setCallState isCallOn=false
12-27 09:30:26.990  2839  2839 I DeepNoDisturbSM: IdleState processMessage msg.what=EVENT_VOICE_CALL_ENDED
12-27 09:30:26.991  2890  2890 I Telephony: : Adapter set state TC@183_1 DISCONNECTED
12-27 09:30:26.991  2890  2890 I Telephony: : Adapter set disconnected DisconnectCause [ Code: (LOCAL) Label: () Description: () Reason: (LOCAL) Tone: (27) ]
12-27 09:30:26.993  2839  2839 I DeepNoDisturbSM: isWifiConnected = true
12-27 09:30:26.994  2839  3128 I HidataAppQoeP: other status.
12-27 09:30:26.995  2839  3128 I PreDnsQuery: No need to handled!
12-27 09:30:26.996  2839  2839 I DeepNoDisturbSM: isNetworkTypeSuitDeepNoDisturbMode networkType = 3
12-27 09:30:26.996  2839  2839 I DeepNoDisturbSM: isCorrectState=true mIsCallOn=false mGameStatus=0 defaultDataSubId=1 default4GSlotId=0 mIsDefaultDataOn=false mIsScreenOn=true deepNoDisturbModeProp=true isDeepNoDisturbSwitchOn=false isGameDndSwitchOn=true isNetworkTypeSuitDeepNoDisturbMode=false isAirplaneModeOn()=false
12-27 09:30:26.996  2839  2839 I DeepNoDisturbSM: isNeedEnterDeepNoDisturbMode false
12-27 09:30:26.997 31281 31281 I ViewRootImpl: dispatchDetachedFromWindow in doDie
12-27 09:30:27.013  1933  1970 I chatty  : uid=1000(system) ActivityManager expire 7 lines
12-27 09:30:27.020  1933  4755 I chatty  : uid=1000(system) Binder:1933_16 expire 2 lines
12-27 09:30:27.082  1933  2986 I chatty  : uid=1000(system) CallAudioModeSt expire 2 lines
12-27 09:30:27.156  1933  2292 I chatty  : uid=1000(system) SyncManager expire 3 lines
12-27 09:30:27.250  1933  2120 I chatty  : uid=1000(system) InputReader expire 5 lines
12-27 09:30:27.320  1933  1933 I chatty  : uid=1000 system_server expire 11 lines
12-27 09:30:27.421  1933  2189 I chatty  : uid=1000(system) biometricServci expire 1 line
12-27 09:30:27.474  1933  2978 I chatty  : uid=1000(system) uteStateMachine expire 3 lines
12-27 09:30:27.477  1933  2230 I chatty  : uid=1000(system) HwBinder:1933_3 expire 1 line
12-27 09:30:27.478  2296  2296 W FingerprintManager: Invalid acquired message: 6, 1001
12-27 09:30:27.629  1933  2237 I chatty  : uid=1000(system) HwProximitySens expire 1 line
12-27 09:30:27.639  2839  3128 I SmartDualCardConfig: getAppType,pkgName=com.huawei.android.launcher,appType=28
12-27 09:30:27.639  2839  3128 E SmartDualCardConfig: isAppInBlackList false,items==null
12-27 09:30:27.639  2839  3128 I SmartDualCardConfig: isAppInWhiteList false,uid=10063
12-27 09:30:27.880  2757  2775 W ContextImpl: Calling a method in the system process without a qualified user: android.app.ContextImpl.bindService:1777 android.content.ContextWrapper.bindService:705 com.huawei.nb.searchmanager.service.f.g:206 com.huawei.nb.searchmanager.service.f.b:1017 com.huawei.nb.searchmanager.service.i.b:672 
